

































Router con0 is now available





Press RETURN to get started.


Router>en
Router#conf t
Enter configuration commands, one per line.  End with CNTL/Z.
Router(config)#no ip domain-lookup
Router(config)#hostname R1
R1(config)#service password-encryption
R1(config)#enable secret class
R1(config)#banner motd #
Enter TEXT message.  End with the character '#'.
Unauthorized access is strictly prohibited. #
R1(config)#line con 0
R1(config-line)#password cisco
R1(config-line)#login
R1(config-line)#logging synchronous
R1(config-line)#line vty 0 4
R1(config-line)#password cisco
R1(config-line)#login
R1(config-line)#int g0/1
R1(config-if)#ip add 192.168.1.10 255.255.255.0
R1(config-if)#no shut
R1(config-if)#int Lo0
R1(config-if)#ip add 209.165.200.255 255.255.255.224
Bad mask /27 for address 209.165.200.255
R1(config-if)#no shut
R1(config-if)#exit
May  7 23:52:02.863: %LINEPROTO-5-UPDOWN: Line protocol on Interface Loopback0, changed state to up
R1(config-if)#exit
May  7 23:52:03.819: %LINK-3-UPDOWN: Interface GigabitEthernet0/1, changed state to down
R1(config-if)#exit
May  7 23:52:06.763: %LINK-3-UPDOWN: Interface GigabitEthernet0/1, changed state to up
May  7 23:52:07.763: %LINEPROTO-5-UPDOWN: Line protocol on Interface GigabitEthernet0/1, changed state to up
R1(config-if)#exit
R1(config)#exit
R1#
May  7 23:52:38.611: %SYS-5-CONFIG_I: Configured from console by console
R1#copy running-config startup
Destination filename [startup-config]?
Building configuration...
[OK]
R1#


         --- System Configuration Dialog ---

Enable secret warning
----------------------------------
In order to access the device manager, an enable secret is required
If you enter the initial configuration dialog, you will be prompted for the enable secret
If you choose not to enter the intial configuration dialog, or if you exit setup without setting the enable secret,
please set an enable secret using the following CLI in configuration mode-
enable secret 0 <cleartext password>
----------------------------------
Would you like to enter the initial configuration dialog? [yes/no]: no
Switch>en
Switch#
*Mar  1 00:12:40.133: %LINK-5-CHANGED: Interface Vlan1, changed state to administratively down
*Mar  1 00:12:40.142: %LINEPROTO-5-UPDOWN: Line protocol on Interface Vlan1, changed state to down
Switch#delete vlan.dat
Delete filename [vlan.dat]? yes
Delete flash:yes? [confirm]
%Error deleting flash:yes (No such file or directory)
Switch#delete vlan.dat
Delete filename [vlan.dat]?
Delete flash:vlan.dat? [confirm]
%Error deleting flash:vlan.dat (No such file or directory)
Switch#conf t
Enter configuration commands, one per line.  End with CNTL/Z.
Switch(config)#no ip domain-lookup
Switch(config)#hostname S1
S1(config)#service password-encryption
S1(config)#enable secret class
S1(config)#banner motd #
Enter TEXT message.  End with the character '#'
Unauthorized access is strictly prohibited. #
S1(config)#line con 0
S1(config-line)#password cisco
S1(config-line)#login
S1(config-line)#logging synchronous
S1(config-line)#line vty 0 15
S1(config-line)#password cisco
S1(config-line)#login
S1(config-line)#int vlan 1
S1(config-if)#ip add 192.168.1.1 255.255.255.0
S1(config-if)#no shut
S1(config-if)#int vlan 2
S1(config-if)#ip add 192.168.2.1 255.255.255.0
S1(config-if)#no shut
S1(config-if)#int f0/1
S1(config-if)#no shut
S1(config-if)#int f0/5
S1(config-if)#no shut
S1(config-if)#int f0/6
S1(config-if)#no shut
S1(config-if)#exit
*Mar  1 00:13:53.156: %LINEPROTO-5-UPDOWN: Line protocol on Interface Vlan2, changed state to down
S1(config-if)#exit
*Mar  1 00:13:55.136: %LINK-3-UPDOWN: Interface Vlan1, changed state to up
S1(config-if)#exit
*Mar  1 00:13:55.144: %LINEPROTO-5-UPDOWN: Line protocol on Interface Vlan1, changed state to up
S1(config-if)#exit
S1(config)#end
S1#
*Mar  1 00:14:19.052: %SYS-5-CONFIG_I: Configured from console by console
S1#copy show run
Destination filename [running-config]?
%Error opening flash:show (No such file or directory)
S1#copy run start
Destination filename [startup-config]?
Building configuration...
[OK]
0 bytes copied in 3.565 secs (0 bytes/sec)
S1#


         --- System Configuration Dialog ---

Enable secret warning
----------------------------------
In order to access the device manager, an enable secret is required
If you enter the initial configuration dialog, you will be prompted for the enable secret
If you choose not to enter the intial configuration dialog, or if you exit setup without setting the enable secret,
please set an enable secret using the following CLI in configuration mode-
enable secret 0 <cleartext password>
----------------------------------
Would you like to enter the initial configuration dialog? [yes/no]: no
Switch>en
Switch#
*Mar  1 00:15:33.073: %LINK-5-CHANGED: Interface Vlan1, changed state to administratively down
*Mar  1 00:15:33.081: %LINEPROTO-5-UPDOWN: Line protocol on Interface Vlan1, changed state to downconf t
Enter configuration commands, one per line.  End with CNTL/Z.
Switch(config)#no ip domain-lookup
Switch(config)#hostname S2
S2(config)#service password-encryption
S2(config)#enable secret class
S2(config)#banner motd #
Enter TEXT message.  End with the character '#'
Unauthorized access is strictly prohibited. #
S2(config)#line con 0
S2(config-line)#password cisco
S2(config-line)#login
S2(config-line)#logging synchronous
S2(config-line)#line vty 0 15
S2(config-line)#password cisco
S2(config-line)#login
S2(config-line)#int f0/1
S2(config-if)#no shut
S2(config-if)#int f0/18
S2(config-if)#no shut
S2(config-if)#end
S2#
*Mar  1 00:15:43.902: %SYS-5-CONFIG_I: Configured from console by console
S2#copy run start
Destination filename [startup-config]?
Building configuration...
[OK]
0 bytes copied in 3.985 secs (0 bytes/sec)
S2#
S1#show sdm prefer
 The current template is "default" template.
 The selected template optimizes the resources in
 the switch to support this level of features for
 0 routed interfaces and 255 VLANs.

  number of unicast mac addresses:                  8K
  number of IPv4 IGMP groups:                       0.25K
  number of IPv4/MAC qos aces:                      0.125k
  number of IPv4/MAC security aces:                 0.375k

S1#conf t
Enter configuration commands, one per line.  End with CNTL/Z.
S1(config)#sdm prefer lanbase-routing
Changes to the running SDM preferences have been stored, but cannot take effect
until the next reload.
Use 'show sdm prefer' to see what SDM preference is currently active.
S1(config)#end
S1#
*Mar  1 00:17:07.428: %SYS-5-CONFIG_I: Configured from console by console
S1#copy run start
Destination filename [startup-config]?
Building configuration...
[OK]
0 bytes copied in 0.881 secs (0 bytes/sec)
S1#reload
Proceed with reload? [confirm]

*Mar  1 00:17:23.853: %SYS-5-RELOAD: Reload requested by console. Reload reason: Reload command
Boot Sector Filesystem (bs) installed, fsid: 2
Base ethernet MAC Address: c4:14:3c:5a:82:00
Xmodem file system is available.
The password-recovery mechanism is enabled.
Initializing Flash...
flashfs[0]: 542 files, 20 directories
flashfs[0]: 0 orphaned files, 0 orphaned directories
flashfs[0]: Total bytes: 32514048
flashfs[0]: Bytes used: 13518848
flashfs[0]: Bytes available: 18995200
flashfs[0]: flashfs fsck took 11 seconds.
...done Initializing Flash.
done.
Loading "flash:/c2960-lanbasek9-mz.122-55.SE7/c2960-lanbasek9-mz.122-55.SE7.bin"...@@@@@@@@@@@@@@@@@@@@@@@@@@@@@@@@@@@@@@@@@@@@@@@@@@@@@@@@@@@@@@@@@@@@@@@@@@@@@@@@@@@@@@@@@@@@@@@@@@@@@@@@@@@@@@@@@@@@@@@@@@@@@@@@@@@@@@@@@@@@@@@@@@@@@@@@@@@@@@@@@@@@@@@@@@@@@@@@@@@@@@@@@@@@@@@@@@@@@@@@@@@@@@@@@@@@@@@@@@@@@@@@@@@@@@@@@@@@@@@@@@@@@@@@@@@@@@@@@@@@@@@@@@@@@@@@@@@@@@@@@@@@@@@@@@@@@@@@@@@@@@@@@@@@@@@@@@@@@@@@@@@@@@@@@@@@@@@@@@@@@@@@@@@@@@@@@@@@@@@@@@@@@@@@@@@@@@@@@@@@@@@@@@@@@@@@@@@@@@@@@@@@@@@@@@@@@@@@@@@@@@@@@@@@@@@@@@@@@@@@@@@@@@@@@@@@@@@@@@@@@@@@@@@@@@@@@@@@@@@@@@@@@@@@@@@@@@@@@@@@@@@@@@@@@@@@@@@@@@@@@@@@@@@@@@@@@@@@@@@@@@@@@@@@@@@@@@@@@@@@@@@@@@@@@@@@@@@@@@@@@@@@@@@@@@@@@@@@@@@@@@@@@@@@@@@@@@@@@@@@@@@@@@@@@@@@@@@@@@@@@@@@@@@@@@@@@@@@@@@@@@@@@@@@@@@@@@@@@@@@@@@@@@@@@@@@@@@@@@@@@@@@@@@@@@@@@@@@@@@@@@@@@@@@@@@@@@@@@@@@@@@@@@@@@@@@@@@@@@@@@@@@@@@@@@@@@@@@@@@@@@@@@@@@@@@@@@@@@@@@@@@@@@@@@@@@@@@@@@@@@@@@@@@@@@@@@@@@@@@@@@@@@@@@@@@@@@@@@@@@@@@@@@@@@@@@@@@@@@@@@@@@@@@@@@@@@@@@@@@@@@@@@@@@@@@@@@@@@@@@@@@@@@@@@@@@@@@@@@@@@@@@@@@@@@@@@@@@@@@@@@@@@@@@@@@@@@@@@@@@@@@@@@@@@@@@@@@@@@@@@@@@@@@@@@@@@@@@@@@@@@@@@@@@@@@@@@@@@@@@@@@@@@@@@@@@@@@@@@@@@@@@@@@@@@@@@@@@@@@@@@@@@@@@@@@@@@@@@@@@@@@@@@@@@@@@@@@@@@@@@@@@@@@@@@@@@@@@@@@@@@@@@@@@@@@@@@@@@@@@@@@@@@@@@@@@@@@@@@@@@@@@@@@@@@@@@@@@@@@@@@@@@@@@@@@@@@@@@@@@@@@@@@@@@@@@@@@@@@@@@@@@@@@@@@@@@@@@@@@@@@@@@@@@@@@@@@@@@@@@@@@@@@@@@@@@@@@@@@@@@@@@@@@@@@@@@@@@@@@@@@@@@@@@@@@@@@@@@@@@@@@@@@@@@@@@@@@@@@@@@@@@@@@@@@@@@@@@@@@@@@@@@@@@@@@@@@@@@@@@@@@@@@@@@@@@@@@@@@@@@@@@@@@@@@@@@@@@@@@@@@@@@@@@@@@@@@@@@@@@@@@@@@@@@@@@@@@@@@@@@@@@@@@@@@@@@@@@@@@@@@@@@@@@@@@@@@@@@@@@@@@@@@@@@@@@@@@@@@@@@@@@@@@@@@@@@@@@@@@@@@@@@@@@@@@@@@@@@@@@@@@@@@@@@@@@@@@@@@@@@@@@@@@@@@@@@@@@@@@@@@@@@@@@@@@@@@@@@@@@@@@@@@@@@@@@@@@@@@@@@@@@@@@@@@@@@@@@@@@@@@@@@@@@@@@@@@@@@@@@@@@@@@@@@@@@@@@@@@@@@@@@@@@@@@@@@@@@@@@@@@@@@@@@@@@@@@@@@@@@@@@@@@@@@@@@@@@@@@@@@@@@@@@@@@@@@@@@@@@@@@@@@@@@@@@@@@@@@@@@@@@@@@@@@@@@@@@@@@@@@@@@@@@@@@@@@@@@@@@@@@@@@@@@@@@@@@@@@@@@@@@@@@@@@@@@@@@@@@@@@@@@@@@@@@@@@@@@@@@@@@@@@@@@@@@@@@@@@@@@@@@@@@@@@@@@@@@@@@@@@@@@@@@@@@@@@@@@@@@@@@@@@@@@@@@@@@@@@@@@@@@@@@@@@@@@@@@@@@@@@@@@@@@@@@@@@@@@@@@@@@@@@@@@@@@@@@@@@@@@@@@@@@@@@@@@@@@@@@@@@@@@@@@@@@@@@@@@@@@@@@@@@@@@@@@@@@@@@@@@@@@@@@@@@@@@@@@@@@@@@@@@@@@@@@@@@@@@@@@@@@@@@@@@@@@@@@@@@@@@@@@@@@@@@@@@@@@@@@@@@@@@@@@@@@@@@@@@@@@@@@@@@@@@@@@@@@@@@@@@@@@@@@@@@@@@@@@@@@@@@@@@@@@@@@@@@@@@@@@@@@@@@@@@@@@@@@@@@@@@@@@@@@@@@@@@@@@@@@@@@@@@@@@@@@@@@@@@@@@@@@@@@@@@@@@@@@@@@@@@@@@@@@@@@@@@@@@@@@@@@@@@@@@@@@@@@@@@@
File "flash:/c2960-lanbasek9-mz.122-55.SE7/c2960-lanbasek9-mz.122-55.SE7.bin" uncompressed and installed, entry point: 0x3000
executing...

              Restricted Rights Legend

Use, duplication, or disclosure by the Government is
subject to restrictions as set forth in subparagraph
(c) of the Commercial Computer Software - Restricted
Rights clause at FAR sec. 52.227-19 and subparagraph
(c) (1) (ii) of the Rights in Technical Data and Computer
Software clause at DFARS sec. 252.227-7013.

           cisco Systems, Inc.
           170 West Tasman Drive
           San Jose, California 95134-1706



Cisco IOS Software, C2960 Software (C2960-LANBASEK9-M), Version 12.2(55)SE7, RELEASE SOFTWARE (fc1)
Technical Support: http://www.cisco.com/techsupport
Copyright (c) 1986-2013 by Cisco Systems, Inc.
Compiled Mon 28-Jan-13 10:22 by prod_rel_team
Image text-base: 0x00003000, data-base: 0x01900000

Initializing flashfs...

fsck: Disable shadow buffering due to heap fragmentation.
flashfs[1]: 542 files, 20 directories
flashfs[1]: 0 orphaned files, 0 orphaned directories
flashfs[1]: Total bytes: 32514048
flashfs[1]: Bytes used: 13518848
flashfs[1]: Bytes available: 18995200
flashfs[1]: flashfs fsck took 2 seconds.
flashfs[1]: Initialization complete....done Initializing flashfs.

Checking for Bootloader upgrade.. not needed
POST: CPU MIC register Tests : Begin
POST: CPU MIC register Tests : End, Status Passed

POST: PortASIC Memory Tests : Begin
POST: PortASIC Memory Tests : End, Status Passed

POST: CPU MIC interface Loopback Tests : Begin
POST: CPU MIC interface Loopback Tests : End, Status Passed

POST: PortASIC RingLoopback Tests : Begin
POST: PortASIC RingLoopback Tests : End, Status Passed

POST: PortASIC CAM Subsystem Tests : Begin
POST: PortASIC CAM Subsystem Tests : End, Status Passed

POST: PortASIC Port Loopback Tests : Begin
POST: PortASIC Port Loopback Tests : End, Status Passed

Waiting for Port download...Complete


This product contains cryptographic features and is subject to United
States and local country laws governing import, export, transfer and
use. Delivery of Cisco cryptographic products does not imply
third-party authority to import, export, distribute or use encryption.
Importers, exporters, distributors and users are responsible for
compliance with U.S. and local country laws. By using this product you
agree to comply with applicable laws and regulations. If you are unable
to comply with U.S. and local laws, return this product immediately.

A summary of U.S. laws governing Cisco cryptographic products may be found at:
http://www.cisco.com/wwl/export/crypto/tool/stqrg.html

If you require further assistance please contact us by sending email to
export@cisco.com.

cisco WS-C2960-24TT-L (PowerPC405) processor (revision U0) with 65536K bytes of memory.
Processor board ID FCW1749A233
Last reset from power-on
1 Virtual Ethernet interface
24 FastEthernet interfaces
2 Gigabit Ethernet interfaces
The password-recovery mechanism is enabled.

64K bytes of flash-simulated non-volatile configuration memory.
Base ethernet MAC Address       : C4:14:3C:5A:82:00
Motherboard assembly number     : 73-12600-06
Power supply part number        : 341-0097-03
Motherboard serial number       : FOC1748421N
Power supply serial number      : ALD1747B2PT
Model revision number           : U0
Motherboard revision number     : B0
Model number                    : WS-C2960-24TT-L
System serial number            : FCW1749A233
Top Assembly Part Number        : 800-32797-02
Top Assembly Revision Number    : B0
Version ID                      : V11
CLEI Code Number                : COM3L00BRF
Hardware Board Revision Number  : 0x0A


Switch Ports Model              SW Version            SW Image
------ ----- -----              ----------            ----------
*    1 26    WS-C2960-24TT-L    12.2(55)SE7           C2960-LANBASEK9-M




Press RETURN to get started!


*Mar  1 00:00:31.650: %LINEPROTO-5-UPDOWN: Line protocol on Interface Vlan1, changed state to down
*Mar  1 00:00:32.958: %SPANTREE-5-EXTENDED_SYSID: Extended SysId enabled for type vlan
*Mar  1 00:01:33.558: %LINEPROTO-5-UPDOWN: Line protocol on Interface Vlan2, changed state to down
*Mar  1 00:01:33.633: %SYS-5-CONFIG_I: Configured from memory by console
*Mar  1 00:01:34.506: %SYS-5-RESTART: System restarted --
Cisco IOS Software, C2960 Software (C2960-LANBASEK9-M), Version 12.2(55)SE7, RELEASE SOFTWARE (fc1)
Technical Support: http://www.cisco.com/techsupport
Copyright (c) 1986-2013 by Cisco Systems, Inc.
Compiled Mon 28-Jan-13 10:22 by prod_rel_team
*Mar  1 00:01:35.923: %LINK-3-UPDOWN: Interface FastEthernet0/1, changed state to up
*Mar  1 00:01:35.923: %LINK-3-UPDOWN: Interface FastEthernet0/5, changed state to up
*Mar  1 00:01:35.923: %LINK-3-UPDOWN: Interface FastEthernet0/6, changed state to up
*Mar  1 00:01:36.930: %LINEPROTO-5-UPDOWN: Line protocol on Interface FastEthernet0/1, changed state to up
*Mar  1 00:01:36.930: %LINEPROTO-5-UPDOWN: Line protocol on Interface FastEthernet0/5, changed state to up
*Mar  1 00:01:36.930: %LINEPROTO-5-UPDOWN: Line protocol on Interface FastEthernet0/6, changed state to up% Generating 1024 bit RSA keys, keys will be non-exportable...[OK]

*Mar  1 00:01:58.237: %SSH-5-ENABLED: SSH 1.99 has been enabled
*Mar  1 00:01:59.839: %PKI-6-AUTOSAVE: Running configuration saved to NVRAM
*Mar  1 00:02:05.652: %LINEPROTO-5-UPDOWN: Line protocol on Interface Vlan1, changed state to up
Unauthorized access is strictly prohibited.

User Access Verification

Password:
Password:
Password:
% Bad passwords


































S1 con0 is now available





Press RETURN to get started.






Unauthorized access is strictly prohibited.

User Access Verification

Password:
Password:
Password:
S1>class
Translating "class"
% Unknown command or computer name, or unable to find computer address
S1>en
Password:
Password:
S1#config t
Enter configuration commands, one per line.  End with CNTL/Z.
S1(config)#enable secret class
S1(config)#line vty 0 15
S1(config-line)#password cisco
S1(config-line)#loginline vty 0 15
                     ^
% Invalid input detected at '^' marker.

S1(config-line)#password cisco
S1(config-line)#line vty 0 15
S1(config-line)#password cisco
S1(config-line)#login
S1(config-line)#end
S1#
*Mar  1 00:06:20.180: %SYS-5-CONFIG_I: Configured from console by console
S1#show sdm prefer
 The current template is "lanbase-routing" template.
 The selected template optimizes the resources in
 the switch to support this level of features for
 8 routed interfaces and 255 VLANs.

  number of unicast mac addresses:                  4K
  number of IPv4 IGMP groups + multicast routes:    0.25K
  number of IPv4 unicast routes:                    4.25K
    number of directly-connected IPv4 hosts:        4K
    number of indirect IPv4 routes:                 0.25K
  number of IPv4 policy based routing aces:         0
  number of IPv4/MAC qos aces:                      0.125k
  number of IPv4/MAC security aces:                 0.375k

S1#conf t
Enter configuration commands, one per line.  End with CNTL/Z.
S1(config)#nfiguration commands, one per line.  End with CNTL/Z.
            ^
% Invalid input detected at '^' marker.

S1(config)#S1(config)#
            ^
% Invalid input detected at '^' marker.

S1(config)#ip dhcp excluded-address 192.168.1.1 192.168.1.10
S1(config)#ip dhcp pool DHCP1
S1(dhcp-config)#network 192.165.1.0 255.255.255.0
S1(dhcp-config)#default-router 192.168.1.1
S1(dhcp-config)#dns-server 192.168.1.9
S1(dhcp-config)#lease 3
S1(dhcp-config)#end
S1#
*Mar  1 00:08:31.075: %SYS-5-CONFIG_I: Configured from console by console
S1#copy run start
Destination filename [startup-config]?
Building configuration...
[OK]
0 bytes copied in 0.914 secs (0 bytes/sec)
S1#

































S1 con0 is now available





Press RETURN to get started.













Unauthorized access is strictly prohibited.

User Access Verification

Password:
Password:
Password:
S1>en
Password:
Password:
S1#show running-config
Building configuration...

Current configuration : 3350 bytes
!
version 12.2
no service pad
service timestamps debug datetime msec
service timestamps log datetime msec
service password-encryption
!
hostname S1
!
boot-start-marker
boot-end-marker
!
enable secret 5 $1$zeJB$cKPFJawjuOtfZwfP5LNEW0
!
!
!
no aaa new-model
system mtu routing 1500
ip dhcp excluded-address 192.168.1.1 192.168.1.10
!
ip dhcp pool DHCP1
   network 192.165.1.0 255.255.255.0
   default-router 192.168.1.1
   dns-server 192.168.1.9
   lease 3
!
!
no ip domain-lookup
!
!
crypto pki trustpoint TP-self-signed-1012564480
 enrollment selfsigned
 subject-name cn=IOS-Self-Signed-Certificate-1012564480
 revocation-check none
 rsakeypair TP-self-signed-1012564480
!
!
crypto pki certificate chain TP-self-signed-1012564480
 certificate self-signed 01
  3082023B 308201A4 A0030201 02020101 300D0609 2A864886 F70D0101 04050030
  31312F30 2D060355 04031326 494F532D 53656C66 2D536967 6E65642D 43657274
  69666963 6174652D 31303132 35363434 3830301E 170D3933 30333031 30303031
  35395A17 0D323030 31303130 30303030 305A3031 312F302D 06035504 03132649
  4F532D53 656C662D 5369676E 65642D43 65727469 66696361 74652D31 30313235
  36343438 3030819F 300D0609 2A864886 F70D0101 01050003 818D0030 81890281
  8100B132 90ED0268 56E81684 A6696C35 B5E2D8A2 D294EF53 ACCA9507 97660A0F
  A51C6E75 22250EE8 B370377C 53B6AB65 8578E059 1E65F85C 8C174770 11551371
  2A2EF105 8B074183 1284698F CEE4A6BF C50EF6F8 3FB98346 30C312E4 29356253
  84BDC9DE 12F7A65F 0998944A 9C103400 B2497A8A C0A8B3EB 95227997 E4BE3AE6
  57D50203 010001A3 63306130 0F060355 1D130101 FF040530 030101FF 300E0603
  551D1104 07300582 0353312E 301F0603 551D2304 18301680 14E7B494 AC6D2E7E
  3BD2F25D 3C24246B 7CB6BA2B 23301D06 03551D0E 04160414 E7B494AC 6D2E7E3B
  D2F25D3C 24246B7C B6BA2B23 300D0609 2A864886 F70D0101 04050003 81810011
  B2BB510F 17C80DC8 1A23F7B2 D04FCC6A 9280992B 31F11094 E4A03407 EAE0B298
  8D16E56D EC21624E 134D0802 19FFC699 D6FAC667 5661EBA2 D0FB0887 B7164002
  67A84A0D 867A4D56 27F99B58 978C32EE F4FFC5BB 1E4577C2 114ABF25 3928778F
  900020D4 7122FFB9 2DE2E566 00E67F03 EA447483 CB6D62B7 E5D4AF9B 7EF939
  quit
!
!
!
spanning-tree mode pvst
spanning-tree extend system-id
!
vlan internal allocation policy ascending
!
!
!
interface FastEthernet0/1
!
interface FastEthernet0/2
!
interface FastEthernet0/3
!
interface FastEthernet0/4
!
interface FastEthernet0/5
!
interface FastEthernet0/6
!
interface FastEthernet0/7
!
interface FastEthernet0/8
!
interface FastEthernet0/9
!
interface FastEthernet0/10
!
interface FastEthernet0/11
!
interface FastEthernet0/12
!
interface FastEthernet0/13
!
interface FastEthernet0/14
!
interface FastEthernet0/15
!
interface FastEthernet0/16
!
interface FastEthernet0/17
!
interface FastEthernet0/18
!
interface FastEthernet0/19
!
interface FastEthernet0/20
!
interface FastEthernet0/21
!
interface FastEthernet0/22
!
interface FastEthernet0/23
!
interface FastEthernet0/24
!
interface GigabitEthernet0/1
!
interface GigabitEthernet0/2
!
interface Vlan1
 ip address 192.168.1.1 255.255.255.0
!
interface Vlan2
 ip address 192.168.2.1 255.255.255.0
!
ip http server
ip http secure-server
banner motd ^C
Unauthorized access is strictly prohibited. ^C
!
line con 0
 password 7 00071A1507544B
 logging synchronous
 login
line vty 0 4
 password 7 110A1016141D
 login
line vty 5 15
 password 7 110A1016141D
 login
!
end

S1#



































Router con0 is now available





Press RETURN to get started.


Router>en
Router#conf t
Enter configuration commands, one per line.  End with CNTL/Z.
Router(config)#no ip domain-lookup
Router(config)#hostname R1
R1(config)#service password-encryption
R1(config)#enable secret class
R1(config)#banner motd #
Enter TEXT message.  End with the character '#'.
Unauthorized access is strictly prohibited. #
R1(config)#line con 0
R1(config-line)#password cisco
R1(config-line)#login
R1(config-line)#logging synchronous
R1(config-line)#line vty 0 4
R1(config-line)#password cisco
R1(config-line)#login
R1(config-line)#int g0/1
R1(config-if)#ip add 192.168.1.10 255.255.255.0
R1(config-if)#no shut
R1(config-if)#int Lo0
R1(config-if)#ip add 209.165.200.255 255.255.255.224
Bad mask /27 for address 209.165.200.255
R1(config-if)#no shut
R1(config-if)#exit
May  7 23:52:02.863: %LINEPROTO-5-UPDOWN: Line protocol on Interface Loopback0, changed state to up
R1(config-if)#exit
May  7 23:52:03.819: %LINK-3-UPDOWN: Interface GigabitEthernet0/1, changed state to down
R1(config-if)#exit
May  7 23:52:06.763: %LINK-3-UPDOWN: Interface GigabitEthernet0/1, changed state to up
May  7 23:52:07.763: %LINEPROTO-5-UPDOWN: Line protocol on Interface GigabitEthernet0/1, changed state to up
R1(config-if)#exit
R1(config)#exit
R1#
May  7 23:52:38.611: %SYS-5-CONFIG_I: Configured from console by console
R1#copy running-config startup
Destination filename [startup-config]?
Building configuration...
[OK]
R1#


         --- System Configuration Dialog ---

Enable secret warning
----------------------------------
In order to access the device manager, an enable secret is required
If you enter the initial configuration dialog, you will be prompted for the enable secret
If you choose not to enter the intial configuration dialog, or if you exit setup without setting the enable secret,
please set an enable secret using the following CLI in configuration mode-
enable secret 0 <cleartext password>
----------------------------------
Would you like to enter the initial configuration dialog? [yes/no]: no
Switch>en
Switch#
*Mar  1 00:12:40.133: %LINK-5-CHANGED: Interface Vlan1, changed state to administratively down
*Mar  1 00:12:40.142: %LINEPROTO-5-UPDOWN: Line protocol on Interface Vlan1, changed state to down
Switch#delete vlan.dat
Delete filename [vlan.dat]? yes
Delete flash:yes? [confirm]
%Error deleting flash:yes (No such file or directory)
Switch#delete vlan.dat
Delete filename [vlan.dat]?
Delete flash:vlan.dat? [confirm]
%Error deleting flash:vlan.dat (No such file or directory)
Switch#conf t
Enter configuration commands, one per line.  End with CNTL/Z.
Switch(config)#no ip domain-lookup
Switch(config)#hostname S1
S1(config)#service password-encryption
S1(config)#enable secret class
S1(config)#banner motd #
Enter TEXT message.  End with the character '#'
Unauthorized access is strictly prohibited. #
S1(config)#line con 0
S1(config-line)#password cisco
S1(config-line)#login
S1(config-line)#logging synchronous
S1(config-line)#line vty 0 15
S1(config-line)#password cisco
S1(config-line)#login
S1(config-line)#int vlan 1
S1(config-if)#ip add 192.168.1.1 255.255.255.0
S1(config-if)#no shut
S1(config-if)#int vlan 2
S1(config-if)#ip add 192.168.2.1 255.255.255.0
S1(config-if)#no shut
S1(config-if)#int f0/1
S1(config-if)#no shut
S1(config-if)#int f0/5
S1(config-if)#no shut
S1(config-if)#int f0/6
S1(config-if)#no shut
S1(config-if)#exit
*Mar  1 00:13:53.156: %LINEPROTO-5-UPDOWN: Line protocol on Interface Vlan2, changed state to down
S1(config-if)#exit
*Mar  1 00:13:55.136: %LINK-3-UPDOWN: Interface Vlan1, changed state to up
S1(config-if)#exit
*Mar  1 00:13:55.144: %LINEPROTO-5-UPDOWN: Line protocol on Interface Vlan1, changed state to up
S1(config-if)#exit
S1(config)#end
S1#
*Mar  1 00:14:19.052: %SYS-5-CONFIG_I: Configured from console by console
S1#copy show run
Destination filename [running-config]?
%Error opening flash:show (No such file or directory)
S1#copy run start
Destination filename [startup-config]?
Building configuration...
[OK]
0 bytes copied in 3.565 secs (0 bytes/sec)
S1#


         --- System Configuration Dialog ---

Enable secret warning
----------------------------------
In order to access the device manager, an enable secret is required
If you enter the initial configuration dialog, you will be prompted for the enable secret
If you choose not to enter the intial configuration dialog, or if you exit setup without setting the enable secret,
please set an enable secret using the following CLI in configuration mode-
enable secret 0 <cleartext password>
----------------------------------
Would you like to enter the initial configuration dialog? [yes/no]: no
Switch>en
Switch#
*Mar  1 00:15:33.073: %LINK-5-CHANGED: Interface Vlan1, changed state to administratively down
*Mar  1 00:15:33.081: %LINEPROTO-5-UPDOWN: Line protocol on Interface Vlan1, changed state to downconf t
Enter configuration commands, one per line.  End with CNTL/Z.
Switch(config)#no ip domain-lookup
Switch(config)#hostname S2
S2(config)#service password-encryption
S2(config)#enable secret class
S2(config)#banner motd #
Enter TEXT message.  End with the character '#'
Unauthorized access is strictly prohibited. #
S2(config)#line con 0
S2(config-line)#password cisco
S2(config-line)#login
S2(config-line)#logging synchronous
S2(config-line)#line vty 0 15
S2(config-line)#password cisco
S2(config-line)#login
S2(config-line)#int f0/1
S2(config-if)#no shut
S2(config-if)#int f0/18
S2(config-if)#no shut
S2(config-if)#end
S2#
*Mar  1 00:15:43.902: %SYS-5-CONFIG_I: Configured from console by console
S2#copy run start
Destination filename [startup-config]?
Building configuration...
[OK]
0 bytes copied in 3.985 secs (0 bytes/sec)
S2#
S1#show sdm prefer
 The current template is "default" template.
 The selected template optimizes the resources in
 the switch to support this level of features for
 0 routed interfaces and 255 VLANs.

  number of unicast mac addresses:                  8K
  number of IPv4 IGMP groups:                       0.25K
  number of IPv4/MAC qos aces:                      0.125k
  number of IPv4/MAC security aces:                 0.375k

S1#conf t
Enter configuration commands, one per line.  End with CNTL/Z.
S1(config)#sdm prefer lanbase-routing
Changes to the running SDM preferences have been stored, but cannot take effect
until the next reload.
Use 'show sdm prefer' to see what SDM preference is currently active.
S1(config)#end
S1#
*Mar  1 00:17:07.428: %SYS-5-CONFIG_I: Configured from console by console
S1#copy run start
Destination filename [startup-config]?
Building configuration...
[OK]
0 bytes copied in 0.881 secs (0 bytes/sec)
S1#reload
Proceed with reload? [confirm]

*Mar  1 00:17:23.853: %SYS-5-RELOAD: Reload requested by console. Reload reason: Reload command
Boot Sector Filesystem (bs) installed, fsid: 2
Base ethernet MAC Address: c4:14:3c:5a:82:00
Xmodem file system is available.
The password-recovery mechanism is enabled.
Initializing Flash...
flashfs[0]: 542 files, 20 directories
flashfs[0]: 0 orphaned files, 0 orphaned directories
flashfs[0]: Total bytes: 32514048
flashfs[0]: Bytes used: 13518848
flashfs[0]: Bytes available: 18995200
flashfs[0]: flashfs fsck took 11 seconds.
...done Initializing Flash.
done.
Loading "flash:/c2960-lanbasek9-mz.122-55.SE7/c2960-lanbasek9-mz.122-55.SE7.bin"...@@@@@@@@@@@@@@@@@@@@@@@@@@@@@@@@@@@@@@@@@@@@@@@@@@@@@@@@@@@@@@@@@@@@@@@@@@@@@@@@@@@@@@@@@@@@@@@@@@@@@@@@@@@@@@@@@@@@@@@@@@@@@@@@@@@@@@@@@@@@@@@@@@@@@@@@@@@@@@@@@@@@@@@@@@@@@@@@@@@@@@@@@@@@@@@@@@@@@@@@@@@@@@@@@@@@@@@@@@@@@@@@@@@@@@@@@@@@@@@@@@@@@@@@@@@@@@@@@@@@@@@@@@@@@@@@@@@@@@@@@@@@@@@@@@@@@@@@@@@@@@@@@@@@@@@@@@@@@@@@@@@@@@@@@@@@@@@@@@@@@@@@@@@@@@@@@@@@@@@@@@@@@@@@@@@@@@@@@@@@@@@@@@@@@@@@@@@@@@@@@@@@@@@@@@@@@@@@@@@@@@@@@@@@@@@@@@@@@@@@@@@@@@@@@@@@@@@@@@@@@@@@@@@@@@@@@@@@@@@@@@@@@@@@@@@@@@@@@@@@@@@@@@@@@@@@@@@@@@@@@@@@@@@@@@@@@@@@@@@@@@@@@@@@@@@@@@@@@@@@@@@@@@@@@@@@@@@@@@@@@@@@@@@@@@@@@@@@@@@@@@@@@@@@@@@@@@@@@@@@@@@@@@@@@@@@@@@@@@@@@@@@@@@@@@@@@@@@@@@@@@@@@@@@@@@@@@@@@@@@@@@@@@@@@@@@@@@@@@@@@@@@@@@@@@@@@@@@@@@@@@@@@@@@@@@@@@@@@@@@@@@@@@@@@@@@@@@@@@@@@@@@@@@@@@@@@@@@@@@@@@@@@@@@@@@@@@@@@@@@@@@@@@@@@@@@@@@@@@@@@@@@@@@@@@@@@@@@@@@@@@@@@@@@@@@@@@@@@@@@@@@@@@@@@@@@@@@@@@@@@@@@@@@@@@@@@@@@@@@@@@@@@@@@@@@@@@@@@@@@@@@@@@@@@@@@@@@@@@@@@@@@@@@@@@@@@@@@@@@@@@@@@@@@@@@@@@@@@@@@@@@@@@@@@@@@@@@@@@@@@@@@@@@@@@@@@@@@@@@@@@@@@@@@@@@@@@@@@@@@@@@@@@@@@@@@@@@@@@@@@@@@@@@@@@@@@@@@@@@@@@@@@@@@@@@@@@@@@@@@@@@@@@@@@@@@@@@@@@@@@@@@@@@@@@@@@@@@@@@@@@@@@@@@@@@@@@@@@@@@@@@@@@@@@@@@@@@@@@@@@@@@@@@@@@@@@@@@@@@@@@@@@@@@@@@@@@@@@@@@@@@@@@@@@@@@@@@@@@@@@@@@@@@@@@@@@@@@@@@@@@@@@@@@@@@@@@@@@@@@@@@@@@@@@@@@@@@@@@@@@@@@@@@@@@@@@@@@@@@@@@@@@@@@@@@@@@@@@@@@@@@@@@@@@@@@@@@@@@@@@@@@@@@@@@@@@@@@@@@@@@@@@@@@@@@@@@@@@@@@@@@@@@@@@@@@@@@@@@@@@@@@@@@@@@@@@@@@@@@@@@@@@@@@@@@@@@@@@@@@@@@@@@@@@@@@@@@@@@@@@@@@@@@@@@@@@@@@@@@@@@@@@@@@@@@@@@@@@@@@@@@@@@@@@@@@@@@@@@@@@@@@@@@@@@@@@@@@@@@@@@@@@@@@@@@@@@@@@@@@@@@@@@@@@@@@@@@@@@@@@@@@@@@@@@@@@@@@@@@@@@@@@@@@@@@@@@@@@@@@@@@@@@@@@@@@@@@@@@@@@@@@@@@@@@@@@@@@@@@@@@@@@@@@@@@@@@@@@@@@@@@@@@@@@@@@@@@@@@@@@@@@@@@@@@@@@@@@@@@@@@@@@@@@@@@@@@@@@@@@@@@@@@@@@@@@@@@@@@@@@@@@@@@@@@@@@@@@@@@@@@@@@@@@@@@@@@@@@@@@@@@@@@@@@@@@@@@@@@@@@@@@@@@@@@@@@@@@@@@@@@@@@@@@@@@@@@@@@@@@@@@@@@@@@@@@@@@@@@@@@@@@@@@@@@@@@@@@@@@@@@@@@@@@@@@@@@@@@@@@@@@@@@@@@@@@@@@@@@@@@@@@@@@@@@@@@@@@@@@@@@@@@@@@@@@@@@@@@@@@@@@@@@@@@@@@@@@@@@@@@@@@@@@@@@@@@@@@@@@@@@@@@@@@@@@@@@@@@@@@@@@@@@@@@@@@@@@@@@@@@@@@@@@@@@@@@@@@@@@@@@@@@@@@@@@@@@@@@@@@@@@@@@@@@@@@@@@@@@@@@@@@@@@@@@@@@@@@@@@@@@@@@@@@@@@@@@@@@@@@@@@@@@@@@@@@@@@@@@@@@@@@@@@@@@@@@@@@@@@@@@@@@@@@@@@@@@@@@@@@@@@@@@@@@@@@@@@@@@@@@@@@@@@@@@@@@@@@@@@@@@@@@@@@@@@@@@@@@@@@@@@@@@@@@@@@@@@@@@@@@@@@@@@@@@@@@@@@@@@@@@@@@@@@@@@@@@@@@@@@@@@@@@@@@@@@@@@@@@@@@@@@@@@@@@@@@@@@@
File "flash:/c2960-lanbasek9-mz.122-55.SE7/c2960-lanbasek9-mz.122-55.SE7.bin" uncompressed and installed, entry point: 0x3000
executing...

              Restricted Rights Legend

Use, duplication, or disclosure by the Government is
subject to restrictions as set forth in subparagraph
(c) of the Commercial Computer Software - Restricted
Rights clause at FAR sec. 52.227-19 and subparagraph
(c) (1) (ii) of the Rights in Technical Data and Computer
Software clause at DFARS sec. 252.227-7013.

           cisco Systems, Inc.
           170 West Tasman Drive
           San Jose, California 95134-1706



Cisco IOS Software, C2960 Software (C2960-LANBASEK9-M), Version 12.2(55)SE7, RELEASE SOFTWARE (fc1)
Technical Support: http://www.cisco.com/techsupport
Copyright (c) 1986-2013 by Cisco Systems, Inc.
Compiled Mon 28-Jan-13 10:22 by prod_rel_team
Image text-base: 0x00003000, data-base: 0x01900000

Initializing flashfs...

fsck: Disable shadow buffering due to heap fragmentation.
flashfs[1]: 542 files, 20 directories
flashfs[1]: 0 orphaned files, 0 orphaned directories
flashfs[1]: Total bytes: 32514048
flashfs[1]: Bytes used: 13518848
flashfs[1]: Bytes available: 18995200
flashfs[1]: flashfs fsck took 2 seconds.
flashfs[1]: Initialization complete....done Initializing flashfs.

Checking for Bootloader upgrade.. not needed
POST: CPU MIC register Tests : Begin
POST: CPU MIC register Tests : End, Status Passed

POST: PortASIC Memory Tests : Begin
POST: PortASIC Memory Tests : End, Status Passed

POST: CPU MIC interface Loopback Tests : Begin
POST: CPU MIC interface Loopback Tests : End, Status Passed

POST: PortASIC RingLoopback Tests : Begin
POST: PortASIC RingLoopback Tests : End, Status Passed

POST: PortASIC CAM Subsystem Tests : Begin
POST: PortASIC CAM Subsystem Tests : End, Status Passed

POST: PortASIC Port Loopback Tests : Begin
POST: PortASIC Port Loopback Tests : End, Status Passed

Waiting for Port download...Complete


This product contains cryptographic features and is subject to United
States and local country laws governing import, export, transfer and
use. Delivery of Cisco cryptographic products does not imply
third-party authority to import, export, distribute or use encryption.
Importers, exporters, distributors and users are responsible for
compliance with U.S. and local country laws. By using this product you
agree to comply with applicable laws and regulations. If you are unable
to comply with U.S. and local laws, return this product immediately.

A summary of U.S. laws governing Cisco cryptographic products may be found at:
http://www.cisco.com/wwl/export/crypto/tool/stqrg.html

If you require further assistance please contact us by sending email to
export@cisco.com.

cisco WS-C2960-24TT-L (PowerPC405) processor (revision U0) with 65536K bytes of memory.
Processor board ID FCW1749A233
Last reset from power-on
1 Virtual Ethernet interface
24 FastEthernet interfaces
2 Gigabit Ethernet interfaces
The password-recovery mechanism is enabled.

64K bytes of flash-simulated non-volatile configuration memory.
Base ethernet MAC Address       : C4:14:3C:5A:82:00
Motherboard assembly number     : 73-12600-06
Power supply part number        : 341-0097-03
Motherboard serial number       : FOC1748421N
Power supply serial number      : ALD1747B2PT
Model revision number           : U0
Motherboard revision number     : B0
Model number                    : WS-C2960-24TT-L
System serial number            : FCW1749A233
Top Assembly Part Number        : 800-32797-02
Top Assembly Revision Number    : B0
Version ID                      : V11
CLEI Code Number                : COM3L00BRF
Hardware Board Revision Number  : 0x0A


Switch Ports Model              SW Version            SW Image
------ ----- -----              ----------            ----------
*    1 26    WS-C2960-24TT-L    12.2(55)SE7           C2960-LANBASEK9-M




Press RETURN to get started!


*Mar  1 00:00:31.650: %LINEPROTO-5-UPDOWN: Line protocol on Interface Vlan1, changed state to down
*Mar  1 00:00:32.958: %SPANTREE-5-EXTENDED_SYSID: Extended SysId enabled for type vlan
*Mar  1 00:01:33.558: %LINEPROTO-5-UPDOWN: Line protocol on Interface Vlan2, changed state to down
*Mar  1 00:01:33.633: %SYS-5-CONFIG_I: Configured from memory by console
*Mar  1 00:01:34.506: %SYS-5-RESTART: System restarted --
Cisco IOS Software, C2960 Software (C2960-LANBASEK9-M), Version 12.2(55)SE7, RELEASE SOFTWARE (fc1)
Technical Support: http://www.cisco.com/techsupport
Copyright (c) 1986-2013 by Cisco Systems, Inc.
Compiled Mon 28-Jan-13 10:22 by prod_rel_team
*Mar  1 00:01:35.923: %LINK-3-UPDOWN: Interface FastEthernet0/1, changed state to up
*Mar  1 00:01:35.923: %LINK-3-UPDOWN: Interface FastEthernet0/5, changed state to up
*Mar  1 00:01:35.923: %LINK-3-UPDOWN: Interface FastEthernet0/6, changed state to up
*Mar  1 00:01:36.930: %LINEPROTO-5-UPDOWN: Line protocol on Interface FastEthernet0/1, changed state to up
*Mar  1 00:01:36.930: %LINEPROTO-5-UPDOWN: Line protocol on Interface FastEthernet0/5, changed state to up
*Mar  1 00:01:36.930: %LINEPROTO-5-UPDOWN: Line protocol on Interface FastEthernet0/6, changed state to up% Generating 1024 bit RSA keys, keys will be non-exportable...[OK]

*Mar  1 00:01:58.237: %SSH-5-ENABLED: SSH 1.99 has been enabled
*Mar  1 00:01:59.839: %PKI-6-AUTOSAVE: Running configuration saved to NVRAM
*Mar  1 00:02:05.652: %LINEPROTO-5-UPDOWN: Line protocol on Interface Vlan1, changed state to up
Unauthorized access is strictly prohibited.

User Access Verification

Password:
Password:
Password:
% Bad passwords


































S1 con0 is now available





Press RETURN to get started.






Unauthorized access is strictly prohibited.

User Access Verification

Password:
Password:
Password:
S1>class
Translating "class"
% Unknown command or computer name, or unable to find computer address
S1>en
Password:
Password:
S1#config t
Enter configuration commands, one per line.  End with CNTL/Z.
S1(config)#enable secret class
S1(config)#line vty 0 15
S1(config-line)#password cisco
S1(config-line)#loginline vty 0 15
                     ^
% Invalid input detected at '^' marker.

S1(config-line)#password cisco
S1(config-line)#line vty 0 15
S1(config-line)#password cisco
S1(config-line)#login
S1(config-line)#end
S1#
*Mar  1 00:06:20.180: %SYS-5-CONFIG_I: Configured from console by console
S1#show sdm prefer
 The current template is "lanbase-routing" template.
 The selected template optimizes the resources in
 the switch to support this level of features for
 8 routed interfaces and 255 VLANs.

  number of unicast mac addresses:                  4K
  number of IPv4 IGMP groups + multicast routes:    0.25K
  number of IPv4 unicast routes:                    4.25K
    number of directly-connected IPv4 hosts:        4K
    number of indirect IPv4 routes:                 0.25K
  number of IPv4 policy based routing aces:         0
  number of IPv4/MAC qos aces:                      0.125k
  number of IPv4/MAC security aces:                 0.375k

S1#conf t
Enter configuration commands, one per line.  End with CNTL/Z.
S1(config)#nfiguration commands, one per line.  End with CNTL/Z.
            ^
% Invalid input detected at '^' marker.

S1(config)#S1(config)#
            ^
% Invalid input detected at '^' marker.

S1(config)#ip dhcp excluded-address 192.168.1.1 192.168.1.10
S1(config)#ip dhcp pool DHCP1
S1(dhcp-config)#network 192.165.1.0 255.255.255.0
S1(dhcp-config)#default-router 192.168.1.1
S1(dhcp-config)#dns-server 192.168.1.9
S1(dhcp-config)#lease 3
S1(dhcp-config)#end
S1#
*Mar  1 00:08:31.075: %SYS-5-CONFIG_I: Configured from console by console
S1#copy run start
Destination filename [startup-config]?
Building configuration...
[OK]
0 bytes copied in 0.914 secs (0 bytes/sec)
S1#

































S1 con0 is now available





Press RETURN to get started.













Unauthorized access is strictly prohibited.

User Access Verification

Password:
Password:
Password:
S1>en
Password:
Password:
S1#show running-config
Building configuration...

Current configuration : 3350 bytes
!
version 12.2
no service pad
service timestamps debug datetime msec
service timestamps log datetime msec
service password-encryption
!
hostname S1
!
boot-start-marker
boot-end-marker
!
enable secret 5 $1$zeJB$cKPFJawjuOtfZwfP5LNEW0
!
!
!
no aaa new-model
system mtu routing 1500
ip dhcp excluded-address 192.168.1.1 192.168.1.10
!
ip dhcp pool DHCP1
   network 192.165.1.0 255.255.255.0
   default-router 192.168.1.1
   dns-server 192.168.1.9
   lease 3
!
!
no ip domain-lookup
!
!
crypto pki trustpoint TP-self-signed-1012564480
 enrollment selfsigned
 subject-name cn=IOS-Self-Signed-Certificate-1012564480
 revocation-check none
 rsakeypair TP-self-signed-1012564480
!
!
crypto pki certificate chain TP-self-signed-1012564480
 certificate self-signed 01
  3082023B 308201A4 A0030201 02020101 300D0609 2A864886 F70D0101 04050030
  31312F30 2D060355 04031326 494F532D 53656C66 2D536967 6E65642D 43657274
  69666963 6174652D 31303132 35363434 3830301E 170D3933 30333031 30303031
  35395A17 0D323030 31303130 30303030 305A3031 312F302D 06035504 03132649
  4F532D53 656C662D 5369676E 65642D43 65727469 66696361 74652D31 30313235
  36343438 3030819F 300D0609 2A864886 F70D0101 01050003 818D0030 81890281
  8100B132 90ED0268 56E81684 A6696C35 B5E2D8A2 D294EF53 ACCA9507 97660A0F
  A51C6E75 22250EE8 B370377C 53B6AB65 8578E059 1E65F85C 8C174770 11551371
  2A2EF105 8B074183 1284698F CEE4A6BF C50EF6F8 3FB98346 30C312E4 29356253
  84BDC9DE 12F7A65F 0998944A 9C103400 B2497A8A C0A8B3EB 95227997 E4BE3AE6
  57D50203 010001A3 63306130 0F060355 1D130101 FF040530 030101FF 300E0603
  551D1104 07300582 0353312E 301F0603 551D2304 18301680 14E7B494 AC6D2E7E
  3BD2F25D 3C24246B 7CB6BA2B 23301D06 03551D0E 04160414 E7B494AC 6D2E7E3B
  D2F25D3C 24246B7C B6BA2B23 300D0609 2A864886 F70D0101 04050003 81810011
  B2BB510F 17C80DC8 1A23F7B2 D04FCC6A 9280992B 31F11094 E4A03407 EAE0B298
  8D16E56D EC21624E 134D0802 19FFC699 D6FAC667 5661EBA2 D0FB0887 B7164002
  67A84A0D 867A4D56 27F99B58 978C32EE F4FFC5BB 1E4577C2 114ABF25 3928778F
  900020D4 7122FFB9 2DE2E566 00E67F03 EA447483 CB6D62B7 E5D4AF9B 7EF939
  quit
!
!
!
spanning-tree mode pvst
spanning-tree extend system-id
!
vlan internal allocation policy ascending
!
!
!
interface FastEthernet0/1
!
interface FastEthernet0/2
!
interface FastEthernet0/3
!
interface FastEthernet0/4
!
interface FastEthernet0/5
!
interface FastEthernet0/6
!
interface FastEthernet0/7
!
interface FastEthernet0/8
!
interface FastEthernet0/9
!
interface FastEthernet0/10
!
interface FastEthernet0/11
!
interface FastEthernet0/12
!
interface FastEthernet0/13
!
interface FastEthernet0/14
!
interface FastEthernet0/15
!
interface FastEthernet0/16
!
interface FastEthernet0/17
!
interface FastEthernet0/18
!
interface FastEthernet0/19
!
interface FastEthernet0/20
!
interface FastEthernet0/21
!
interface FastEthernet0/22
!
interface FastEthernet0/23
!
interface FastEthernet0/24
!
interface GigabitEthernet0/1
!
interface GigabitEthernet0/2
!
interface Vlan1
 ip address 192.168.1.1 255.255.255.0
!
interface Vlan2
 ip address 192.168.2.1 255.255.255.0
!
ip http server
ip http secure-server
banner motd ^C
Unauthorized access is strictly prohibited. ^C
!
line con 0
 password 7 00071A1507544B
 logging synchronous
 login
line vty 0 4
 password 7 110A1016141D
 login
line vty 5 15
 password 7 110A1016141D
 login
!
end

S1#conf t
Enter configuration commands, one per line.  End with CNTL/Z.
S1(config)#int f0/6
S1(config-if)#switchport mode access
S1(config-if)#switchport access vlan 2
% Access VLAN does not exist. Creating vlan 2
S1(config-if)#exit
S1(config)#ip dhcp excluded-address 192.168.2.1 192.168.2.10
S1(config)#ip dhcp pool DHCP2
S1(dhcp-config)#network 192.165.2.0 255.255.255.0
S1(dhcp-config)#default-router 192.168.2.1
S1(dhcp-config)#dns-server 192.168.2.9
S1(dhcp-config)#lease 3
S1(dhcp-config)#end
S1#
*Mar  1 00:26:27.711: %LINEPROTO-5-UPDOWN: Line protocol on Interface Vlan2, changed state to up
S1#
*Mar  1 00:26:28.751: %SYS-5-CONFIG_I: Configured from console by console
S1#copy run start
Destination filename [startup-config]?
Building configuration...
[OK]
0 bytes copied in 0.915 secs (0 bytes/sec)
S1#conf t
Enter configuration commands, one per line.  End with CNTL/Z.
S1(config)#ip route 0.0.0.0 0.0.0.0 192.168.1.10
S1(config)#
Unauthorized access is strictly prohibited.

User Access Verification

Password:
R1>en
Password:
R1#conf t
Enter configuration commands, one per line.  End with CNTL/Z.
R1(config)#ip route 192.168.2.0 255.255.255.0 g0/1
R1(config)#
