flashfs[0]: 543 files, 20 directories
flashfs[0]: 0 orphaned files, 0 orphaned directories
flashfs[0]: Total bytes: 32514048
flashfs[0]: Bytes used: 13526016
flashfs[0]: Bytes available: 18988032
flashfs[0]: flashfs fsck took 11 seconds.
...done Initializing Flash.
done.
Loading "flash:/c2960-lanbasek9-mz.122-55.SE7/c2960-lanbasek9-mz.122-55.SE7.bin"...@@@@@@@@@@@@@@@@@@@@@@@@@@@@@@@@@@@@@@@@@@@@@@@@@@@@@@@@@@@@@@@@@@@@@@@@@@@@@@@@@@@@@@@@@@@@@@@@@@@@@@@@@@@@@@@@@@@@@@@@@@@@@@@@@@@@@@@@@@@@@@@@@@@@@@@@@@@@@@@@@@@@@@@@@@@@@@@@@@@@@@@@@@@@@@@@@@@@@@@@@@@@@@@@@@@@@@@@@@@@@@@@@@@@@@@@@@@@@@@@@@@@@@@@@@@@@@@@@@@@@@@@@@@@@@@@@@@@@@@@@@@@@@@@@@@@@@@@@@@@@@@@@@@@@@@@@@@@@@@@@@@@@@@@@@@@@@@@@@@@@@@@@@@@@@@@@@@@@@@@@@@@@@@@@@@@@@@@@@@@@@@@@@@@@@@@@@@@@@@@@@@@@@@@@@@@@@@@@@@@@@@@@@@@@@@@@@@@@@@@@@@@@@@@@@@@@@@@@@@@@@@@@@@@@@@@@@@@@@@@@@@@@@@@@@@@@@@@@@@@@@@@@@@@@@@@@@@@@@@@@@@@@@@@@@@@@@@@@@@@@@@@@@@@@@@@@@@@@@@@@@@@@@@@@@@@@@@@@@@@@@@@@@@@@@@@@@@@@@@@@@@@@@@@@@@@@@@@@@@@@@@@@@@@@@@@@@@@@@@@@@@@@@@@@@@@@@@@@@@@@@@@@@@@@@@@@@@@@@@@@@@@@@@@@@@@@@@@@@@@@@@@@@@@@@@@@@@@@@@@@@@@@@@@@@@@@@@@@@@@@@@@@@@@@@@@@@@@@@@@@@@@@@@@@@@@@@@@@@@@@@@@@@@@@@@@@@@@@@@@@@@@@@@@@@@@@@@@@@@@@@@@@@@@@@@@@@@@@@@@@@@@@@@@@@@@@@@@@@@@@@@@@@@@@@@@@@@@@@@@@@@@@@@@@@@@@@@@@@@@@@@@@@@@@@@@@@@@@@@@@@@@@@@@@@@@@@@@@@@@@@@@@@@@@@@@@@@@@@@@@@@@@@@@@@@@@@@@@@@@@@@@@@@@@@@@@@@@@@@@@@@@@@@@@@@@@@@@@@@@@@@@@@@@@@@@@@@@@@@@@@@@@@@@@@@@@@@@@@@@@@@@@@@@@@@@@@@@@@@@@@@@@@@@@@@@@@@@@@@@@@@@@@@@@@@@@@@@@@@@@@@@@@@@@@@@@@@@@@@@@@@@@@@@@@@@@@@@@@@@@@@@@@@@@@@@@@@@@@@@@@@@@@@@@@@@@@@@@@@@@@@@@@@@@@@@@@@@@@@@@@@@@@@@@@@@@@@@@@@@@@@@@@@@@@@@@@@@@@@@@@@@@@@@@@@@@@@@@@@@@@@@@@@@@@@@@@@@@@@@@@@@@@@@@@@@@@@@@@@@@@@@@@@@@@@@@@@@@@@@@@@@@@@@@@@@@@@@@@@@@@@@@@@@@@@@@@@@@@@@@@@@@@@@@@@@@@@@@@@@@@@@@@@@@@@@@@@@@@@@@@@@@@@@@@@@@@@@@@@@@@@@@@@@@@@@@@@@@@@@@@@@@@@@@@@@@@@@@@@@@@@@@@@@@@@@@@@@@@@@@@@@@@@@@@@@@@@@@@@@@@@@@@@@@@@@@@@@@@@@@@@@@@@@@@@@@@@@@@@@@@@@@@@@@@@@@@@@@@@@@@@@@@@@@@@@@@@@@@@@@@@@@@@@@@@@@@@@@@@@@@@@@@@@@@@@@@@@@@@@@@@@@@@@@@@@@@@@@@@@@@@@@@@@@@@@@@@@@@@@@@@@@@@@@@@@@@@@@@@@@@@@@@@@@@@@@@@@@@@@@@@@@@@@@@@@@@@@@@@@@@@@@@@@@@@@@@@@@@@@@@@@@@@@@@@@@@@@@@@@@@@@@@@@@@@@@@@@@@@@@@@@@@@@@@@@@@@@@@@@@@@@@@@@@@@@@@@@@@@@@@@@@@@@@@@@@@@@@@@@@@@@@@@@@@@@@@@@@@@@@@@@@@@@@@@@@@@@@@@@@@@@@@@@@@@@@@@@@@@@@@@@@@@@@@@@@@@@@@@@@@@@@@@@@@@@@@@@@@@@@@@@@@@@@@@@@@@@@@@@@@@@@@@@@@@@@@@@@@@@@@@@@@@@@@@@@@@@@@@@@@@@@@@@@@@@@@@@@@@@@@@@@@@@@@@@@@@@@@@@@@@@@@@@@@@@@@@@@@@@@@@@@@@@@@@@@@@@@@@@@@@@@@@@@@@@@@@@@@@@@@@@@@@@@@@@@@@@@@@@@@@@@@@@@@@@@@@@@@@@@@@@@@@@@@@@@@@@@@@@@@@@@@@@@@@@@@@@@@@@@@@@@@@@@@@@@@@@@@@@@@@@@@@@@@@@@@@@@@@@@@@@@@@@@@@@@@@@@@@@@@@@@@@@@@@@@@@@@@@@@@@@@@@@@@@@@@@@@@@@@@@@@@@@@@@@@@@@@@@@@@@@@@@@@@@@@@@@@@@@@@@@@@@@@@@@@@@@@@@@@@@@@@@@@@@@@@@@@@@@@@@@@@@@@@@@@@@@@
File "flash:/c2960-lanbasek9-mz.122-55.SE7/c2960-lanbasek9-mz.122-55.SE7.bin" uncompressed and installed, entry point: 0x3000
executing...

              Restricted Rights Legend

Use, duplication, or disclosure by the Government is
subject to restrictions as set forth in subparagraph
(c) of the Commercial Computer Software - Restricted
Rights clause at FAR sec. 52.227-19 and subparagraph
(c) (1) (ii) of the Rights in Technical Data and Computer
Software clause at DFARS sec. 252.227-7013.

           cisco Systems, Inc.
           170 West Tasman Drive
           San Jose, California 95134-1706



Cisco IOS Software, C2960 Software (C2960-LANBASEK9-M), Version 12.2(55)SE7, RELEASE SOFTWARE (fc1)
Technical Support: http://www.cisco.com/techsupport
Copyright (c) 1986-2013 by Cisco Systems, Inc.
Compiled Mon 28-Jan-13 10:22 by prod_rel_team
Image text-base: 0x00003000, data-base: 0x01900000

Initializing flashfs...

fsck: Disable shadow buffering due to heap fragmentation.
flashfs[1]: 543 files, 20 directories
flashfs[1]: 0 orphaned files, 0 orphaned directories
flashfs[1]: Total bytes: 32514048
flashfs[1]: Bytes used: 13526016
flashfs[1]: Bytes available: 18988032
flashfs[1]: flashfs fsck took 2 seconds.
flashfs[1]: Initialization complete....done Initializing flashfs.

Checking for Bootloader upgrade.. not needed
POST: CPU MIC register Tests : Begin
POST: CPU MIC register Tests : End, Status Passed

POST: PortASIC Memory Tests : Begin
POST: PortASIC Memory Tests : End, Status Passed

POST: CPU MIC interface Loopback Tests : Begin
POST: CPU MIC interface Loopback Tests : End, Status Passed

POST: PortASIC RingLoopback Tests : Begin
POST: PortASIC RingLoopback Tests : End, Status Passed

POST: PortASIC CAM Subsystem Tests : Begin
POST: PortASIC CAM Subsystem Tests : End, Status Passed

POST: PortASIC Port Loopback Tests : Begin
POST: PortASIC Port Loopback Tests : End, Status Passed

Waiting for Port download...Complete


This product contains cryptographic features and is subject to United
States and local country laws governing import, export, transfer and
use. Delivery of Cisco cryptographic products does not imply
third-party authority to import, export, distribute or use encryption.
Importers, exporters, distributors and users are responsible for
compliance with U.S. and local country laws. By using this product you
agree to comply with applicable laws and regulations. If you are unable
to comply with U.S. and local laws, return this product immediately.

A summary of U.S. laws governing Cisco cryptographic products may be found at:
http://www.cisco.com/wwl/export/crypto/tool/stqrg.html

If you require further assistance please contact us by sending email to
export@cisco.com.

cisco WS-C2960-24TT-L (PowerPC405) processor (revision U0) with 65536K bytes of memory.
Processor board ID FCW1749A233
Last reset from power-on
1 Virtual Ethernet interface
24 FastEthernet interfaces
2 Gigabit Ethernet interfaces
The password-recovery mechanism is enabled.

64K bytes of flash-simulated non-volatile configuration memory.
Base ethernet MAC Address       : C4:14:3C:5A:82:00
Motherboard assembly number     : 73-12600-06
Power supply part number        : 341-0097-03
Motherboard serial number       : FOC1748421N
Power supply serial number      : ALD1747B2PT
Model revision number           : U0
Motherboard revision number     : B0
Model number                    : WS-C2960-24TT-L
System serial number            : FCW1749A233
Top Assembly Part Number        : 800-32797-02
Top Assembly Revision Number    : B0
Version ID                      : V11
CLEI Code Number                : COM3L00BRF
Hardware Board Revision Number  : 0x0A


Switch Ports Model              SW Version            SW Image
------ ----- -----              ----------            ----------
*    1 26    WS-C2960-24TT-L    12.2(55)SE7           C2960-LANBASEK9-M




Press RETURN to get started!


*Mar  1 00:00:31.650: %LINEPROTO-5-UPDOWN: Line protocol on Interface Vlan1, changed state to down
*Mar  1 00:00:32.958: %SPANTREE-5-EXTENDED_SYSID: Extended SysId enabled for type vlan
*Mar  1 00:01:33.885: %LINEPROTO-5-UPDOWN: Line protocol on Interface Vlan99, changed state to down
*Mar  1 00:01:33.977: %SYS-5-CONFIG_I: Configured from memory by console
*Mar  1 00:01:34.799: %SYS-5-RESTART: System restarted --
Cisco IOS Software, C2960 Software (C2960-LANBASEK9-M), Version 12.2(55)SE7, RELEASE SO Unauthorised Access Prohibited

User Access Verification

Password: FTWARE (fc1)
Technical Support: http://www.cisco.com/techsupport
Copyright (c) 1986-2013 by Cisco Systems, Inc.
Compiled Mon 28-Jan-13 10:22 by prod_rel_team
*Mar  1 00:01:34.824: %SSH-5-ENABLED: SSH 1.99 has been enabled
*Mar  1 00:01:35.235: %LINK-5-CHANGED: Interface FastEthernet0/2, changed state to administratively down
*Mar  1 00:01:35.252: %LINK-5-CHANGED: Interface FastEthernet0/3, changed state to administratively down
*Mar  1 00:01:35.286: %LINK-5-CHANGED: Interface FastEthernet0/4, changed state to administratively down
*Mar  1 00:01:35.378: %LINK-5-CHANGED: Interface FastEthernet0/7, changed state to administratively down
*Mar  1 00:01:35.395: %LINK-5-CHANGED: Interface FastEthernet0/8, changed state to administratively down
*Mar  1 00:01:35.428: %LINK-5-CHANGED: Interface FastEthernet0/9, changed state to administratively down
*Mar  1 00:01:35.445: %LINK-5-CHANGED: Interface FastEthernet0/10, changed state to administratively down
*Mar  1 00:01:35.462: %LINK-5-CHANGED: Interface FastEthernet0/11, changed state to administratively down
*Mar  1 00:01:35.495: %LINK-5-CHANGED: Interface FastEthernet0/12, changed state to administratively down
*Mar  1 00:01:35.512: %LINK-5-CHANGED: Interface FastEthernet0/13, changed state to administratively down
*Mar  1 00:01:35.546: %LINK-5-CHANGED: Interface FastEthernet0/14, changed state to administratively down
*Mar  1 00:01:35.563: %LINK-5-CHANGED: Interface FastEthernet0/15, changed state to administratively down
*Mar  1 00:01:35.579: %LINK-5-CHANGED: Interface FastEthernet0/16, changed state to administratively down
*Mar  1 00:01:35.613: %LINK-5-CHANGED: Interface FastEthernet0/17, changed state to administratively down
*Mar  1 00:01:35.655: %LINK-5-CHANGED: Interface FastEthernet0/18, changed state to administratively down
*Mar  1 00:01:35.655: %LINK-5-CHANGED: Interface FastEthernet0/19, changed state to administratively down
*Mar  1 00:01:35.705: %LINK-5-CHANGED: Interface FastEthernet0/20, changed state to administratively down
*Mar  1 00:01:35.705: %LINK-5-CHANGED: Interface FastEthernet0/21, changed state to administratively down
*Mar  1 00:01:35.739: %LINK-5-CHANGED: Interface FastEthernet0/22, changed state to administratively down
*Mar  1 00:01:35.755: %LINK-5-CHANGED: Interface FastEthernet0/23, changed state to administratively down
*Mar  1 00:01:35.772: %LINK-5-CHANGED: Interface FastEthernet0/24, changed state to administratively down
*Mar  1 00:01:36.267: %LINK-3-UPDOWN: Interface FastEthernet0/6, changed state to up
*Mar  1 00:01:37.274: %LINEPROTO-5-UPDOWN: Line protocol on Interface FastEthernet0/1, changed state to up
*Mar  1 00:01:37.274: %LINEPROTO-5-UPDOWN: Line protocol on Interface FastEthernet0/6, changed state to up
*Mar  1 00:01:38.524: %LINK-3-UPDOWN: Interface FastEthernet0/1, changed state to up
Password:
S1>enable
Password:
Password:
S1#
*Mar  1 00:02:05.988: %LINEPROTO-5-UPDOWN: Line protocol on Interface Vlan99, changed state to up
*Mar  1 00:02:06.542: %LINEPROTO-5-UPDOWN: Line protocol on Interface Vlan1, changed state to up
S1#config term
Enter configuration commands, one per line.  End with CNTL/Z.
S1(config)#do clear config all
clear config all
         ^
% Invalid input detected at '^' marker.

S1(config)#exit
S1#enable
*Mar  1 00:03:05.077: %SYS-5-CONFIG_I: Configured from console by console
S1#clear config all
            ^
% Invalid input detected at '^' marker.

S1#show flash

Directory of flash:/

    2  -rwx        4120   Mar 1 1993 00:01:58 +00:00  multiple-fs
    4  drwx          64   Mar 1 1993 00:03:26 +00:00  Preconf2
  562  -rwx        2389   Mar 1 1993 00:01:58 +00:00  config.text
    6  drwx         192   Mar 1 1993 00:31:33 +00:00  c2960-lanbasek9-mz.122-55.SE7
  563  -rwx         616   Mar 1 1993 00:15:50 +00:00  vlan.dat
  564  -rwx        3819   Mar 1 1993 00:01:58 +00:00  private-config.text

32514048 bytes total (18988032 bytes free)
S1#delate vlan.dat
      ^
% Invalid input detected at '^' marker.

S1#delete vlan.dat
Delete filename [vlan.dat]?
Delete flash:vlan.dat? [confirm]
S1#erase start-up-config
              ^
% Invalid input detected at '^' marker.

S1#erase startup-config
Erasing the nvram filesystem will remove all configuration files! Continue? [confirm]
[OK]
Erase of nvram: complete
S1#
*Mar  1 00:06:09.216: %SYS-7-NV_BLOCK_INIT: Initialized the geometry of nvram
S1#reload

System configuration has been modified. Save? [yes/no]: n
Proceed with reload? [confirm]

*Mar  1 00:06:33.878: %SYS-5-RELOAD: Reload requested by console. Reload reason: Reload command
Boot Sector Filesystem (bs) installed, fsid: 2
Base ethernet MAC Address: c4:14:3c:5a:82:00
Xmodem file system is available.
The password-recovery mechanism is enabled.
Initializing Flash...
flashfs[0]: 540 files, 20 directories
flashfs[0]: 0 orphaned files, 0 orphaned directories
flashfs[0]: Total bytes: 32514048
flashfs[0]: Bytes used: 13514752
flashfs[0]: Bytes available: 18999296
flashfs[0]: flashfs fsck took 11 seconds.
...done Initializing Flash.
done.
Loading "flash:/c2960-lanbasek9-mz.122-55.SE7/c2960-lanbasek9-mz.122-55.SE7.bin"...@@@@@@@@@@@@@@@@@@@@@@@@@@@@@@@@@@@@@@@@@@@@@@@@@@@@@@@@@@@@@@@@@@@@@@@@@@@@@@@@@@@@@@@@@@@@@@@@@@@@@@@@@@@@@@@@@@@@@@@@@@@@@@@@@@@@@@@@@@@@@@@@@@@@@@@@@@@@@@@@@@@@@@@@@@@@@@@@@@@@@@@@@@@@@@@@@@@@@@@@@@@@@@@@@@@@@@@@@@@@@@@@@@@@@@@@@@@@@@@@@@@@@@@@@@@@@@@@@@@@@@@@@@@@@@@@@@@@@@@@@@@@@@@@@@@@@@@@@@@@@@@@@@@@@@@@@@@@@@@@@@@@@@@@@@@@@@@@@@@@@@@@@@@@@@@@@@@@@@@@@@@@@@@@@@@@@@@@@@@@@@@@@@@@@@@@@@@@@@@@@@@@@@@@@@@@@@@@@@@@@@@@@@@@@@@@@@@@@@@@@@@@@@@@@@@@@@@@@@@@@@@@@@@@@@@@@@@@@@@@@@@@@@@@@@@@@@@@@@@@@@@@@@@@@@@@@@@@@@@@@@@@@@@@@@@@@@@@@@@@@@@@@@@@@@@@@@@@@@@@@@@@@@@@@@@@@@@@@@@@@@@@@@@@@@@@@@@@@@@@@@@@@@@@@@@@@@@@@@@@@@@@@@@@@@@@@@@@@@@@@@@@@@@@@@@@@@@@@@@@@@@@@@@@@@@@@@@@@@@@@@@@@@@@@@@@@@@@@@@@@@@@@@@@@@@@@@@@@@@@@@@@@@@@@@@@@@@@@@@@@@@@@@@@@@@@@@@@@@@@@@@@@@@@@@@@@@@@@@@@@@@@@@@@@@@@@@@@@@@@@@@@@@@@@@@@@@@@@@@@@@@@@@@@@@@@@@@@@@@@@@@@@@@@@@@@@@@@@@@@@@@@@@@@@@@@@@@@@@@@@@@@@@@@@@@@@@@@@@@@@@@@@@@@@@@@@@@@@@@@@@@@@@@@@@@@@@@@@@@@@@@@@@@@@@@@@@@@@@@@@@@@@@@@@@@@@@@@@@@@@@@@@@@@@@@@@@@@@@@@@@@@@@@@@@@@@@@@@@@@@@@@@@@@@@@@@@@@@@@@@@@@@@@@@@@@@@@@@@@@@@@@@@@@@@@@@@@@@@@@@@@@@@@@@@@@@@@@@@@@@@@@@@@@@@@@@@@@@@@@@@@@@@@@@@@@@@@@@@@@@@@@@@@@@@@@@@@@@@@@@@@@@@@@@@@@@@@@@@@@@@@@@@@@@@@@@@@@@@@@@@@@@@@@@@@@@@@@@@@@@@@@@@@@@@@@@@@@@@@@@@@@@@@@@@@@@@@@@@@@@@@@@@@@@@@@@@@@@@@@@@@@@@@@@@@@@@@@@@@@@@@@@@@@@@@@@@@@@@@@@@@@@@@@@@@@@@@@@@@@@@@@@@@@@@@@@@@@@@@@@@@@@@@@@@@@@@@@@@@@@@@@@@@@@@@@@@@@@@@@@@@@@@@@@@@@@@@@@@@@@@@@@@@@@@@@@@@@@@@@@@@@@@@@@@@@@@@@@@@@@@@@@@@@@@@@@@@@@@@@@@@@@@@@@@@@@@@@@@@@@@@@@@@@@@@@@@@@@@@@@@@@@@@@@@@@@@@@@@@@@@@@@@@@@@@@@@@@@@@@@@@@@@@@@@@@@@@@@@@@@@@@@@@@@@@@@@@@@@@@@@@@@@@@@@@@@@@@@@@@@@@@@@@@@@@@@@@@@@@@@@@@@@@@@@@@@@@@@@@@@@@@@@@@@@@@@@@@@@@@@@@@@@@@@@@@@@@@@@@@@@@@@@@@@@@@@@@@@@@@@@@@@@@@@@@@@@@@@@@@@@@@@@@@@@@@@@@@@@@@@@@@@@@@@@@@@@@@@@@@@@@@@@@@@@@@@@@@@@@@@@@@@@@@@@@@@@@@@@@@@@@@@@@@@@@@@@@@@@@@@@@@@@@@@@@@@@@@@@@@@@@@@@@@@@@@@@@@@@@@@@@@@@@@@@@@@@@@@@@@@@@@@@@@@@@@@@@@@@@@@@@@@@@@@@@@@@@@@@@@@@@@@@@@@@@@@@@@@@@@@@@@@@@@@@@@@@@@@@@@@@@@@@@@@@@@@@@@@@@@@@@@@@@@@@@@@@@@@@@@@@@@@@@@@@@@@@@@@@@@@@@@@@@@@@@@@@@@@@@@@@@@@@@@@@@@@@@@@@@@@@@@@@@@@@@@@@@@@@@@@@@@@@@@@@@@@@@@@@@@@@@@@@@@@@@@@@@@@@@@@@@@@@@@@@@@@@@@@@@@@@@@@@@@@@@@@@@@@@@@@@@@@@@@@@@@@@@@@@@@@@@@@@@@@@@@@@@@@@@@@@@@@@@@@@@@@@@@@@@@@@@@@@@@@@@@@@@@@@@@@@@@@@@@@@@@@@@@@@@@@@@@@@@@@@@@@@@@@@@@@@@@@@@@@@@@@@@@@@@@@@@@@@@@@@@@@@@@@@@@@@@@@@@@@@@@@@@@@@@@@@@@@@@@@@@@@@@@@@@@@@@@@@@@@@@@@@@@@
File "flash:/c2960-lanbasek9-mz.122-55.SE7/c2960-lanbasek9-mz.122-55.SE7.bin" uncompressed and installed, entry point: 0x3000
executing...

              Restricted Rights Legend

Use, duplication, or disclosure by the Government is
subject to restrictions as set forth in subparagraph
(c) of the Commercial Computer Software - Restricted
Rights clause at FAR sec. 52.227-19 and subparagraph
(c) (1) (ii) of the Rights in Technical Data and Computer
Software clause at DFARS sec. 252.227-7013.

           cisco Systems, Inc.
           170 West Tasman Drive
           San Jose, California 95134-1706



Cisco IOS Software, C2960 Software (C2960-LANBASEK9-M), Version 12.2(55)SE7, RELEASE SOFTWARE (fc1)
Technical Support: http://www.cisco.com/techsupport
Copyright (c) 1986-2013 by Cisco Systems, Inc.
Compiled Mon 28-Jan-13 10:22 by prod_rel_team
Image text-base: 0x00003000, data-base: 0x01900000

Initializing flashfs...

fsck: Disable shadow buffering due to heap fragmentation.
flashfs[1]: 540 files, 20 directories
flashfs[1]: 0 orphaned files, 0 orphaned directories
flashfs[1]: Total bytes: 32514048
flashfs[1]: Bytes used: 13514752
flashfs[1]: Bytes available: 18999296
flashfs[1]: flashfs fsck took 2 seconds.
flashfs[1]: Initialization complete....done Initializing flashfs.

Checking for Bootloader upgrade.. not needed
POST: CPU MIC register Tests : Begin
POST: CPU MIC register Tests : End, Status Passed

POST: PortASIC Memory Tests : Begin
POST: PortASIC Memory Tests : End, Status Passed

POST: CPU MIC interface Loopback Tests : Begin
POST: CPU MIC interface Loopback Tests : End, Status Passed

POST: PortASIC RingLoopback Tests : Begin
POST: PortASIC RingLoopback Tests : End, Status Passed

POST: PortASIC CAM Subsystem Tests : Begin
POST: PortASIC CAM Subsystem Tests : End, Status Passed

POST: PortASIC Port Loopback Tests : Begin
POST: PortASIC Port Loopback Tests : End, Status Passed

Waiting for Port download...Complete


This product contains cryptographic features and is subject to United
States and local country laws governing import, export, transfer and
use. Delivery of Cisco cryptographic products does not imply
third-party authority to import, export, distribute or use encryption.
Importers, exporters, distributors and users are responsible for
compliance with U.S. and local country laws. By using this product you
agree to comply with applicable laws and regulations. If you are unable
to comply with U.S. and local laws, return this product immediately.

A summary of U.S. laws governing Cisco cryptographic products may be found at:
http://www.cisco.com/wwl/export/crypto/tool/stqrg.html

If you require further assistance please contact us by sending email to
export@cisco.com.

cisco WS-C2960-24TT-L (PowerPC405) processor (revision U0) with 65536K bytes of memory.
Processor board ID FCW1749A233
Last reset from power-on
1 Virtual Ethernet interface
24 FastEthernet interfaces
2 Gigabit Ethernet interfaces
The password-recovery mechanism is enabled.

64K bytes of flash-simulated non-volatile configuration memory.
Base ethernet MAC Address       : C4:14:3C:5A:82:00
Motherboard assembly number     : 73-12600-06
Power supply part number        : 341-0097-03
Motherboard serial number       : FOC1748421N
Power supply serial number      : ALD1747B2PT
Model revision number           : U0
Motherboard revision number     : B0
Model number                    : WS-C2960-24TT-L
System serial number            : FCW1749A233
Top Assembly Part Number        : 800-32797-02
Top Assembly Revision Number    : B0
Version ID                      : V11
CLEI Code Number                : COM3L00BRF
Hardware Board Revision Number  : 0x0A


Switch Ports Model              SW Version            SW Image
------ ----- -----              ----------            ----------
*    1 26    WS-C2960-24TT-L    12.2(55)SE7           C2960-LANBASEK9-M




         --- System Configuration Dialog ---

Enable secret warning
----------------------------------
In order to access the device manager, an enable secret is required
If you enter the initial configuration dialog, you will be prompted for the enable secret
If you choose not to enter the intial configuration dialog, or if you exit setup without setting the enable secret,
please set an enable secret using the following CLI in configuration mode-
enable secret 0 <cleartext password>
----------------------------------
Would you like to enter the initial configuration dialog? [yes/no]:
% Please answer 'yes' or 'no'.
Would you like to enter the initial configuration dialog? [yes/no]:
*Mar  1 00:00:31.633: %LINEPROTO-5-UPDOWN: Line protocol on Interface Vlan1, changed state to down
*Mar  1 00:00:32.942: %SPANTREE-5-EXTENDED_SYSID: Extended SysId enabled for type vlan
*Mar  1 00:00:54.635: %SYS-5-RESTART: System restarted --
Cisco IOS Software, C2960 Software (C2960-LANBASEK9-M), Version 12.2(55)SE7, RELEASE SOFTWARE (fc1)
Technical Support: http://www.cisco.com/techsupport
Copyright
% Please answer 'yes' or 'no'.
Would you like to enter the initial configuration dialog? [yes/no]: (c) 1986-2013 by Cisco Systems, Inc.
Compiled Mon 28-Jan-13 10:22 by prod_rel_team
*Mar  1 00:00:56.220: %LINK-3-UPDOWN: Interface FastEthernet0/1, changed state to up
*Mar  1 00:00:56.220: %LINK-3-UPDOWN: Interface FastEthernet0/6, changed state to up
*Mar  1 00:00:57.294: %LINEPROTO-5-UPDOWN: Line protocol on Interface FastEthernet0/1, changed state to up
*Mar  1 00:00:57.302: %LINEPROTO-5-UPDOWN: Line protocol on Interface FastEthernet0/6, changed state to up
*Mar  1 00:01:26.109: %LINEPROTO-5-UPDOWN: Line protocol on Interface Vlan1, changed state to up
% Please answer 'yes' or 'no'.
Would you like to enter the initial configuration dialog? [yes/no]: n
Switch>enable
Switch#config term
Enter configuration commands, one per line.  End with CNTL/Z.
Switch(config)#hostname S1
S1(config)#int vlan 1
S1(config-if)#ip add
S1(config-if)#ip address 192.168.1.11 255.255.255.0
S1(config-if)#no shutdown
S1(config-if)#exit
S1(config)#do show ip brief
show ip brief
        ^
% Invalid input detected at '^' marker.

S1(config)#do show ip breif
show ip breif
        ^
% Invalid input detected at '^' marker.

S1(config)#do show ip
show ip
% Incomplete command.

S1(config)#do show ip config
show ip config
        ^
% Invalid input detected at '^' marker.

S1(config)#do show ip int breif
show ip int breif
              ^
% Invalid input detected at '^' marker.

S1(config)#do show ip int brief
Interface              IP-Address      OK? Method Status                Protocol
Vlan1                  192.168.1.11    YES manual up                    up
FastEthernet0/1        unassigned      YES unset  up                    up
FastEthernet0/2        unassigned      YES unset  down                  down
FastEthernet0/3        unassigned      YES unset  down                  down
FastEthernet0/4        unassigned      YES unset  down                  down
FastEthernet0/5        unassigned      YES unset  down                  down
FastEthernet0/6        unassigned      YES unset  up                    up
FastEthernet0/7        unassigned      YES unset  down                  down
FastEthernet0/8        unassigned      YES unset  down                  down
FastEthernet0/9        unassigned      YES unset  down                  down
FastEthernet0/10       unassigned      YES unset  down                  down
FastEthernet0/11       unassigned      YES unset  down                  down
FastEthernet0/12       unassigned      YES unset  down                  down
FastEthernet0/13       unassigned      YES unset  down                  down
FastEthernet0/14       unassigned      YES unset  down                  down
FastEthernet0/15       unassigned      YES unset  down                  down
FastEthernet0/16       unassigned      YES unset  down                  down
FastEthernet0/17       unassigned      YES unset  down                  down
FastEthernet0/18       unassigned      YES unset  down                  down
FastEthernet0/19       unassigned      YES unset  down                  down
FastEthernet0/20       unassigned      YES unset  down                  down
FastEthernet0/21       unassigned      YES unset  down                  down
FastEthernet0/22       unassigned      YES unset  down                  down
FastEthernet0/23       unassigned      YES unset  down                  down
FastEthernet0/24       unassigned      YES unset  down                  down
GigabitEthernet0/1     unassigned      YES unset  down                  down
GigabitEthernet0/2     unassigned      YES unset  down                  down
S1(config)#int range fa0/2-5, fa0/7-24, g0/1-2
S1(config-if-range)#shutdown
S1(config-if-range)#
*Mar  1 00:06:01.221: %LINK-5-CHANGED: Interface FastEthernet0/2, changed state to administratively down
*Mar  1 00:06:01.247: %LINK-5-CHANGED: Interface FastEthernet0/3, changed state to administratively down
*Mar  1 00:06:01.263: %LINK-5-CHANGED: Interface FastEthernet0/4, changed state to administratively down
*Mar  1 00:06:01.280: %LINK-5-CHANGED: Interface FastEthernet0/5, changed state to administratively down
*Mar  1 00:06:01.305: %LINK-5-CHANGED: Interface FastEthernet0/7, changed state to administratively down
*Mar  1 00:06:01.322: %LINK-5-CHANGED: Interface FastEthernet0/8, changed state to administratively down
*Mar  1 00:06:01.339: %LINK-5-CHANGED: Interface FastEthernet0/9, changed state to administratively down
*Mar  1 00:06:01.356: %LINK-5-CHANGED: Interface FastEthernet0/10, changed state to administratively down
*Mar  1 00:06:01.381: %LINK-5-CHANGED: Interface FastEthernet0/11, changed state to administratively down
*Mar  1 00:06:01.397: %LINK-5-CHANGED: Interface FastEthernet0/12, changed state to administratively down
*Mar  1 00:06:01.423: %LINK-5-CHANGED: Interface FastEthernet0/13, changed state to administratively down
*Mar  1 00:06:01.439: %LINK-5-CHANGED: Interface FastEthernet0/14, changed state to administratively down
*Mar  1 00:06:01.465: %LINK-5-CHANGED: Interface FastEthernet0/15, changed state to administratively down
*Mar  1 00:06:01.481: %LINK-5-CHANGED: Interface FastEthernet0/16, changed state to administratively down
*Mar  1 00:06:01.498: %LINK-5-CHANGED: Interface FastEthernet0/17, changed state to administratively down
*Mar  1 00:06:01.515: %LINK-5-CHANGED: Interface FastEthernet0/18, changed state to administratively down
*Mar  1 00:06:01.540: %LINK-5-CHANGED: Interface FastEthernet0/19, changed state to administratively down
*Mar  1 00:06:01.557: %LINK-5-CHANGED: Interface FastEthernet0/20, changed state to administratively down
*Mar  1 00:06:01.574: %LINK-5-CHANGED: Interface FastEthernet0/21, changed state to administratively down
*Mar  1 00:06:01.590: %LINK-5-CHANGED: Interface FastEthernet0/22, changed state to administratively down
*Mar  1 00:06:01.616: %LINK-5-CHANGED: Interface FastEthernet0/23, changed state to administratively down
*Mar  1 00:06:01.649: %LINK-5-CHANGED: Interface FastEthernet0/24, changed state to administratively down
*Mar  1 00:06:01.666: %LINK-5-CHANGED: Interface GigabitEthernet0/1, changed state to administratively down
*Mar  1 00:06:01.683: %LINK-5-CHANGED: Interface GigabitEthernet0/2, changed state to administratively down
S1(config-if-range)# Unortharized Access Prohibited

User Access Verification

Password:
s2>enable
Password:
s2#show flash

Directory of flash:/

    2  -rwx     9825024   Jan 1 1970 03:00:23 +00:00  c2960-lanbasek9-mz.122-55.SE10.bin
    4  drwx         192   Mar 1 1993 00:57:18 +00:00  c2960-lanbasek9-mz.122-55.SE10
    5  -rwx        1919   Mar 1 1993 00:02:17 +00:00  private-config.text
    6  -rwx        3096   Mar 1 1993 00:02:17 +00:00  multiple-fs
  562  -rwx         108   Mar 1 1993 01:00:13 +00:00  info
  563  -rwx        2027   Mar 1 1993 00:02:17 +00:00  config.text

32514048 bytes total (9160192 bytes free)
s2#erase startup-config
Erasing the nvram filesystem will remove all configuration files! Continue? [confirm]
[OK]
Erase of nvram: complete
s2#
*Mar  1 00:15:53.449: %SYS-7-NV_BLOCK_INIT: Initialized the geometry of nvram
s2#reload
Proceed with reload? [confirm]

*Mar  1 00:15:59.035: %SYS-5-RELOAD: Reload requested by console. Reload reason: Reload command
Boot Sector Filesystem (bs) installed, fsid: 2
Base ethernet MAC Address: c4:14:3c:5a:a6:00
Xmodem file system is available.
The password-recovery mechanism is enabled.
Initializing Flash...
flashfs[0]: 541 files, 19 directories
flashfs[0]: 0 orphaned files, 0 orphaned directories
flashfs[0]: Total bytes: 32514048
flashfs[0]: Bytes used: 23347200
flashfs[0]: Bytes available: 9166848
flashfs[0]: flashfs fsck took 12 seconds.
...done Initializing Flash.
done.
Loading "flash:c2960-lanbasek9-mz.122-55.SE10/c2960-lanbasek9-mz.122-55.SE10.bin"...@@@@@@@@@@@@@@@@@@@@@@@@@@@@@@@@@@@@@@@@@@@@@@@@@@@@@@@@@@@@@@@@@@@@@@@@@@@@@@@@@@@@@@@@@@@@@@@@@@@@@@@@@@@@@@@@@@@@@@@@@@@@@@@@@@@@@@@@@@@@@@@@@@@@@@@@@@@@@@@@@@@@@@@@@@@@@@@@@@@@@@@@@@@@@@@@@@@@@@@@@@@@@@@@@@@@@@@@@@@@@@@@@@@@@@@@@@@@@@@@@@@@@@@@@@@@@@@@@@@@@@@@@@@@@@@@@@@@@@@@@@@@@@@@@@@@@@@@@@@@@@@@@@@@@@@@@@@@@@@@@@@@@@@@@@@@@@@@@@@@@@@@@@@@@@@@@@@@@@@@@@@@@@@@@@@@@@@@@@@@@@@@@@@@@@@@@@@@@@@@@@@@@@@@@@@@@@@@@@@@@@@@@@@@@@@@@@@@@@@@@@@@@@@@@@@@@@@@@@@@@@@@@@@@@@@@@@@@@@@@@@@@@@@@@@@@@@@@@@@@@@@@@@@@@@@@@@@@@@@@@@@@@@@@@@@@@@@@@@@@@@@@@@@@@@@@@@@@@@@@@@@@@@@@@@@@@@@@@@@@@@@@@@@@@@@@@@@@@@@@@@@@@@@@@@@@@@@@@@@@@@@@@@@@@@@@@@@@@@@@@@@@@@@@@@@@@@@@@@@@@@@@@@@@@@@@@@@@@@@@@@@@@@@@@@@@@@@@@@@@@@@@@@@@@@@@@@@@@@@@@@@@@@@@@@@@@@@@@@@@@@@@@@@@@@@@@@@@@@@@@@@@@@@@@@@@@@@@@@@@@@@@@@@@@@@@@@@@@@@@@@@@@@@@@@@@@@@@@@@@@@@@@@@@@@@@@@@@@@@@@@@@@@@@@@@@@@@@@@@@@@@@@@@@@@@@@@@@@@@@@@@@@@@@@@@@@@@@@@@@@@@@@@@@@@@@@@@@@@@@@@@@@@@@@@@@@@@@@@@@@@@@@@@@@@@@@@@@@@@@@@@@@@@@@@@@@@@@@@@@@@@@@@@@@@@@@@@@@@@@@@@@@@@@@@@@@@@@@@@@@@@@@@@@@@@@@@@@@@@@@@@@@@@@@@@@@@@@@@@@@@@@@@@@@@@@@@@@@@@@@@@@@@@@@@@@@@@@@@@@@@@@@@@@@@@@@@@@@@@@@@@@@@@@@@@@@@@@@@@@@@@@@@@@@@@@@@@@@@@@@@@@@@@@@@@@@@@@@@@@@@@@@@@@@@@@@@@@@@@@@@@@@@@@@@@@@@@@@@@@@@@@@@@@@@@@@@@@@@@@@@@@@@@@@@@@@@@@@@@@@@@@@@@@@@@@@@@@@@@@@@@@@@@@@@@@@@@@@@@@@@@@@@@@@@@@@@@@@@@@@@@@@@@@@@@@@@@@@@@@@@@@@@@@@@@@@@@@@@@@@@@@@@@@@@@@@@@@@@@@@@@@@@@@@@@@@@@@@@@@@@@@@@@@@@@@@@@@@@@@@@@@@@@@@@@@@@@@@@@@@@@@@@@@@@@@@@@@@@@@@@@@@@@@@@@@@@@@@@@@@@@@@@@@@@@@@@@@@@@@@@@@@@@@@@@@@@@@@@@@@@@@@@@@@@@@@@@@@@@@@@@@@@@@@@@@@@@@@@@@@@@@@@@@@@@@@@@@@@@@@@@@@@@@@@@@@@@@@@@@@@@@@@@@@@@@@@@@@@@@@@@@@@@@@@@@@@@@@@@@@@@@@@@@@@@@@@@@@@@@@@@@@@@@@@@@@@@@@@@@@@@@@@@@@@@@@@@@@@@@@@@@@@@@@@@@@@@@@@@@@@@@@@@@@@@@@@@@@@@@@@@@@@@@@@@@@@@@@@@@@@@@@@@@@@@@@@@@@@@@@@@@@@@@@@@@@@@@@@@@@@@@@@@@@@@@@@@@@@@@@@@@@@@@@@@@@@@@@@@@@@@@@@@@@@@@@@@@@@@@@@@@@@@@@@@@@@@@@@@@@@@@@@@@@@@@@@@@@@@@@@@@@@@@@@@@@@@@@@@@@@@@@@@@@@@@@@@@@@@@@@@@@@@@@@@@@@@@@@@@@@@@@@@@@@@@@@@@@@@@@@@@@@@@@@@@@@@@@@@@@@@@@@@@@@@@@@@@@@@@@@@@@@@@@@@@@@@@@@@@@@@@@@@@@@@@@@@@@@@@@@@@@@@@@@@@@@@@@@@@@@@@@@@@@@@@@@@@@@@@@@@@@@@@@@@@@@@@@@@@@@@@@@@@@@@@@@@@@@@@@@@@@@@@@@@@@@@@@@@@@@@@@@@@@@@@@@@@@@@@@@@@@@@@@@@@@@@@@@@@@@@@@@@@@@@@@@@@@@@@@@@@@@@@@@@@@@@@@@@@@@@@@@@@@@@@@@@@@@@@@@@@@@@@@@@@@@@@@@@@@@@@@@@@@@@@@@@@@@@@@@@@@@@@@@@@@@@@@@@@@@@@@@@@@@@@@@@@@@@@@@@@@@@@@@@@@@@@@@@@@@@@@@@@@@@@@@@@@@@@@@@@@@@@@@@@@@@@@@@
File "flash:c2960-lanbasek9-mz.122-55.SE10/c2960-lanbasek9-mz.122-55.SE10.bin" uncompressed and installed, entry point: 0x3000
executing...

              Restricted Rights Legend

Use, duplication, or disclosure by the Government is
subject to restrictions as set forth in subparagraph
(c) of the Commercial Computer Software - Restricted
Rights clause at FAR sec. 52.227-19 and subparagraph
(c) (1) (ii) of the Rights in Technical Data and Computer
Software clause at DFARS sec. 252.227-7013.

           cisco Systems, Inc.
           170 West Tasman Drive
           San Jose, California 95134-1706



Cisco IOS Software, C2960 Software (C2960-LANBASEK9-M), Version 12.2(55)SE10, RELEASE SOFTWARE (fc2)
Technical Support: http://www.cisco.com/techsupport
Copyright (c) 1986-2015 by Cisco Systems, Inc.
Compiled Wed 11-Feb-15 11:46 by prod_rel_team
Image text-base: 0x00003000, data-base: 0x01900000

Initializing flashfs...

fsck: Disable shadow buffering due to heap fragmentation.
flashfs[1]: 541 files, 19 directories
flashfs[1]: 0 orphaned files, 0 orphaned directories
flashfs[1]: Total bytes: 32514048
flashfs[1]: Bytes used: 23347200
flashfs[1]: Bytes available: 9166848
flashfs[1]: flashfs fsck took 2 seconds.
flashfs[1]: Initialization complete....done Initializing flashfs.

Checking for Bootloader upgrade.. not needed
POST: CPU MIC register Tests : Begin
POST: CPU MIC register Tests : End, Status Passed

POST: PortASIC Memory Tests : Begin
POST: PortASIC Memory Tests : End, Status Passed

POST: CPU MIC interface Loopback Tests : Begin
POST: CPU MIC interface Loopback Tests : End, Status Passed

POST: PortASIC RingLoopback Tests : Begin
POST: PortASIC RingLoopback Tests : End, Status Passed

POST: PortASIC CAM Subsystem Tests : Begin
POST: PortASIC CAM Subsystem Tests : End, Status Passed

POST: PortASIC Port Loopback Tests : Begin
POST: PortASIC Port Loopback Tests : End, Status Passed

Waiting for Port download...Complete


This product contains cryptographic features and is subject to United
States and local country laws governing import, export, transfer and
use. Delivery of Cisco cryptographic products does not imply
third-party authority to import, export, distribute or use encryption.
Importers, exporters, distributors and users are responsible for
compliance with U.S. and local country laws. By using this product you
agree to comply with applicable laws and regulations. If you are unable
to comply with U.S. and local laws, return this product immediately.

A summary of U.S. laws governing Cisco cryptographic products may be found at:
http://www.cisco.com/wwl/export/crypto/tool/stqrg.html

If you require further assistance please contact us by sending email to
export@cisco.com.

cisco WS-C2960-24TT-L (PowerPC405) processor (revision U0) with 65536K bytes of memory.
Processor board ID FCW1749A24P
Last reset from power-on
1 Virtual Ethernet interface
24 FastEthernet interfaces
2 Gigabit Ethernet interfaces
The password-recovery mechanism is enabled.

64K bytes of flash-simulated non-volatile configuration memory.
Base ethernet MAC Address       : C4:14:3C:5A:A6:00
Motherboard assembly number     : 73-12600-06
Power supply part number        : 341-0097-03
Motherboard serial number       : FOC174841QH
Power supply serial number      : ALD1747B2NR
Model revision number           : U0
Motherboard revision number     : B0
Model number                    : WS-C2960-24TT-L
System serial number            : FCW1749A24P
Top Assembly Part Number        : 800-32797-02
Top Assembly Revision Number    : B0
Version ID                      : V11
CLEI Code Number                : COM3L00BRF
Hardware Board Revision Number  : 0x0A


Switch Ports Model              SW Version            SW Image
------ ----- -----              ----------            ----------
*    1 26    WS-C2960-24TT-L    12.2(55)SE10          C2960-LANBASEK9-M


*Mar  1 00:00:32.421: %LINEPROTO-5-UPDOWN: Line protocol on Interface Vlan1, changed state to down
*Mar  1 00:00:33.730: %SPANTREE-5-EXTENDED_SYSID: Extended SysId enabled for type vlan
*Mar  1 00:00:55.431: %SYS-5-RESTART: System restarted --
Cisco IOS Software, C2960 Software (C2960-LANBASEK9-M), Version 12.2(55)SE10, RELEASE SOFTWARE (fc2)
Technical Support: http://www.cisco.com/techsupport
Copyright (c) 1986-2015 by Cisco Systems, Inc.
Compiled Wed 11-Feb-15 11:46 by prod_rel_team
*Mar  1 00:00:57.034: %LINK-3-UPDOWN: Interface FastEthernet0/1, changed state to up
*Mar  1 00:00:57.034: %LINK-3-UPDOWN: Interface FastEthernet0/18, changed state to up
*Mar  1 00:00:58.107: %LINEPROTO-5-UPDOWN: Line protocol on Interface FastEthernet0/1, changed state to up
*Mar  1 00:00:58.116: %LINEPROTO-5-UPDOWN: Line protocol on Interface FastEthernet0/11, changed state to up
*Mar  1 00:00:58.116: %LINEPROTO-5-UPDOWN: Line protocol on Interface FastEthernet0/18, changed state to up
*Mar  1 00:00:59.181: %LINK-3-UPDOWN: Interface FastEthernet0/11, changed state to up
*Mar  1 00:01:26.998: %LINEPROTO-5-UPDOWN: Line protocol on Interface Vlan1, changed state to up


Press RETURN to get started!




         --- System Configuration Dialog ---

Enable secret warning
----------------------------------
In order to access the device manager, an enable secret is required
If you enter the initial configuration dialog, you will be prompted for the enable secret
If you choose not to enter the intial configuration dialog, or if you exit setup without setting the enable secret,
please set an enable secret using the following CLI in configuration mode-
enable secret 0 <cleartext password>
----------------------------------
Would you like to enter the initial configuration dialog? [yes/no]: n
Switch>
*Mar  1 00:08:00.583: %LINK-5-CHANGED: Interface Vlan1, changed state to administratively down
*Mar  1 00:08:00.591: %LINEPROTO-5-UPDOWN: Line protocol on Interface Vlan1, changed state to down
Switch>enable
Switch#config term
Enter configuration commands, one per line.  End with CNTL/Z.
Switch(config)#hostname S2
S2(config)#ip add
S2(config)#ip address 192.168.1.12 255.255.255.0
                     ^
% Invalid input detected at '^' marker.

S2(config)#ip address 192.168.1.12 255.255.255.0
                     ^
% Invalid input detected at '^' marker.

S2(config)#int vlan 1
S2(config-if)#ip address 192.168.1.12 255.255.255.0
S2(config-if)#no shutdown
S2(config-if)#
*Mar  1 00:09:32.522: %LINK-3-UPDOWN: Interface Vlan1, changed state to up
*Mar  1 00:09:32.530: %LINEPROTO-5-UPDOWN: Line protocol on Interface Vlan1, changed state to upexit
S2(config)#int range fa0/2-10, fa0/12-17, fa0/19-24, g0/1-2
S2(config-if-range)#no shutdown
S2(config-if-range)#shutdown
S2(config-if-range)#
*Mar  1 00:11:40.893: %LINK-5-CHANGED: Interface FastEthernet0/2, changed state to administratively down
*Mar  1 00:11:40.918: %LINK-5-CHANGED: Interface FastEthernet0/3, changed state to administratively down
*Mar  1 00:11:40.943: %LINK-5-CHANGED: Interface FastEthernet0/4, changed state to administratively down
*Mar  1 00:11:40.960: %LINK-5-CHANGED: Interface FastEthernet0/5, changed state to administratively down
*Mar  1 00:11:40.985: %LINK-5-CHANGED: Interface FastEthernet0/6, changed state to administratively down
*Mar  1 00:11:41.010: %LINK-5-CHANGED: Interface FastEthernet0/7, changed state to administratively down
*Mar  1 00:11:41.027: %LINK-5-CHANGED: Interface FastEthernet0/8, changed state to administratively down
*Mar  1 00:11:41.052: %LINK-5-CHANGED: Interface FastEthernet0/9, changed state to administratively down
*Mar  1 00:11:41.069: %LINK-5-CHANGED: Interface FastEthernet0/10, changed state to administratively down
*Mar  1 00:11:41.103: %LINK-5-CHANGED: Interface FastEthernet0/12, changed state to administratively down
*Mar  1 00:11:41.128: %LINK-5-CHANGED: Interface FastEthernet0/13, changed state to administratively down
*Mar  1 00:11:41.145: %LINK-5-CHANGED: Interface FastEthernet0/14, changed state to administratively down
*Mar  1 00:11:41.170: %LINK-5-CHANGED: Interface FastEthernet0/15, changed state to administratively down
*Mar  1 00:11:41.195: %LINK-5-CHANGED: Interface FastEthernet0/16, changed state to administratively down
*Mar  1 00:11:41.212: %LINK-5-CHANGED: Interface FastEthernet0/17, changed state to administratively down
*Mar  1 00:11:41.237: %LINK-5-CHANGED: Interface FastEthernet0/19, changed state to administratively down
*Mar  1 00:11:41.262: %LINK-5-CHANGED: Interface FastEthernet0/20, changed state to administratively down
*Mar  1 00:11:41.279: %LINK-5-CHANGED: Interface FastEthernet0/21, changed state to administratively down
*Mar  1 00:11:41.312: %LINK-5-CHANGED: Interface FastEthernet0/22, changed state to administratively down
*Mar  1 00:11:41.337: %LINK-5-CHANGED: Interface FastEthernet0/23, changed state to administratively down
*Mar  1 00:11:41.363: %LINK-5-CHANGED: Interface FastEthernet0/24, changed state to administratively down
*Mar  1 00:11:41.379: %LINK-5-CHANGED: Interface GigabitEthernet0/1, changed state to administratively down
*Mar  1 00:11:41.405: %LINK-5-CHANGED: Interface GigabitEthernet0/2, changed state to administratively down
S2(config-if-range)#exit
S2(config)#

flashfs[0]: 543 files, 20 directories
flashfs[0]: 0 orphaned files, 0 orphaned directories
flashfs[0]: Total bytes: 32514048
flashfs[0]: Bytes used: 13526016
flashfs[0]: Bytes available: 18988032
flashfs[0]: flashfs fsck took 11 seconds.
...done Initializing Flash.
done.
Loading "flash:/c2960-lanbasek9-mz.122-55.SE7/c2960-lanbasek9-mz.122-55.SE7.bin"...@@@@@@@@@@@@@@@@@@@@@@@@@@@@@@@@@@@@@@@@@@@@@@@@@@@@@@@@@@@@@@@@@@@@@@@@@@@@@@@@@@@@@@@@@@@@@@@@@@@@@@@@@@@@@@@@@@@@@@@@@@@@@@@@@@@@@@@@@@@@@@@@@@@@@@@@@@@@@@@@@@@@@@@@@@@@@@@@@@@@@@@@@@@@@@@@@@@@@@@@@@@@@@@@@@@@@@@@@@@@@@@@@@@@@@@@@@@@@@@@@@@@@@@@@@@@@@@@@@@@@@@@@@@@@@@@@@@@@@@@@@@@@@@@@@@@@@@@@@@@@@@@@@@@@@@@@@@@@@@@@@@@@@@@@@@@@@@@@@@@@@@@@@@@@@@@@@@@@@@@@@@@@@@@@@@@@@@@@@@@@@@@@@@@@@@@@@@@@@@@@@@@@@@@@@@@@@@@@@@@@@@@@@@@@@@@@@@@@@@@@@@@@@@@@@@@@@@@@@@@@@@@@@@@@@@@@@@@@@@@@@@@@@@@@@@@@@@@@@@@@@@@@@@@@@@@@@@@@@@@@@@@@@@@@@@@@@@@@@@@@@@@@@@@@@@@@@@@@@@@@@@@@@@@@@@@@@@@@@@@@@@@@@@@@@@@@@@@@@@@@@@@@@@@@@@@@@@@@@@@@@@@@@@@@@@@@@@@@@@@@@@@@@@@@@@@@@@@@@@@@@@@@@@@@@@@@@@@@@@@@@@@@@@@@@@@@@@@@@@@@@@@@@@@@@@@@@@@@@@@@@@@@@@@@@@@@@@@@@@@@@@@@@@@@@@@@@@@@@@@@@@@@@@@@@@@@@@@@@@@@@@@@@@@@@@@@@@@@@@@@@@@@@@@@@@@@@@@@@@@@@@@@@@@@@@@@@@@@@@@@@@@@@@@@@@@@@@@@@@@@@@@@@@@@@@@@@@@@@@@@@@@@@@@@@@@@@@@@@@@@@@@@@@@@@@@@@@@@@@@@@@@@@@@@@@@@@@@@@@@@@@@@@@@@@@@@@@@@@@@@@@@@@@@@@@@@@@@@@@@@@@@@@@@@@@@@@@@@@@@@@@@@@@@@@@@@@@@@@@@@@@@@@@@@@@@@@@@@@@@@@@@@@@@@@@@@@@@@@@@@@@@@@@@@@@@@@@@@@@@@@@@@@@@@@@@@@@@@@@@@@@@@@@@@@@@@@@@@@@@@@@@@@@@@@@@@@@@@@@@@@@@@@@@@@@@@@@@@@@@@@@@@@@@@@@@@@@@@@@@@@@@@@@@@@@@@@@@@@@@@@@@@@@@@@@@@@@@@@@@@@@@@@@@@@@@@@@@@@@@@@@@@@@@@@@@@@@@@@@@@@@@@@@@@@@@@@@@@@@@@@@@@@@@@@@@@@@@@@@@@@@@@@@@@@@@@@@@@@@@@@@@@@@@@@@@@@@@@@@@@@@@@@@@@@@@@@@@@@@@@@@@@@@@@@@@@@@@@@@@@@@@@@@@@@@@@@@@@@@@@@@@@@@@@@@@@@@@@@@@@@@@@@@@@@@@@@@@@@@@@@@@@@@@@@@@@@@@@@@@@@@@@@@@@@@@@@@@@@@@@@@@@@@@@@@@@@@@@@@@@@@@@@@@@@@@@@@@@@@@@@@@@@@@@@@@@@@@@@@@@@@@@@@@@@@@@@@@@@@@@@@@@@@@@@@@@@@@@@@@@@@@@@@@@@@@@@@@@@@@@@@@@@@@@@@@@@@@@@@@@@@@@@@@@@@@@@@@@@@@@@@@@@@@@@@@@@@@@@@@@@@@@@@@@@@@@@@@@@@@@@@@@@@@@@@@@@@@@@@@@@@@@@@@@@@@@@@@@@@@@@@@@@@@@@@@@@@@@@@@@@@@@@@@@@@@@@@@@@@@@@@@@@@@@@@@@@@@@@@@@@@@@@@@@@@@@@@@@@@@@@@@@@@@@@@@@@@@@@@@@@@@@@@@@@@@@@@@@@@@@@@@@@@@@@@@@@@@@@@@@@@@@@@@@@@@@@@@@@@@@@@@@@@@@@@@@@@@@@@@@@@@@@@@@@@@@@@@@@@@@@@@@@@@@@@@@@@@@@@@@@@@@@@@@@@@@@@@@@@@@@@@@@@@@@@@@@@@@@@@@@@@@@@@@@@@@@@@@@@@@@@@@@@@@@@@@@@@@@@@@@@@@@@@@@@@@@@@@@@@@@@@@@@@@@@@@@@@@@@@@@@@@@@@@@@@@@@@@@@@@@@@@@@@@@@@@@@@@@@@@@@@@@@@@@@@@@@@@@@@@@@@@@@@@@@@@@@@@@@@@@@@@@@@@@@@@@@@@@@@@@@@@@@@@@@@@@@@@@@@@@@@@@@@@@@@@@@@@@@@@@@@@@@@@@@@@@@@@@@@@@@@@@@@@@@@@@@@@@@@@@@@@@@@@@@@@@@@@@@@@@@@@@@@@@@@@@@@@@@@@@@@@@@@@@@@@@@@@@@@@@@@@@@@@@@@@@@@@@@@@@@@@@@@@@@@@@@@@@@@@@@@@@@@@@@@@@@@@@@@@@@@@@@@@@@@@@@@@@@@@@@@@@@@@@@@@@@@@
File "flash:/c2960-lanbasek9-mz.122-55.SE7/c2960-lanbasek9-mz.122-55.SE7.bin" uncompressed and installed, entry point: 0x3000
executing...

              Restricted Rights Legend

Use, duplication, or disclosure by the Government is
subject to restrictions as set forth in subparagraph
(c) of the Commercial Computer Software - Restricted
Rights clause at FAR sec. 52.227-19 and subparagraph
(c) (1) (ii) of the Rights in Technical Data and Computer
Software clause at DFARS sec. 252.227-7013.

           cisco Systems, Inc.
           170 West Tasman Drive
           San Jose, California 95134-1706



Cisco IOS Software, C2960 Software (C2960-LANBASEK9-M), Version 12.2(55)SE7, RELEASE SOFTWARE (fc1)
Technical Support: http://www.cisco.com/techsupport
Copyright (c) 1986-2013 by Cisco Systems, Inc.
Compiled Mon 28-Jan-13 10:22 by prod_rel_team
Image text-base: 0x00003000, data-base: 0x01900000

Initializing flashfs...

fsck: Disable shadow buffering due to heap fragmentation.
flashfs[1]: 543 files, 20 directories
flashfs[1]: 0 orphaned files, 0 orphaned directories
flashfs[1]: Total bytes: 32514048
flashfs[1]: Bytes used: 13526016
flashfs[1]: Bytes available: 18988032
flashfs[1]: flashfs fsck took 2 seconds.
flashfs[1]: Initialization complete....done Initializing flashfs.

Checking for Bootloader upgrade.. not needed
POST: CPU MIC register Tests : Begin
POST: CPU MIC register Tests : End, Status Passed

POST: PortASIC Memory Tests : Begin
POST: PortASIC Memory Tests : End, Status Passed

POST: CPU MIC interface Loopback Tests : Begin
POST: CPU MIC interface Loopback Tests : End, Status Passed

POST: PortASIC RingLoopback Tests : Begin
POST: PortASIC RingLoopback Tests : End, Status Passed

POST: PortASIC CAM Subsystem Tests : Begin
POST: PortASIC CAM Subsystem Tests : End, Status Passed

POST: PortASIC Port Loopback Tests : Begin
POST: PortASIC Port Loopback Tests : End, Status Passed

Waiting for Port download...Complete


This product contains cryptographic features and is subject to United
States and local country laws governing import, export, transfer and
use. Delivery of Cisco cryptographic products does not imply
third-party authority to import, export, distribute or use encryption.
Importers, exporters, distributors and users are responsible for
compliance with U.S. and local country laws. By using this product you
agree to comply with applicable laws and regulations. If you are unable
to comply with U.S. and local laws, return this product immediately.

A summary of U.S. laws governing Cisco cryptographic products may be found at:
http://www.cisco.com/wwl/export/crypto/tool/stqrg.html

If you require further assistance please contact us by sending email to
export@cisco.com.

cisco WS-C2960-24TT-L (PowerPC405) processor (revision U0) with 65536K bytes of memory.
Processor board ID FCW1749A233
Last reset from power-on
1 Virtual Ethernet interface
24 FastEthernet interfaces
2 Gigabit Ethernet interfaces
The password-recovery mechanism is enabled.

64K bytes of flash-simulated non-volatile configuration memory.
Base ethernet MAC Address       : C4:14:3C:5A:82:00
Motherboard assembly number     : 73-12600-06
Power supply part number        : 341-0097-03
Motherboard serial number       : FOC1748421N
Power supply serial number      : ALD1747B2PT
Model revision number           : U0
Motherboard revision number     : B0
Model number                    : WS-C2960-24TT-L
System serial number            : FCW1749A233
Top Assembly Part Number        : 800-32797-02
Top Assembly Revision Number    : B0
Version ID                      : V11
CLEI Code Number                : COM3L00BRF
Hardware Board Revision Number  : 0x0A


Switch Ports Model              SW Version            SW Image
------ ----- -----              ----------            ----------
*    1 26    WS-C2960-24TT-L    12.2(55)SE7           C2960-LANBASEK9-M




Press RETURN to get started!


*Mar  1 00:00:31.650: %LINEPROTO-5-UPDOWN: Line protocol on Interface Vlan1, changed state to down
*Mar  1 00:00:32.958: %SPANTREE-5-EXTENDED_SYSID: Extended SysId enabled for type vlan
*Mar  1 00:01:33.885: %LINEPROTO-5-UPDOWN: Line protocol on Interface Vlan99, changed state to down
*Mar  1 00:01:33.977: %SYS-5-CONFIG_I: Configured from memory by console
*Mar  1 00:01:34.799: %SYS-5-RESTART: System restarted --
Cisco IOS Software, C2960 Software (C2960-LANBASEK9-M), Version 12.2(55)SE7, RELEASE SO Unauthorised Access Prohibited

User Access Verification

Password: FTWARE (fc1)
Technical Support: http://www.cisco.com/techsupport
Copyright (c) 1986-2013 by Cisco Systems, Inc.
Compiled Mon 28-Jan-13 10:22 by prod_rel_team
*Mar  1 00:01:34.824: %SSH-5-ENABLED: SSH 1.99 has been enabled
*Mar  1 00:01:35.235: %LINK-5-CHANGED: Interface FastEthernet0/2, changed state to administratively down
*Mar  1 00:01:35.252: %LINK-5-CHANGED: Interface FastEthernet0/3, changed state to administratively down
*Mar  1 00:01:35.286: %LINK-5-CHANGED: Interface FastEthernet0/4, changed state to administratively down
*Mar  1 00:01:35.378: %LINK-5-CHANGED: Interface FastEthernet0/7, changed state to administratively down
*Mar  1 00:01:35.395: %LINK-5-CHANGED: Interface FastEthernet0/8, changed state to administratively down
*Mar  1 00:01:35.428: %LINK-5-CHANGED: Interface FastEthernet0/9, changed state to administratively down
*Mar  1 00:01:35.445: %LINK-5-CHANGED: Interface FastEthernet0/10, changed state to administratively down
*Mar  1 00:01:35.462: %LINK-5-CHANGED: Interface FastEthernet0/11, changed state to administratively down
*Mar  1 00:01:35.495: %LINK-5-CHANGED: Interface FastEthernet0/12, changed state to administratively down
*Mar  1 00:01:35.512: %LINK-5-CHANGED: Interface FastEthernet0/13, changed state to administratively down
*Mar  1 00:01:35.546: %LINK-5-CHANGED: Interface FastEthernet0/14, changed state to administratively down
*Mar  1 00:01:35.563: %LINK-5-CHANGED: Interface FastEthernet0/15, changed state to administratively down
*Mar  1 00:01:35.579: %LINK-5-CHANGED: Interface FastEthernet0/16, changed state to administratively down
*Mar  1 00:01:35.613: %LINK-5-CHANGED: Interface FastEthernet0/17, changed state to administratively down
*Mar  1 00:01:35.655: %LINK-5-CHANGED: Interface FastEthernet0/18, changed state to administratively down
*Mar  1 00:01:35.655: %LINK-5-CHANGED: Interface FastEthernet0/19, changed state to administratively down
*Mar  1 00:01:35.705: %LINK-5-CHANGED: Interface FastEthernet0/20, changed state to administratively down
*Mar  1 00:01:35.705: %LINK-5-CHANGED: Interface FastEthernet0/21, changed state to administratively down
*Mar  1 00:01:35.739: %LINK-5-CHANGED: Interface FastEthernet0/22, changed state to administratively down
*Mar  1 00:01:35.755: %LINK-5-CHANGED: Interface FastEthernet0/23, changed state to administratively down
*Mar  1 00:01:35.772: %LINK-5-CHANGED: Interface FastEthernet0/24, changed state to administratively down
*Mar  1 00:01:36.267: %LINK-3-UPDOWN: Interface FastEthernet0/6, changed state to up
*Mar  1 00:01:37.274: %LINEPROTO-5-UPDOWN: Line protocol on Interface FastEthernet0/1, changed state to up
*Mar  1 00:01:37.274: %LINEPROTO-5-UPDOWN: Line protocol on Interface FastEthernet0/6, changed state to up
*Mar  1 00:01:38.524: %LINK-3-UPDOWN: Interface FastEthernet0/1, changed state to up
Password:
S1>enable
Password:
Password:
S1#
*Mar  1 00:02:05.988: %LINEPROTO-5-UPDOWN: Line protocol on Interface Vlan99, changed state to up
*Mar  1 00:02:06.542: %LINEPROTO-5-UPDOWN: Line protocol on Interface Vlan1, changed state to up
S1#config term
Enter configuration commands, one per line.  End with CNTL/Z.
S1(config)#do clear config all
clear config all
         ^
% Invalid input detected at '^' marker.

S1(config)#exit
S1#enable
*Mar  1 00:03:05.077: %SYS-5-CONFIG_I: Configured from console by console
S1#clear config all
            ^
% Invalid input detected at '^' marker.

S1#show flash

Directory of flash:/

    2  -rwx        4120   Mar 1 1993 00:01:58 +00:00  multiple-fs
    4  drwx          64   Mar 1 1993 00:03:26 +00:00  Preconf2
  562  -rwx        2389   Mar 1 1993 00:01:58 +00:00  config.text
    6  drwx         192   Mar 1 1993 00:31:33 +00:00  c2960-lanbasek9-mz.122-55.SE7
  563  -rwx         616   Mar 1 1993 00:15:50 +00:00  vlan.dat
  564  -rwx        3819   Mar 1 1993 00:01:58 +00:00  private-config.text

32514048 bytes total (18988032 bytes free)
S1#delate vlan.dat
      ^
% Invalid input detected at '^' marker.

S1#delete vlan.dat
Delete filename [vlan.dat]?
Delete flash:vlan.dat? [confirm]
S1#erase start-up-config
              ^
% Invalid input detected at '^' marker.

S1#erase startup-config
Erasing the nvram filesystem will remove all configuration files! Continue? [confirm]
[OK]
Erase of nvram: complete
S1#
*Mar  1 00:06:09.216: %SYS-7-NV_BLOCK_INIT: Initialized the geometry of nvram
S1#reload

System configuration has been modified. Save? [yes/no]: n
Proceed with reload? [confirm]

*Mar  1 00:06:33.878: %SYS-5-RELOAD: Reload requested by console. Reload reason: Reload command
Boot Sector Filesystem (bs) installed, fsid: 2
Base ethernet MAC Address: c4:14:3c:5a:82:00
Xmodem file system is available.
The password-recovery mechanism is enabled.
Initializing Flash...
flashfs[0]: 540 files, 20 directories
flashfs[0]: 0 orphaned files, 0 orphaned directories
flashfs[0]: Total bytes: 32514048
flashfs[0]: Bytes used: 13514752
flashfs[0]: Bytes available: 18999296
flashfs[0]: flashfs fsck took 11 seconds.
...done Initializing Flash.
done.
Loading "flash:/c2960-lanbasek9-mz.122-55.SE7/c2960-lanbasek9-mz.122-55.SE7.bin"...@@@@@@@@@@@@@@@@@@@@@@@@@@@@@@@@@@@@@@@@@@@@@@@@@@@@@@@@@@@@@@@@@@@@@@@@@@@@@@@@@@@@@@@@@@@@@@@@@@@@@@@@@@@@@@@@@@@@@@@@@@@@@@@@@@@@@@@@@@@@@@@@@@@@@@@@@@@@@@@@@@@@@@@@@@@@@@@@@@@@@@@@@@@@@@@@@@@@@@@@@@@@@@@@@@@@@@@@@@@@@@@@@@@@@@@@@@@@@@@@@@@@@@@@@@@@@@@@@@@@@@@@@@@@@@@@@@@@@@@@@@@@@@@@@@@@@@@@@@@@@@@@@@@@@@@@@@@@@@@@@@@@@@@@@@@@@@@@@@@@@@@@@@@@@@@@@@@@@@@@@@@@@@@@@@@@@@@@@@@@@@@@@@@@@@@@@@@@@@@@@@@@@@@@@@@@@@@@@@@@@@@@@@@@@@@@@@@@@@@@@@@@@@@@@@@@@@@@@@@@@@@@@@@@@@@@@@@@@@@@@@@@@@@@@@@@@@@@@@@@@@@@@@@@@@@@@@@@@@@@@@@@@@@@@@@@@@@@@@@@@@@@@@@@@@@@@@@@@@@@@@@@@@@@@@@@@@@@@@@@@@@@@@@@@@@@@@@@@@@@@@@@@@@@@@@@@@@@@@@@@@@@@@@@@@@@@@@@@@@@@@@@@@@@@@@@@@@@@@@@@@@@@@@@@@@@@@@@@@@@@@@@@@@@@@@@@@@@@@@@@@@@@@@@@@@@@@@@@@@@@@@@@@@@@@@@@@@@@@@@@@@@@@@@@@@@@@@@@@@@@@@@@@@@@@@@@@@@@@@@@@@@@@@@@@@@@@@@@@@@@@@@@@@@@@@@@@@@@@@@@@@@@@@@@@@@@@@@@@@@@@@@@@@@@@@@@@@@@@@@@@@@@@@@@@@@@@@@@@@@@@@@@@@@@@@@@@@@@@@@@@@@@@@@@@@@@@@@@@@@@@@@@@@@@@@@@@@@@@@@@@@@@@@@@@@@@@@@@@@@@@@@@@@@@@@@@@@@@@@@@@@@@@@@@@@@@@@@@@@@@@@@@@@@@@@@@@@@@@@@@@@@@@@@@@@@@@@@@@@@@@@@@@@@@@@@@@@@@@@@@@@@@@@@@@@@@@@@@@@@@@@@@@@@@@@@@@@@@@@@@@@@@@@@@@@@@@@@@@@@@@@@@@@@@@@@@@@@@@@@@@@@@@@@@@@@@@@@@@@@@@@@@@@@@@@@@@@@@@@@@@@@@@@@@@@@@@@@@@@@@@@@@@@@@@@@@@@@@@@@@@@@@@@@@@@@@@@@@@@@@@@@@@@@@@@@@@@@@@@@@@@@@@@@@@@@@@@@@@@@@@@@@@@@@@@@@@@@@@@@@@@@@@@@@@@@@@@@@@@@@@@@@@@@@@@@@@@@@@@@@@@@@@@@@@@@@@@@@@@@@@@@@@@@@@@@@@@@@@@@@@@@@@@@@@@@@@@@@@@@@@@@@@@@@@@@@@@@@@@@@@@@@@@@@@@@@@@@@@@@@@@@@@@@@@@@@@@@@@@@@@@@@@@@@@@@@@@@@@@@@@@@@@@@@@@@@@@@@@@@@@@@@@@@@@@@@@@@@@@@@@@@@@@@@@@@@@@@@@@@@@@@@@@@@@@@@@@@@@@@@@@@@@@@@@@@@@@@@@@@@@@@@@@@@@@@@@@@@@@@@@@@@@@@@@@@@@@@@@@@@@@@@@@@@@@@@@@@@@@@@@@@@@@@@@@@@@@@@@@@@@@@@@@@@@@@@@@@@@@@@@@@@@@@@@@@@@@@@@@@@@@@@@@@@@@@@@@@@@@@@@@@@@@@@@@@@@@@@@@@@@@@@@@@@@@@@@@@@@@@@@@@@@@@@@@@@@@@@@@@@@@@@@@@@@@@@@@@@@@@@@@@@@@@@@@@@@@@@@@@@@@@@@@@@@@@@@@@@@@@@@@@@@@@@@@@@@@@@@@@@@@@@@@@@@@@@@@@@@@@@@@@@@@@@@@@@@@@@@@@@@@@@@@@@@@@@@@@@@@@@@@@@@@@@@@@@@@@@@@@@@@@@@@@@@@@@@@@@@@@@@@@@@@@@@@@@@@@@@@@@@@@@@@@@@@@@@@@@@@@@@@@@@@@@@@@@@@@@@@@@@@@@@@@@@@@@@@@@@@@@@@@@@@@@@@@@@@@@@@@@@@@@@@@@@@@@@@@@@@@@@@@@@@@@@@@@@@@@@@@@@@@@@@@@@@@@@@@@@@@@@@@@@@@@@@@@@@@@@@@@@@@@@@@@@@@@@@@@@@@@@@@@@@@@@@@@@@@@@@@@@@@@@@@@@@@@@@@@@@@@@@@@@@@@@@@@@@@@@@@@@@@@@@@@@@@@@@@@@@@@@@@@@@@@@@@@@@@@@@@@@@@@@@@@@@@@@@@@@@@@@@@@@@@@@@@@@@@@@@@@@@@@@@@@@@@@@@@@@@@@@@@@@@@@@@@@@@@@@@@@@@@@@@@@@@@@@@@@@@@@@@@@@@@@@@@@@@@@@@@@@@@@@@@@@@@@@@@@
File "flash:/c2960-lanbasek9-mz.122-55.SE7/c2960-lanbasek9-mz.122-55.SE7.bin" uncompressed and installed, entry point: 0x3000
executing...

              Restricted Rights Legend

Use, duplication, or disclosure by the Government is
subject to restrictions as set forth in subparagraph
(c) of the Commercial Computer Software - Restricted
Rights clause at FAR sec. 52.227-19 and subparagraph
(c) (1) (ii) of the Rights in Technical Data and Computer
Software clause at DFARS sec. 252.227-7013.

           cisco Systems, Inc.
           170 West Tasman Drive
           San Jose, California 95134-1706



Cisco IOS Software, C2960 Software (C2960-LANBASEK9-M), Version 12.2(55)SE7, RELEASE SOFTWARE (fc1)
Technical Support: http://www.cisco.com/techsupport
Copyright (c) 1986-2013 by Cisco Systems, Inc.
Compiled Mon 28-Jan-13 10:22 by prod_rel_team
Image text-base: 0x00003000, data-base: 0x01900000

Initializing flashfs...

fsck: Disable shadow buffering due to heap fragmentation.
flashfs[1]: 540 files, 20 directories
flashfs[1]: 0 orphaned files, 0 orphaned directories
flashfs[1]: Total bytes: 32514048
flashfs[1]: Bytes used: 13514752
flashfs[1]: Bytes available: 18999296
flashfs[1]: flashfs fsck took 2 seconds.
flashfs[1]: Initialization complete....done Initializing flashfs.

Checking for Bootloader upgrade.. not needed
POST: CPU MIC register Tests : Begin
POST: CPU MIC register Tests : End, Status Passed

POST: PortASIC Memory Tests : Begin
POST: PortASIC Memory Tests : End, Status Passed

POST: CPU MIC interface Loopback Tests : Begin
POST: CPU MIC interface Loopback Tests : End, Status Passed

POST: PortASIC RingLoopback Tests : Begin
POST: PortASIC RingLoopback Tests : End, Status Passed

POST: PortASIC CAM Subsystem Tests : Begin
POST: PortASIC CAM Subsystem Tests : End, Status Passed

POST: PortASIC Port Loopback Tests : Begin
POST: PortASIC Port Loopback Tests : End, Status Passed

Waiting for Port download...Complete


This product contains cryptographic features and is subject to United
States and local country laws governing import, export, transfer and
use. Delivery of Cisco cryptographic products does not imply
third-party authority to import, export, distribute or use encryption.
Importers, exporters, distributors and users are responsible for
compliance with U.S. and local country laws. By using this product you
agree to comply with applicable laws and regulations. If you are unable
to comply with U.S. and local laws, return this product immediately.

A summary of U.S. laws governing Cisco cryptographic products may be found at:
http://www.cisco.com/wwl/export/crypto/tool/stqrg.html

If you require further assistance please contact us by sending email to
export@cisco.com.

cisco WS-C2960-24TT-L (PowerPC405) processor (revision U0) with 65536K bytes of memory.
Processor board ID FCW1749A233
Last reset from power-on
1 Virtual Ethernet interface
24 FastEthernet interfaces
2 Gigabit Ethernet interfaces
The password-recovery mechanism is enabled.

64K bytes of flash-simulated non-volatile configuration memory.
Base ethernet MAC Address       : C4:14:3C:5A:82:00
Motherboard assembly number     : 73-12600-06
Power supply part number        : 341-0097-03
Motherboard serial number       : FOC1748421N
Power supply serial number      : ALD1747B2PT
Model revision number           : U0
Motherboard revision number     : B0
Model number                    : WS-C2960-24TT-L
System serial number            : FCW1749A233
Top Assembly Part Number        : 800-32797-02
Top Assembly Revision Number    : B0
Version ID                      : V11
CLEI Code Number                : COM3L00BRF
Hardware Board Revision Number  : 0x0A


Switch Ports Model              SW Version            SW Image
------ ----- -----              ----------            ----------
*    1 26    WS-C2960-24TT-L    12.2(55)SE7           C2960-LANBASEK9-M




         --- System Configuration Dialog ---

Enable secret warning
----------------------------------
In order to access the device manager, an enable secret is required
If you enter the initial configuration dialog, you will be prompted for the enable secret
If you choose not to enter the intial configuration dialog, or if you exit setup without setting the enable secret,
please set an enable secret using the following CLI in configuration mode-
enable secret 0 <cleartext password>
----------------------------------
Would you like to enter the initial configuration dialog? [yes/no]:
% Please answer 'yes' or 'no'.
Would you like to enter the initial configuration dialog? [yes/no]:
*Mar  1 00:00:31.633: %LINEPROTO-5-UPDOWN: Line protocol on Interface Vlan1, changed state to down
*Mar  1 00:00:32.942: %SPANTREE-5-EXTENDED_SYSID: Extended SysId enabled for type vlan
*Mar  1 00:00:54.635: %SYS-5-RESTART: System restarted --
Cisco IOS Software, C2960 Software (C2960-LANBASEK9-M), Version 12.2(55)SE7, RELEASE SOFTWARE (fc1)
Technical Support: http://www.cisco.com/techsupport
Copyright
% Please answer 'yes' or 'no'.
Would you like to enter the initial configuration dialog? [yes/no]: (c) 1986-2013 by Cisco Systems, Inc.
Compiled Mon 28-Jan-13 10:22 by prod_rel_team
*Mar  1 00:00:56.220: %LINK-3-UPDOWN: Interface FastEthernet0/1, changed state to up
*Mar  1 00:00:56.220: %LINK-3-UPDOWN: Interface FastEthernet0/6, changed state to up
*Mar  1 00:00:57.294: %LINEPROTO-5-UPDOWN: Line protocol on Interface FastEthernet0/1, changed state to up
*Mar  1 00:00:57.302: %LINEPROTO-5-UPDOWN: Line protocol on Interface FastEthernet0/6, changed state to up
*Mar  1 00:01:26.109: %LINEPROTO-5-UPDOWN: Line protocol on Interface Vlan1, changed state to up
% Please answer 'yes' or 'no'.
Would you like to enter the initial configuration dialog? [yes/no]: n
Switch>enable
Switch#config term
Enter configuration commands, one per line.  End with CNTL/Z.
Switch(config)#hostname S1
S1(config)#int vlan 1
S1(config-if)#ip add
S1(config-if)#ip address 192.168.1.11 255.255.255.0
S1(config-if)#no shutdown
S1(config-if)#exit
S1(config)#do show ip brief
show ip brief
        ^
% Invalid input detected at '^' marker.

S1(config)#do show ip breif
show ip breif
        ^
% Invalid input detected at '^' marker.

S1(config)#do show ip
show ip
% Incomplete command.

S1(config)#do show ip config
show ip config
        ^
% Invalid input detected at '^' marker.

S1(config)#do show ip int breif
show ip int breif
              ^
% Invalid input detected at '^' marker.

S1(config)#do show ip int brief
Interface              IP-Address      OK? Method Status                Protocol
Vlan1                  192.168.1.11    YES manual up                    up
FastEthernet0/1        unassigned      YES unset  up                    up
FastEthernet0/2        unassigned      YES unset  down                  down
FastEthernet0/3        unassigned      YES unset  down                  down
FastEthernet0/4        unassigned      YES unset  down                  down
FastEthernet0/5        unassigned      YES unset  down                  down
FastEthernet0/6        unassigned      YES unset  up                    up
FastEthernet0/7        unassigned      YES unset  down                  down
FastEthernet0/8        unassigned      YES unset  down                  down
FastEthernet0/9        unassigned      YES unset  down                  down
FastEthernet0/10       unassigned      YES unset  down                  down
FastEthernet0/11       unassigned      YES unset  down                  down
FastEthernet0/12       unassigned      YES unset  down                  down
FastEthernet0/13       unassigned      YES unset  down                  down
FastEthernet0/14       unassigned      YES unset  down                  down
FastEthernet0/15       unassigned      YES unset  down                  down
FastEthernet0/16       unassigned      YES unset  down                  down
FastEthernet0/17       unassigned      YES unset  down                  down
FastEthernet0/18       unassigned      YES unset  down                  down
FastEthernet0/19       unassigned      YES unset  down                  down
FastEthernet0/20       unassigned      YES unset  down                  down
FastEthernet0/21       unassigned      YES unset  down                  down
FastEthernet0/22       unassigned      YES unset  down                  down
FastEthernet0/23       unassigned      YES unset  down                  down
FastEthernet0/24       unassigned      YES unset  down                  down
GigabitEthernet0/1     unassigned      YES unset  down                  down
GigabitEthernet0/2     unassigned      YES unset  down                  down
S1(config)#int range fa0/2-5, fa0/7-24, g0/1-2
S1(config-if-range)#shutdown
S1(config-if-range)#
*Mar  1 00:06:01.221: %LINK-5-CHANGED: Interface FastEthernet0/2, changed state to administratively down
*Mar  1 00:06:01.247: %LINK-5-CHANGED: Interface FastEthernet0/3, changed state to administratively down
*Mar  1 00:06:01.263: %LINK-5-CHANGED: Interface FastEthernet0/4, changed state to administratively down
*Mar  1 00:06:01.280: %LINK-5-CHANGED: Interface FastEthernet0/5, changed state to administratively down
*Mar  1 00:06:01.305: %LINK-5-CHANGED: Interface FastEthernet0/7, changed state to administratively down
*Mar  1 00:06:01.322: %LINK-5-CHANGED: Interface FastEthernet0/8, changed state to administratively down
*Mar  1 00:06:01.339: %LINK-5-CHANGED: Interface FastEthernet0/9, changed state to administratively down
*Mar  1 00:06:01.356: %LINK-5-CHANGED: Interface FastEthernet0/10, changed state to administratively down
*Mar  1 00:06:01.381: %LINK-5-CHANGED: Interface FastEthernet0/11, changed state to administratively down
*Mar  1 00:06:01.397: %LINK-5-CHANGED: Interface FastEthernet0/12, changed state to administratively down
*Mar  1 00:06:01.423: %LINK-5-CHANGED: Interface FastEthernet0/13, changed state to administratively down
*Mar  1 00:06:01.439: %LINK-5-CHANGED: Interface FastEthernet0/14, changed state to administratively down
*Mar  1 00:06:01.465: %LINK-5-CHANGED: Interface FastEthernet0/15, changed state to administratively down
*Mar  1 00:06:01.481: %LINK-5-CHANGED: Interface FastEthernet0/16, changed state to administratively down
*Mar  1 00:06:01.498: %LINK-5-CHANGED: Interface FastEthernet0/17, changed state to administratively down
*Mar  1 00:06:01.515: %LINK-5-CHANGED: Interface FastEthernet0/18, changed state to administratively down
*Mar  1 00:06:01.540: %LINK-5-CHANGED: Interface FastEthernet0/19, changed state to administratively down
*Mar  1 00:06:01.557: %LINK-5-CHANGED: Interface FastEthernet0/20, changed state to administratively down
*Mar  1 00:06:01.574: %LINK-5-CHANGED: Interface FastEthernet0/21, changed state to administratively down
*Mar  1 00:06:01.590: %LINK-5-CHANGED: Interface FastEthernet0/22, changed state to administratively down
*Mar  1 00:06:01.616: %LINK-5-CHANGED: Interface FastEthernet0/23, changed state to administratively down
*Mar  1 00:06:01.649: %LINK-5-CHANGED: Interface FastEthernet0/24, changed state to administratively down
*Mar  1 00:06:01.666: %LINK-5-CHANGED: Interface GigabitEthernet0/1, changed state to administratively down
*Mar  1 00:06:01.683: %LINK-5-CHANGED: Interface GigabitEthernet0/2, changed state to administratively down
S1(config-if-range)# Unortharized Access Prohibited

User Access Verification

Password:
s2>enable
Password:
s2#show flash

Directory of flash:/

    2  -rwx     9825024   Jan 1 1970 03:00:23 +00:00  c2960-lanbasek9-mz.122-55.SE10.bin
    4  drwx         192   Mar 1 1993 00:57:18 +00:00  c2960-lanbasek9-mz.122-55.SE10
    5  -rwx        1919   Mar 1 1993 00:02:17 +00:00  private-config.text
    6  -rwx        3096   Mar 1 1993 00:02:17 +00:00  multiple-fs
  562  -rwx         108   Mar 1 1993 01:00:13 +00:00  info
  563  -rwx        2027   Mar 1 1993 00:02:17 +00:00  config.text

32514048 bytes total (9160192 bytes free)
s2#erase startup-config
Erasing the nvram filesystem will remove all configuration files! Continue? [confirm]
[OK]
Erase of nvram: complete
s2#
*Mar  1 00:15:53.449: %SYS-7-NV_BLOCK_INIT: Initialized the geometry of nvram
s2#reload
Proceed with reload? [confirm]

*Mar  1 00:15:59.035: %SYS-5-RELOAD: Reload requested by console. Reload reason: Reload command
Boot Sector Filesystem (bs) installed, fsid: 2
Base ethernet MAC Address: c4:14:3c:5a:a6:00
Xmodem file system is available.
The password-recovery mechanism is enabled.
Initializing Flash...
flashfs[0]: 541 files, 19 directories
flashfs[0]: 0 orphaned files, 0 orphaned directories
flashfs[0]: Total bytes: 32514048
flashfs[0]: Bytes used: 23347200
flashfs[0]: Bytes available: 9166848
flashfs[0]: flashfs fsck took 12 seconds.
...done Initializing Flash.
done.
Loading "flash:c2960-lanbasek9-mz.122-55.SE10/c2960-lanbasek9-mz.122-55.SE10.bin"...@@@@@@@@@@@@@@@@@@@@@@@@@@@@@@@@@@@@@@@@@@@@@@@@@@@@@@@@@@@@@@@@@@@@@@@@@@@@@@@@@@@@@@@@@@@@@@@@@@@@@@@@@@@@@@@@@@@@@@@@@@@@@@@@@@@@@@@@@@@@@@@@@@@@@@@@@@@@@@@@@@@@@@@@@@@@@@@@@@@@@@@@@@@@@@@@@@@@@@@@@@@@@@@@@@@@@@@@@@@@@@@@@@@@@@@@@@@@@@@@@@@@@@@@@@@@@@@@@@@@@@@@@@@@@@@@@@@@@@@@@@@@@@@@@@@@@@@@@@@@@@@@@@@@@@@@@@@@@@@@@@@@@@@@@@@@@@@@@@@@@@@@@@@@@@@@@@@@@@@@@@@@@@@@@@@@@@@@@@@@@@@@@@@@@@@@@@@@@@@@@@@@@@@@@@@@@@@@@@@@@@@@@@@@@@@@@@@@@@@@@@@@@@@@@@@@@@@@@@@@@@@@@@@@@@@@@@@@@@@@@@@@@@@@@@@@@@@@@@@@@@@@@@@@@@@@@@@@@@@@@@@@@@@@@@@@@@@@@@@@@@@@@@@@@@@@@@@@@@@@@@@@@@@@@@@@@@@@@@@@@@@@@@@@@@@@@@@@@@@@@@@@@@@@@@@@@@@@@@@@@@@@@@@@@@@@@@@@@@@@@@@@@@@@@@@@@@@@@@@@@@@@@@@@@@@@@@@@@@@@@@@@@@@@@@@@@@@@@@@@@@@@@@@@@@@@@@@@@@@@@@@@@@@@@@@@@@@@@@@@@@@@@@@@@@@@@@@@@@@@@@@@@@@@@@@@@@@@@@@@@@@@@@@@@@@@@@@@@@@@@@@@@@@@@@@@@@@@@@@@@@@@@@@@@@@@@@@@@@@@@@@@@@@@@@@@@@@@@@@@@@@@@@@@@@@@@@@@@@@@@@@@@@@@@@@@@@@@@@@@@@@@@@@@@@@@@@@@@@@@@@@@@@@@@@@@@@@@@@@@@@@@@@@@@@@@@@@@@@@@@@@@@@@@@@@@@@@@@@@@@@@@@@@@@@@@@@@@@@@@@@@@@@@@@@@@@@@@@@@@@@@@@@@@@@@@@@@@@@@@@@@@@@@@@@@@@@@@@@@@@@@@@@@@@@@@@@@@@@@@@@@@@@@@@@@@@@@@@@@@@@@@@@@@@@@@@@@@@@@@@@@@@@@@@@@@@@@@@@@@@@@@@@@@@@@@@@@@@@@@@@@@@@@@@@@@@@@@@@@@@@@@@@@@@@@@@@@@@@@@@@@@@@@@@@@@@@@@@@@@@@@@@@@@@@@@@@@@@@@@@@@@@@@@@@@@@@@@@@@@@@@@@@@@@@@@@@@@@@@@@@@@@@@@@@@@@@@@@@@@@@@@@@@@@@@@@@@@@@@@@@@@@@@@@@@@@@@@@@@@@@@@@@@@@@@@@@@@@@@@@@@@@@@@@@@@@@@@@@@@@@@@@@@@@@@@@@@@@@@@@@@@@@@@@@@@@@@@@@@@@@@@@@@@@@@@@@@@@@@@@@@@@@@@@@@@@@@@@@@@@@@@@@@@@@@@@@@@@@@@@@@@@@@@@@@@@@@@@@@@@@@@@@@@@@@@@@@@@@@@@@@@@@@@@@@@@@@@@@@@@@@@@@@@@@@@@@@@@@@@@@@@@@@@@@@@@@@@@@@@@@@@@@@@@@@@@@@@@@@@@@@@@@@@@@@@@@@@@@@@@@@@@@@@@@@@@@@@@@@@@@@@@@@@@@@@@@@@@@@@@@@@@@@@@@@@@@@@@@@@@@@@@@@@@@@@@@@@@@@@@@@@@@@@@@@@@@@@@@@@@@@@@@@@@@@@@@@@@@@@@@@@@@@@@@@@@@@@@@@@@@@@@@@@@@@@@@@@@@@@@@@@@@@@@@@@@@@@@@@@@@@@@@@@@@@@@@@@@@@@@@@@@@@@@@@@@@@@@@@@@@@@@@@@@@@@@@@@@@@@@@@@@@@@@@@@@@@@@@@@@@@@@@@@@@@@@@@@@@@@@@@@@@@@@@@@@@@@@@@@@@@@@@@@@@@@@@@@@@@@@@@@@@@@@@@@@@@@@@@@@@@@@@@@@@@@@@@@@@@@@@@@@@@@@@@@@@@@@@@@@@@@@@@@@@@@@@@@@@@@@@@@@@@@@@@@@@@@@@@@@@@@@@@@@@@@@@@@@@@@@@@@@@@@@@@@@@@@@@@@@@@@@@@@@@@@@@@@@@@@@@@@@@@@@@@@@@@@@@@@@@@@@@@@@@@@@@@@@@@@@@@@@@@@@@@@@@@@@@@@@@@@@@@@@@@@@@@@@@@@@@@@@@@@@@@@@@@@@@@@@@@@@@@@@@@@@@@@@@@@@@@@@@@@@@@@@@@@@@@@@@@@@@@@@@@@@@@@@@@@@@@@@@@@@@@@@@@@@@@@@@@@@@@@@@@@@@@@@@@@@@@@@@@@@@@@@@@@@@@@@@@@@@@@@@@@@@@@@@@@@@@@@@@@@@@@@@@@@@@@@@@@@@@@@@@@@@@@@@@@@@@@@@@@@@@@@@@@@@@
File "flash:c2960-lanbasek9-mz.122-55.SE10/c2960-lanbasek9-mz.122-55.SE10.bin" uncompressed and installed, entry point: 0x3000
executing...

              Restricted Rights Legend

Use, duplication, or disclosure by the Government is
subject to restrictions as set forth in subparagraph
(c) of the Commercial Computer Software - Restricted
Rights clause at FAR sec. 52.227-19 and subparagraph
(c) (1) (ii) of the Rights in Technical Data and Computer
Software clause at DFARS sec. 252.227-7013.

           cisco Systems, Inc.
           170 West Tasman Drive
           San Jose, California 95134-1706



Cisco IOS Software, C2960 Software (C2960-LANBASEK9-M), Version 12.2(55)SE10, RELEASE SOFTWARE (fc2)
Technical Support: http://www.cisco.com/techsupport
Copyright (c) 1986-2015 by Cisco Systems, Inc.
Compiled Wed 11-Feb-15 11:46 by prod_rel_team
Image text-base: 0x00003000, data-base: 0x01900000

Initializing flashfs...

fsck: Disable shadow buffering due to heap fragmentation.
flashfs[1]: 541 files, 19 directories
flashfs[1]: 0 orphaned files, 0 orphaned directories
flashfs[1]: Total bytes: 32514048
flashfs[1]: Bytes used: 23347200
flashfs[1]: Bytes available: 9166848
flashfs[1]: flashfs fsck took 2 seconds.
flashfs[1]: Initialization complete....done Initializing flashfs.

Checking for Bootloader upgrade.. not needed
POST: CPU MIC register Tests : Begin
POST: CPU MIC register Tests : End, Status Passed

POST: PortASIC Memory Tests : Begin
POST: PortASIC Memory Tests : End, Status Passed

POST: CPU MIC interface Loopback Tests : Begin
POST: CPU MIC interface Loopback Tests : End, Status Passed

POST: PortASIC RingLoopback Tests : Begin
POST: PortASIC RingLoopback Tests : End, Status Passed

POST: PortASIC CAM Subsystem Tests : Begin
POST: PortASIC CAM Subsystem Tests : End, Status Passed

POST: PortASIC Port Loopback Tests : Begin
POST: PortASIC Port Loopback Tests : End, Status Passed

Waiting for Port download...Complete


This product contains cryptographic features and is subject to United
States and local country laws governing import, export, transfer and
use. Delivery of Cisco cryptographic products does not imply
third-party authority to import, export, distribute or use encryption.
Importers, exporters, distributors and users are responsible for
compliance with U.S. and local country laws. By using this product you
agree to comply with applicable laws and regulations. If you are unable
to comply with U.S. and local laws, return this product immediately.

A summary of U.S. laws governing Cisco cryptographic products may be found at:
http://www.cisco.com/wwl/export/crypto/tool/stqrg.html

If you require further assistance please contact us by sending email to
export@cisco.com.

cisco WS-C2960-24TT-L (PowerPC405) processor (revision U0) with 65536K bytes of memory.
Processor board ID FCW1749A24P
Last reset from power-on
1 Virtual Ethernet interface
24 FastEthernet interfaces
2 Gigabit Ethernet interfaces
The password-recovery mechanism is enabled.

64K bytes of flash-simulated non-volatile configuration memory.
Base ethernet MAC Address       : C4:14:3C:5A:A6:00
Motherboard assembly number     : 73-12600-06
Power supply part number        : 341-0097-03
Motherboard serial number       : FOC174841QH
Power supply serial number      : ALD1747B2NR
Model revision number           : U0
Motherboard revision number     : B0
Model number                    : WS-C2960-24TT-L
System serial number            : FCW1749A24P
Top Assembly Part Number        : 800-32797-02
Top Assembly Revision Number    : B0
Version ID                      : V11
CLEI Code Number                : COM3L00BRF
Hardware Board Revision Number  : 0x0A


Switch Ports Model              SW Version            SW Image
------ ----- -----              ----------            ----------
*    1 26    WS-C2960-24TT-L    12.2(55)SE10          C2960-LANBASEK9-M


*Mar  1 00:00:32.421: %LINEPROTO-5-UPDOWN: Line protocol on Interface Vlan1, changed state to down
*Mar  1 00:00:33.730: %SPANTREE-5-EXTENDED_SYSID: Extended SysId enabled for type vlan
*Mar  1 00:00:55.431: %SYS-5-RESTART: System restarted --
Cisco IOS Software, C2960 Software (C2960-LANBASEK9-M), Version 12.2(55)SE10, RELEASE SOFTWARE (fc2)
Technical Support: http://www.cisco.com/techsupport
Copyright (c) 1986-2015 by Cisco Systems, Inc.
Compiled Wed 11-Feb-15 11:46 by prod_rel_team
*Mar  1 00:00:57.034: %LINK-3-UPDOWN: Interface FastEthernet0/1, changed state to up
*Mar  1 00:00:57.034: %LINK-3-UPDOWN: Interface FastEthernet0/18, changed state to up
*Mar  1 00:00:58.107: %LINEPROTO-5-UPDOWN: Line protocol on Interface FastEthernet0/1, changed state to up
*Mar  1 00:00:58.116: %LINEPROTO-5-UPDOWN: Line protocol on Interface FastEthernet0/11, changed state to up
*Mar  1 00:00:58.116: %LINEPROTO-5-UPDOWN: Line protocol on Interface FastEthernet0/18, changed state to up
*Mar  1 00:00:59.181: %LINK-3-UPDOWN: Interface FastEthernet0/11, changed state to up
*Mar  1 00:01:26.998: %LINEPROTO-5-UPDOWN: Line protocol on Interface Vlan1, changed state to up


Press RETURN to get started!




         --- System Configuration Dialog ---

Enable secret warning
----------------------------------
In order to access the device manager, an enable secret is required
If you enter the initial configuration dialog, you will be prompted for the enable secret
If you choose not to enter the intial configuration dialog, or if you exit setup without setting the enable secret,
please set an enable secret using the following CLI in configuration mode-
enable secret 0 <cleartext password>
----------------------------------
Would you like to enter the initial configuration dialog? [yes/no]: n
Switch>
*Mar  1 00:08:00.583: %LINK-5-CHANGED: Interface Vlan1, changed state to administratively down
*Mar  1 00:08:00.591: %LINEPROTO-5-UPDOWN: Line protocol on Interface Vlan1, changed state to down
Switch>enable
Switch#config term
Enter configuration commands, one per line.  End with CNTL/Z.
Switch(config)#hostname S2
S2(config)#ip add
S2(config)#ip address 192.168.1.12 255.255.255.0
                     ^
% Invalid input detected at '^' marker.

S2(config)#ip address 192.168.1.12 255.255.255.0
                     ^
% Invalid input detected at '^' marker.

S2(config)#int vlan 1
S2(config-if)#ip address 192.168.1.12 255.255.255.0
S2(config-if)#no shutdown
S2(config-if)#
*Mar  1 00:09:32.522: %LINK-3-UPDOWN: Interface Vlan1, changed state to up
*Mar  1 00:09:32.530: %LINEPROTO-5-UPDOWN: Line protocol on Interface Vlan1, changed state to upexit
S2(config)#int range fa0/2-10, fa0/12-17, fa0/19-24, g0/1-2
S2(config-if-range)#no shutdown
S2(config-if-range)#shutdown
S2(config-if-range)#
*Mar  1 00:11:40.893: %LINK-5-CHANGED: Interface FastEthernet0/2, changed state to administratively down
*Mar  1 00:11:40.918: %LINK-5-CHANGED: Interface FastEthernet0/3, changed state to administratively down
*Mar  1 00:11:40.943: %LINK-5-CHANGED: Interface FastEthernet0/4, changed state to administratively down
*Mar  1 00:11:40.960: %LINK-5-CHANGED: Interface FastEthernet0/5, changed state to administratively down
*Mar  1 00:11:40.985: %LINK-5-CHANGED: Interface FastEthernet0/6, changed state to administratively down
*Mar  1 00:11:41.010: %LINK-5-CHANGED: Interface FastEthernet0/7, changed state to administratively down
*Mar  1 00:11:41.027: %LINK-5-CHANGED: Interface FastEthernet0/8, changed state to administratively down
*Mar  1 00:11:41.052: %LINK-5-CHANGED: Interface FastEthernet0/9, changed state to administratively down
*Mar  1 00:11:41.069: %LINK-5-CHANGED: Interface FastEthernet0/10, changed state to administratively down
*Mar  1 00:11:41.103: %LINK-5-CHANGED: Interface FastEthernet0/12, changed state to administratively down
*Mar  1 00:11:41.128: %LINK-5-CHANGED: Interface FastEthernet0/13, changed state to administratively down
*Mar  1 00:11:41.145: %LINK-5-CHANGED: Interface FastEthernet0/14, changed state to administratively down
*Mar  1 00:11:41.170: %LINK-5-CHANGED: Interface FastEthernet0/15, changed state to administratively down
*Mar  1 00:11:41.195: %LINK-5-CHANGED: Interface FastEthernet0/16, changed state to administratively down
*Mar  1 00:11:41.212: %LINK-5-CHANGED: Interface FastEthernet0/17, changed state to administratively down
*Mar  1 00:11:41.237: %LINK-5-CHANGED: Interface FastEthernet0/19, changed state to administratively down
*Mar  1 00:11:41.262: %LINK-5-CHANGED: Interface FastEthernet0/20, changed state to administratively down
*Mar  1 00:11:41.279: %LINK-5-CHANGED: Interface FastEthernet0/21, changed state to administratively down
*Mar  1 00:11:41.312: %LINK-5-CHANGED: Interface FastEthernet0/22, changed state to administratively down
*Mar  1 00:11:41.337: %LINK-5-CHANGED: Interface FastEthernet0/23, changed state to administratively down
*Mar  1 00:11:41.363: %LINK-5-CHANGED: Interface FastEthernet0/24, changed state to administratively down
*Mar  1 00:11:41.379: %LINK-5-CHANGED: Interface GigabitEthernet0/1, changed state to administratively down
*Mar  1 00:11:41.405: %LINK-5-CHANGED: Interface GigabitEthernet0/2, changed state to administratively down
S2(config-if-range)#exit
S2(config)#
S1>
S1>enable
S1#config term
Enter configuration commands, one per line.  End with CNTL/Z.
S1(config)#vlan 10
S1(config-vlan)#name Student
S1(config-vlan)#vlan 20
S1(config-vlan)#name Faculty
S1(config-vlan)#vlan 99
S1(config-vlan)#name Management
S1(config-vlan)#end
S1#
*Mar  1 00:25:28.798: %SYS-5-CONFIG_I: Configured from console by console
S1#show vlan

VLAN Name                             Status    Ports
---- -------------------------------- --------- -------------------------------
1    default                          active    Fa0/1, Fa0/2, Fa0/3, Fa0/4
                                                Fa0/5, Fa0/6, Fa0/7, Fa0/8
                                                Fa0/9, Fa0/10, Fa0/11, Fa0/12
                                                Fa0/13, Fa0/14, Fa0/15, Fa0/16
                                                Fa0/17, Fa0/18, Fa0/19, Fa0/20
                                                Fa0/21, Fa0/22, Fa0/23, Fa0/24
                                                Gi0/1, Gi0/2
10   Student                          active
20   Faculty                          active
99   Management                       active
1002 fddi-default                     act/unsup
1003 token-ring-default               act/unsup
1004 fddinet-default                  act/unsup
1005 trnet-default                    act/unsup

VLAN Type  SAID       MTU   Parent RingNo BridgeNo Stp  BrdgMode Trans1 Trans2
---- ----- ---------- ----- ------ ------ -------- ---- -------- ------ ------
1    enet  100001     1500  -      -      -        -    -        0      0
10   enet  100010     1500  -      -      -        -    -        0      0
20   enet  100020     1500  -      -      -        -    -        0      0

VLAN Type  SAID       MTU   Parent RingNo BridgeNo Stp  BrdgMode Trans1 Trans2
---- ----- ---------- ----- ------ ------ -------- ---- -------- ------ ------
99   enet  100099     1500  -      -      -        -    -        0      0
1002 fddi  101002     1500  -      -      -        -    -        0      0
1003 tr    101003     1500  -      -      -        -    -        0      0
1004 fdnet 101004     1500  -      -      -        ieee -        0      0
1005 trnet 101005     1500  -      -      -        ibm  -        0      0

Remote SPAN VLANs
------------------------------------------------------------------------------


Primary Secondary Type              Ports
------- --------- ----------------- ------------------------------------------

S1#config term
Enter configuration commands, one per line.  End with CNTL/Z.
S1(config)#int f0/6
S1(config-if)#swtichport mode access
                ^
% Invalid input detected at '^' marker.

S1(config-if)#switchport mode access
S1(config-if)#switchport access vlan 10
S1(config-if)#int vlan 1
S1(config-if)#no ip addre
S1(config-if)#no ip address
S1(config-if)#int vlan 99
S1(config-if)#
*Mar  1 00:28:02.201: %LINEPROTO-5-UPDOWN: Line protocol on Interface Vlan99, changed state to downip add
S1(config-if)#ip address 192.168.1.11 255.255.255.0
S1(config-if)#end
S1#
*Mar  1 00:28:23.986: %SYS-5-CONFIG_I: Configured from console by console
S1#show vlan brief

VLAN Name                             Status    Ports
---- -------------------------------- --------- -------------------------------
1    default                          active    Fa0/1, Fa0/2, Fa0/3, Fa0/4
                                                Fa0/5, Fa0/7, Fa0/8, Fa0/9
                                                Fa0/10, Fa0/11, Fa0/12, Fa0/13
                                                Fa0/14, Fa0/15, Fa0/16, Fa0/17
                                                Fa0/18, Fa0/19, Fa0/20, Fa0/21
                                                Fa0/22, Fa0/23, Fa0/24, Gi0/1
                                                Gi0/2
10   Student                          active    Fa0/6
20   Faculty                          active
99   Management                       active
1002 fddi-default                     act/unsup
1003 token-ring-default               act/unsup
1004 fddinet-default                  act/unsup
1005 trnet-default                    act/unsup
S1#show ip int breif
                 ^
% Invalid input detected at '^' marker.

S1#show ip int breif
                 ^
% Invalid input detected at '^' marker.

S1#show ip int breif
S1#show ip interface breif
                       ^
% Invalid input detected at '^' marker.

S1#show ip interface brief
Interface              IP-Address      OK? Method Status                Protocol
Vlan1                  unassigned      YES manual up                    up
Vlan99                 192.168.1.11    YES manual up                    down
FastEthernet0/1        unassigned      YES unset  up                    up
FastEthernet0/2        unassigned      YES unset  administratively down down
FastEthernet0/3        unassigned      YES unset  administratively down down
FastEthernet0/4        unassigned      YES unset  administratively down down
FastEthernet0/5        unassigned      YES unset  administratively down down
FastEthernet0/6        unassigned      YES unset  up                    up
FastEthernet0/7        unassigned      YES unset  administratively down down
FastEthernet0/8        unassigned      YES unset  administratively down down
FastEthernet0/9        unassigned      YES unset  administratively down down
FastEthernet0/10       unassigned      YES unset  administratively down down
FastEthernet0/11       unassigned      YES unset  administratively down down
FastEthernet0/12       unassigned      YES unset  administratively down down
FastEthernet0/13       unassigned      YES unset  administratively down down
FastEthernet0/14       unassigned      YES unset  administratively down down
FastEthernet0/15       unassigned      YES unset  administratively down down
FastEthernet0/16       unassigned      YES unset  administratively down down
FastEthernet0/17       unassigned      YES unset  administratively down down
FastEthernet0/18       unassigned      YES unset  administratively down down
FastEthernet0/19       unassigned      YES unset  administratively down down
FastEthernet0/20       unassigned      YES unset  administratively down down
FastEthernet0/21       unassigned      YES unset  administratively down down
FastEthernet0/22       unassigned      YES unset  administratively down down
FastEthernet0/23       unassigned      YES unset  administratively down down
FastEthernet0/24       unassigned      YES unset  administratively down down
GigabitEthernet0/1     unassigned      YES unset  administratively down down
GigabitEthernet0/2     unassigned      YES unset  administratively down down
S1#

flashfs[0]: 543 files, 20 directories
flashfs[0]: 0 orphaned files, 0 orphaned directories
flashfs[0]: Total bytes: 32514048
flashfs[0]: Bytes used: 13526016
flashfs[0]: Bytes available: 18988032
flashfs[0]: flashfs fsck took 11 seconds.
...done Initializing Flash.
done.
Loading "flash:/c2960-lanbasek9-mz.122-55.SE7/c2960-lanbasek9-mz.122-55.SE7.bin"...@@@@@@@@@@@@@@@@@@@@@@@@@@@@@@@@@@@@@@@@@@@@@@@@@@@@@@@@@@@@@@@@@@@@@@@@@@@@@@@@@@@@@@@@@@@@@@@@@@@@@@@@@@@@@@@@@@@@@@@@@@@@@@@@@@@@@@@@@@@@@@@@@@@@@@@@@@@@@@@@@@@@@@@@@@@@@@@@@@@@@@@@@@@@@@@@@@@@@@@@@@@@@@@@@@@@@@@@@@@@@@@@@@@@@@@@@@@@@@@@@@@@@@@@@@@@@@@@@@@@@@@@@@@@@@@@@@@@@@@@@@@@@@@@@@@@@@@@@@@@@@@@@@@@@@@@@@@@@@@@@@@@@@@@@@@@@@@@@@@@@@@@@@@@@@@@@@@@@@@@@@@@@@@@@@@@@@@@@@@@@@@@@@@@@@@@@@@@@@@@@@@@@@@@@@@@@@@@@@@@@@@@@@@@@@@@@@@@@@@@@@@@@@@@@@@@@@@@@@@@@@@@@@@@@@@@@@@@@@@@@@@@@@@@@@@@@@@@@@@@@@@@@@@@@@@@@@@@@@@@@@@@@@@@@@@@@@@@@@@@@@@@@@@@@@@@@@@@@@@@@@@@@@@@@@@@@@@@@@@@@@@@@@@@@@@@@@@@@@@@@@@@@@@@@@@@@@@@@@@@@@@@@@@@@@@@@@@@@@@@@@@@@@@@@@@@@@@@@@@@@@@@@@@@@@@@@@@@@@@@@@@@@@@@@@@@@@@@@@@@@@@@@@@@@@@@@@@@@@@@@@@@@@@@@@@@@@@@@@@@@@@@@@@@@@@@@@@@@@@@@@@@@@@@@@@@@@@@@@@@@@@@@@@@@@@@@@@@@@@@@@@@@@@@@@@@@@@@@@@@@@@@@@@@@@@@@@@@@@@@@@@@@@@@@@@@@@@@@@@@@@@@@@@@@@@@@@@@@@@@@@@@@@@@@@@@@@@@@@@@@@@@@@@@@@@@@@@@@@@@@@@@@@@@@@@@@@@@@@@@@@@@@@@@@@@@@@@@@@@@@@@@@@@@@@@@@@@@@@@@@@@@@@@@@@@@@@@@@@@@@@@@@@@@@@@@@@@@@@@@@@@@@@@@@@@@@@@@@@@@@@@@@@@@@@@@@@@@@@@@@@@@@@@@@@@@@@@@@@@@@@@@@@@@@@@@@@@@@@@@@@@@@@@@@@@@@@@@@@@@@@@@@@@@@@@@@@@@@@@@@@@@@@@@@@@@@@@@@@@@@@@@@@@@@@@@@@@@@@@@@@@@@@@@@@@@@@@@@@@@@@@@@@@@@@@@@@@@@@@@@@@@@@@@@@@@@@@@@@@@@@@@@@@@@@@@@@@@@@@@@@@@@@@@@@@@@@@@@@@@@@@@@@@@@@@@@@@@@@@@@@@@@@@@@@@@@@@@@@@@@@@@@@@@@@@@@@@@@@@@@@@@@@@@@@@@@@@@@@@@@@@@@@@@@@@@@@@@@@@@@@@@@@@@@@@@@@@@@@@@@@@@@@@@@@@@@@@@@@@@@@@@@@@@@@@@@@@@@@@@@@@@@@@@@@@@@@@@@@@@@@@@@@@@@@@@@@@@@@@@@@@@@@@@@@@@@@@@@@@@@@@@@@@@@@@@@@@@@@@@@@@@@@@@@@@@@@@@@@@@@@@@@@@@@@@@@@@@@@@@@@@@@@@@@@@@@@@@@@@@@@@@@@@@@@@@@@@@@@@@@@@@@@@@@@@@@@@@@@@@@@@@@@@@@@@@@@@@@@@@@@@@@@@@@@@@@@@@@@@@@@@@@@@@@@@@@@@@@@@@@@@@@@@@@@@@@@@@@@@@@@@@@@@@@@@@@@@@@@@@@@@@@@@@@@@@@@@@@@@@@@@@@@@@@@@@@@@@@@@@@@@@@@@@@@@@@@@@@@@@@@@@@@@@@@@@@@@@@@@@@@@@@@@@@@@@@@@@@@@@@@@@@@@@@@@@@@@@@@@@@@@@@@@@@@@@@@@@@@@@@@@@@@@@@@@@@@@@@@@@@@@@@@@@@@@@@@@@@@@@@@@@@@@@@@@@@@@@@@@@@@@@@@@@@@@@@@@@@@@@@@@@@@@@@@@@@@@@@@@@@@@@@@@@@@@@@@@@@@@@@@@@@@@@@@@@@@@@@@@@@@@@@@@@@@@@@@@@@@@@@@@@@@@@@@@@@@@@@@@@@@@@@@@@@@@@@@@@@@@@@@@@@@@@@@@@@@@@@@@@@@@@@@@@@@@@@@@@@@@@@@@@@@@@@@@@@@@@@@@@@@@@@@@@@@@@@@@@@@@@@@@@@@@@@@@@@@@@@@@@@@@@@@@@@@@@@@@@@@@@@@@@@@@@@@@@@@@@@@@@@@@@@@@@@@@@@@@@@@@@@@@@@@@@@@@@@@@@@@@@@@@@@@@@@@@@@@@@@@@@@@@@@@@@@@@@@@@@@@@@@@@@@@@@@@@@@@@@@@@@@@@@@@@@@@@@@@@@@@@@@@@@@@@@@@@@@@@@@@@@@@@@@@@@@@@@@@@@@@@@@@@@@@@@@@@@@@@@@@@@@@@@@@@@@@@@@@@@@
File "flash:/c2960-lanbasek9-mz.122-55.SE7/c2960-lanbasek9-mz.122-55.SE7.bin" uncompressed and installed, entry point: 0x3000
executing...

              Restricted Rights Legend

Use, duplication, or disclosure by the Government is
subject to restrictions as set forth in subparagraph
(c) of the Commercial Computer Software - Restricted
Rights clause at FAR sec. 52.227-19 and subparagraph
(c) (1) (ii) of the Rights in Technical Data and Computer
Software clause at DFARS sec. 252.227-7013.

           cisco Systems, Inc.
           170 West Tasman Drive
           San Jose, California 95134-1706



Cisco IOS Software, C2960 Software (C2960-LANBASEK9-M), Version 12.2(55)SE7, RELEASE SOFTWARE (fc1)
Technical Support: http://www.cisco.com/techsupport
Copyright (c) 1986-2013 by Cisco Systems, Inc.
Compiled Mon 28-Jan-13 10:22 by prod_rel_team
Image text-base: 0x00003000, data-base: 0x01900000

Initializing flashfs...

fsck: Disable shadow buffering due to heap fragmentation.
flashfs[1]: 543 files, 20 directories
flashfs[1]: 0 orphaned files, 0 orphaned directories
flashfs[1]: Total bytes: 32514048
flashfs[1]: Bytes used: 13526016
flashfs[1]: Bytes available: 18988032
flashfs[1]: flashfs fsck took 2 seconds.
flashfs[1]: Initialization complete....done Initializing flashfs.

Checking for Bootloader upgrade.. not needed
POST: CPU MIC register Tests : Begin
POST: CPU MIC register Tests : End, Status Passed

POST: PortASIC Memory Tests : Begin
POST: PortASIC Memory Tests : End, Status Passed

POST: CPU MIC interface Loopback Tests : Begin
POST: CPU MIC interface Loopback Tests : End, Status Passed

POST: PortASIC RingLoopback Tests : Begin
POST: PortASIC RingLoopback Tests : End, Status Passed

POST: PortASIC CAM Subsystem Tests : Begin
POST: PortASIC CAM Subsystem Tests : End, Status Passed

POST: PortASIC Port Loopback Tests : Begin
POST: PortASIC Port Loopback Tests : End, Status Passed

Waiting for Port download...Complete


This product contains cryptographic features and is subject to United
States and local country laws governing import, export, transfer and
use. Delivery of Cisco cryptographic products does not imply
third-party authority to import, export, distribute or use encryption.
Importers, exporters, distributors and users are responsible for
compliance with U.S. and local country laws. By using this product you
agree to comply with applicable laws and regulations. If you are unable
to comply with U.S. and local laws, return this product immediately.

A summary of U.S. laws governing Cisco cryptographic products may be found at:
http://www.cisco.com/wwl/export/crypto/tool/stqrg.html

If you require further assistance please contact us by sending email to
export@cisco.com.

cisco WS-C2960-24TT-L (PowerPC405) processor (revision U0) with 65536K bytes of memory.
Processor board ID FCW1749A233
Last reset from power-on
1 Virtual Ethernet interface
24 FastEthernet interfaces
2 Gigabit Ethernet interfaces
The password-recovery mechanism is enabled.

64K bytes of flash-simulated non-volatile configuration memory.
Base ethernet MAC Address       : C4:14:3C:5A:82:00
Motherboard assembly number     : 73-12600-06
Power supply part number        : 341-0097-03
Motherboard serial number       : FOC1748421N
Power supply serial number      : ALD1747B2PT
Model revision number           : U0
Motherboard revision number     : B0
Model number                    : WS-C2960-24TT-L
System serial number            : FCW1749A233
Top Assembly Part Number        : 800-32797-02
Top Assembly Revision Number    : B0
Version ID                      : V11
CLEI Code Number                : COM3L00BRF
Hardware Board Revision Number  : 0x0A


Switch Ports Model              SW Version            SW Image
------ ----- -----              ----------            ----------
*    1 26    WS-C2960-24TT-L    12.2(55)SE7           C2960-LANBASEK9-M




Press RETURN to get started!


*Mar  1 00:00:31.650: %LINEPROTO-5-UPDOWN: Line protocol on Interface Vlan1, changed state to down
*Mar  1 00:00:32.958: %SPANTREE-5-EXTENDED_SYSID: Extended SysId enabled for type vlan
*Mar  1 00:01:33.885: %LINEPROTO-5-UPDOWN: Line protocol on Interface Vlan99, changed state to down
*Mar  1 00:01:33.977: %SYS-5-CONFIG_I: Configured from memory by console
*Mar  1 00:01:34.799: %SYS-5-RESTART: System restarted --
Cisco IOS Software, C2960 Software (C2960-LANBASEK9-M), Version 12.2(55)SE7, RELEASE SO Unauthorised Access Prohibited

User Access Verification

Password: FTWARE (fc1)
Technical Support: http://www.cisco.com/techsupport
Copyright (c) 1986-2013 by Cisco Systems, Inc.
Compiled Mon 28-Jan-13 10:22 by prod_rel_team
*Mar  1 00:01:34.824: %SSH-5-ENABLED: SSH 1.99 has been enabled
*Mar  1 00:01:35.235: %LINK-5-CHANGED: Interface FastEthernet0/2, changed state to administratively down
*Mar  1 00:01:35.252: %LINK-5-CHANGED: Interface FastEthernet0/3, changed state to administratively down
*Mar  1 00:01:35.286: %LINK-5-CHANGED: Interface FastEthernet0/4, changed state to administratively down
*Mar  1 00:01:35.378: %LINK-5-CHANGED: Interface FastEthernet0/7, changed state to administratively down
*Mar  1 00:01:35.395: %LINK-5-CHANGED: Interface FastEthernet0/8, changed state to administratively down
*Mar  1 00:01:35.428: %LINK-5-CHANGED: Interface FastEthernet0/9, changed state to administratively down
*Mar  1 00:01:35.445: %LINK-5-CHANGED: Interface FastEthernet0/10, changed state to administratively down
*Mar  1 00:01:35.462: %LINK-5-CHANGED: Interface FastEthernet0/11, changed state to administratively down
*Mar  1 00:01:35.495: %LINK-5-CHANGED: Interface FastEthernet0/12, changed state to administratively down
*Mar  1 00:01:35.512: %LINK-5-CHANGED: Interface FastEthernet0/13, changed state to administratively down
*Mar  1 00:01:35.546: %LINK-5-CHANGED: Interface FastEthernet0/14, changed state to administratively down
*Mar  1 00:01:35.563: %LINK-5-CHANGED: Interface FastEthernet0/15, changed state to administratively down
*Mar  1 00:01:35.579: %LINK-5-CHANGED: Interface FastEthernet0/16, changed state to administratively down
*Mar  1 00:01:35.613: %LINK-5-CHANGED: Interface FastEthernet0/17, changed state to administratively down
*Mar  1 00:01:35.655: %LINK-5-CHANGED: Interface FastEthernet0/18, changed state to administratively down
*Mar  1 00:01:35.655: %LINK-5-CHANGED: Interface FastEthernet0/19, changed state to administratively down
*Mar  1 00:01:35.705: %LINK-5-CHANGED: Interface FastEthernet0/20, changed state to administratively down
*Mar  1 00:01:35.705: %LINK-5-CHANGED: Interface FastEthernet0/21, changed state to administratively down
*Mar  1 00:01:35.739: %LINK-5-CHANGED: Interface FastEthernet0/22, changed state to administratively down
*Mar  1 00:01:35.755: %LINK-5-CHANGED: Interface FastEthernet0/23, changed state to administratively down
*Mar  1 00:01:35.772: %LINK-5-CHANGED: Interface FastEthernet0/24, changed state to administratively down
*Mar  1 00:01:36.267: %LINK-3-UPDOWN: Interface FastEthernet0/6, changed state to up
*Mar  1 00:01:37.274: %LINEPROTO-5-UPDOWN: Line protocol on Interface FastEthernet0/1, changed state to up
*Mar  1 00:01:37.274: %LINEPROTO-5-UPDOWN: Line protocol on Interface FastEthernet0/6, changed state to up
*Mar  1 00:01:38.524: %LINK-3-UPDOWN: Interface FastEthernet0/1, changed state to up
Password:
S1>enable
Password:
Password:
S1#
*Mar  1 00:02:05.988: %LINEPROTO-5-UPDOWN: Line protocol on Interface Vlan99, changed state to up
*Mar  1 00:02:06.542: %LINEPROTO-5-UPDOWN: Line protocol on Interface Vlan1, changed state to up
S1#config term
Enter configuration commands, one per line.  End with CNTL/Z.
S1(config)#do clear config all
clear config all
         ^
% Invalid input detected at '^' marker.

S1(config)#exit
S1#enable
*Mar  1 00:03:05.077: %SYS-5-CONFIG_I: Configured from console by console
S1#clear config all
            ^
% Invalid input detected at '^' marker.

S1#show flash

Directory of flash:/

    2  -rwx        4120   Mar 1 1993 00:01:58 +00:00  multiple-fs
    4  drwx          64   Mar 1 1993 00:03:26 +00:00  Preconf2
  562  -rwx        2389   Mar 1 1993 00:01:58 +00:00  config.text
    6  drwx         192   Mar 1 1993 00:31:33 +00:00  c2960-lanbasek9-mz.122-55.SE7
  563  -rwx         616   Mar 1 1993 00:15:50 +00:00  vlan.dat
  564  -rwx        3819   Mar 1 1993 00:01:58 +00:00  private-config.text

32514048 bytes total (18988032 bytes free)
S1#delate vlan.dat
      ^
% Invalid input detected at '^' marker.

S1#delete vlan.dat
Delete filename [vlan.dat]?
Delete flash:vlan.dat? [confirm]
S1#erase start-up-config
              ^
% Invalid input detected at '^' marker.

S1#erase startup-config
Erasing the nvram filesystem will remove all configuration files! Continue? [confirm]
[OK]
Erase of nvram: complete
S1#
*Mar  1 00:06:09.216: %SYS-7-NV_BLOCK_INIT: Initialized the geometry of nvram
S1#reload

System configuration has been modified. Save? [yes/no]: n
Proceed with reload? [confirm]

*Mar  1 00:06:33.878: %SYS-5-RELOAD: Reload requested by console. Reload reason: Reload command
Boot Sector Filesystem (bs) installed, fsid: 2
Base ethernet MAC Address: c4:14:3c:5a:82:00
Xmodem file system is available.
The password-recovery mechanism is enabled.
Initializing Flash...
flashfs[0]: 540 files, 20 directories
flashfs[0]: 0 orphaned files, 0 orphaned directories
flashfs[0]: Total bytes: 32514048
flashfs[0]: Bytes used: 13514752
flashfs[0]: Bytes available: 18999296
flashfs[0]: flashfs fsck took 11 seconds.
...done Initializing Flash.
done.
Loading "flash:/c2960-lanbasek9-mz.122-55.SE7/c2960-lanbasek9-mz.122-55.SE7.bin"...@@@@@@@@@@@@@@@@@@@@@@@@@@@@@@@@@@@@@@@@@@@@@@@@@@@@@@@@@@@@@@@@@@@@@@@@@@@@@@@@@@@@@@@@@@@@@@@@@@@@@@@@@@@@@@@@@@@@@@@@@@@@@@@@@@@@@@@@@@@@@@@@@@@@@@@@@@@@@@@@@@@@@@@@@@@@@@@@@@@@@@@@@@@@@@@@@@@@@@@@@@@@@@@@@@@@@@@@@@@@@@@@@@@@@@@@@@@@@@@@@@@@@@@@@@@@@@@@@@@@@@@@@@@@@@@@@@@@@@@@@@@@@@@@@@@@@@@@@@@@@@@@@@@@@@@@@@@@@@@@@@@@@@@@@@@@@@@@@@@@@@@@@@@@@@@@@@@@@@@@@@@@@@@@@@@@@@@@@@@@@@@@@@@@@@@@@@@@@@@@@@@@@@@@@@@@@@@@@@@@@@@@@@@@@@@@@@@@@@@@@@@@@@@@@@@@@@@@@@@@@@@@@@@@@@@@@@@@@@@@@@@@@@@@@@@@@@@@@@@@@@@@@@@@@@@@@@@@@@@@@@@@@@@@@@@@@@@@@@@@@@@@@@@@@@@@@@@@@@@@@@@@@@@@@@@@@@@@@@@@@@@@@@@@@@@@@@@@@@@@@@@@@@@@@@@@@@@@@@@@@@@@@@@@@@@@@@@@@@@@@@@@@@@@@@@@@@@@@@@@@@@@@@@@@@@@@@@@@@@@@@@@@@@@@@@@@@@@@@@@@@@@@@@@@@@@@@@@@@@@@@@@@@@@@@@@@@@@@@@@@@@@@@@@@@@@@@@@@@@@@@@@@@@@@@@@@@@@@@@@@@@@@@@@@@@@@@@@@@@@@@@@@@@@@@@@@@@@@@@@@@@@@@@@@@@@@@@@@@@@@@@@@@@@@@@@@@@@@@@@@@@@@@@@@@@@@@@@@@@@@@@@@@@@@@@@@@@@@@@@@@@@@@@@@@@@@@@@@@@@@@@@@@@@@@@@@@@@@@@@@@@@@@@@@@@@@@@@@@@@@@@@@@@@@@@@@@@@@@@@@@@@@@@@@@@@@@@@@@@@@@@@@@@@@@@@@@@@@@@@@@@@@@@@@@@@@@@@@@@@@@@@@@@@@@@@@@@@@@@@@@@@@@@@@@@@@@@@@@@@@@@@@@@@@@@@@@@@@@@@@@@@@@@@@@@@@@@@@@@@@@@@@@@@@@@@@@@@@@@@@@@@@@@@@@@@@@@@@@@@@@@@@@@@@@@@@@@@@@@@@@@@@@@@@@@@@@@@@@@@@@@@@@@@@@@@@@@@@@@@@@@@@@@@@@@@@@@@@@@@@@@@@@@@@@@@@@@@@@@@@@@@@@@@@@@@@@@@@@@@@@@@@@@@@@@@@@@@@@@@@@@@@@@@@@@@@@@@@@@@@@@@@@@@@@@@@@@@@@@@@@@@@@@@@@@@@@@@@@@@@@@@@@@@@@@@@@@@@@@@@@@@@@@@@@@@@@@@@@@@@@@@@@@@@@@@@@@@@@@@@@@@@@@@@@@@@@@@@@@@@@@@@@@@@@@@@@@@@@@@@@@@@@@@@@@@@@@@@@@@@@@@@@@@@@@@@@@@@@@@@@@@@@@@@@@@@@@@@@@@@@@@@@@@@@@@@@@@@@@@@@@@@@@@@@@@@@@@@@@@@@@@@@@@@@@@@@@@@@@@@@@@@@@@@@@@@@@@@@@@@@@@@@@@@@@@@@@@@@@@@@@@@@@@@@@@@@@@@@@@@@@@@@@@@@@@@@@@@@@@@@@@@@@@@@@@@@@@@@@@@@@@@@@@@@@@@@@@@@@@@@@@@@@@@@@@@@@@@@@@@@@@@@@@@@@@@@@@@@@@@@@@@@@@@@@@@@@@@@@@@@@@@@@@@@@@@@@@@@@@@@@@@@@@@@@@@@@@@@@@@@@@@@@@@@@@@@@@@@@@@@@@@@@@@@@@@@@@@@@@@@@@@@@@@@@@@@@@@@@@@@@@@@@@@@@@@@@@@@@@@@@@@@@@@@@@@@@@@@@@@@@@@@@@@@@@@@@@@@@@@@@@@@@@@@@@@@@@@@@@@@@@@@@@@@@@@@@@@@@@@@@@@@@@@@@@@@@@@@@@@@@@@@@@@@@@@@@@@@@@@@@@@@@@@@@@@@@@@@@@@@@@@@@@@@@@@@@@@@@@@@@@@@@@@@@@@@@@@@@@@@@@@@@@@@@@@@@@@@@@@@@@@@@@@@@@@@@@@@@@@@@@@@@@@@@@@@@@@@@@@@@@@@@@@@@@@@@@@@@@@@@@@@@@@@@@@@@@@@@@@@@@@@@@@@@@@@@@@@@@@@@@@@@@@@@@@@@@@@@@@@@@@@@@@@@@@@@@@@@@@@@@@@@@@@@@@@@@@@@@@@@@@@@@@@@@@@@@@@@@@@@@@@@@@@@@@@@@@@@@@@@@@@@@@@@@@@@@@@@@@@@@@@@@@@@@@@@@@@@@@@@@@@@@@@@@@@@@@@@@@@@@@@@@@@@@@@@@@@@@@@@@@@@@@@@@@@@@@@@@@@@@@@@@@@@@@@@@@
File "flash:/c2960-lanbasek9-mz.122-55.SE7/c2960-lanbasek9-mz.122-55.SE7.bin" uncompressed and installed, entry point: 0x3000
executing...

              Restricted Rights Legend

Use, duplication, or disclosure by the Government is
subject to restrictions as set forth in subparagraph
(c) of the Commercial Computer Software - Restricted
Rights clause at FAR sec. 52.227-19 and subparagraph
(c) (1) (ii) of the Rights in Technical Data and Computer
Software clause at DFARS sec. 252.227-7013.

           cisco Systems, Inc.
           170 West Tasman Drive
           San Jose, California 95134-1706



Cisco IOS Software, C2960 Software (C2960-LANBASEK9-M), Version 12.2(55)SE7, RELEASE SOFTWARE (fc1)
Technical Support: http://www.cisco.com/techsupport
Copyright (c) 1986-2013 by Cisco Systems, Inc.
Compiled Mon 28-Jan-13 10:22 by prod_rel_team
Image text-base: 0x00003000, data-base: 0x01900000

Initializing flashfs...

fsck: Disable shadow buffering due to heap fragmentation.
flashfs[1]: 540 files, 20 directories
flashfs[1]: 0 orphaned files, 0 orphaned directories
flashfs[1]: Total bytes: 32514048
flashfs[1]: Bytes used: 13514752
flashfs[1]: Bytes available: 18999296
flashfs[1]: flashfs fsck took 2 seconds.
flashfs[1]: Initialization complete....done Initializing flashfs.

Checking for Bootloader upgrade.. not needed
POST: CPU MIC register Tests : Begin
POST: CPU MIC register Tests : End, Status Passed

POST: PortASIC Memory Tests : Begin
POST: PortASIC Memory Tests : End, Status Passed

POST: CPU MIC interface Loopback Tests : Begin
POST: CPU MIC interface Loopback Tests : End, Status Passed

POST: PortASIC RingLoopback Tests : Begin
POST: PortASIC RingLoopback Tests : End, Status Passed

POST: PortASIC CAM Subsystem Tests : Begin
POST: PortASIC CAM Subsystem Tests : End, Status Passed

POST: PortASIC Port Loopback Tests : Begin
POST: PortASIC Port Loopback Tests : End, Status Passed

Waiting for Port download...Complete


This product contains cryptographic features and is subject to United
States and local country laws governing import, export, transfer and
use. Delivery of Cisco cryptographic products does not imply
third-party authority to import, export, distribute or use encryption.
Importers, exporters, distributors and users are responsible for
compliance with U.S. and local country laws. By using this product you
agree to comply with applicable laws and regulations. If you are unable
to comply with U.S. and local laws, return this product immediately.

A summary of U.S. laws governing Cisco cryptographic products may be found at:
http://www.cisco.com/wwl/export/crypto/tool/stqrg.html

If you require further assistance please contact us by sending email to
export@cisco.com.

cisco WS-C2960-24TT-L (PowerPC405) processor (revision U0) with 65536K bytes of memory.
Processor board ID FCW1749A233
Last reset from power-on
1 Virtual Ethernet interface
24 FastEthernet interfaces
2 Gigabit Ethernet interfaces
The password-recovery mechanism is enabled.

64K bytes of flash-simulated non-volatile configuration memory.
Base ethernet MAC Address       : C4:14:3C:5A:82:00
Motherboard assembly number     : 73-12600-06
Power supply part number        : 341-0097-03
Motherboard serial number       : FOC1748421N
Power supply serial number      : ALD1747B2PT
Model revision number           : U0
Motherboard revision number     : B0
Model number                    : WS-C2960-24TT-L
System serial number            : FCW1749A233
Top Assembly Part Number        : 800-32797-02
Top Assembly Revision Number    : B0
Version ID                      : V11
CLEI Code Number                : COM3L00BRF
Hardware Board Revision Number  : 0x0A


Switch Ports Model              SW Version            SW Image
------ ----- -----              ----------            ----------
*    1 26    WS-C2960-24TT-L    12.2(55)SE7           C2960-LANBASEK9-M




         --- System Configuration Dialog ---

Enable secret warning
----------------------------------
In order to access the device manager, an enable secret is required
If you enter the initial configuration dialog, you will be prompted for the enable secret
If you choose not to enter the intial configuration dialog, or if you exit setup without setting the enable secret,
please set an enable secret using the following CLI in configuration mode-
enable secret 0 <cleartext password>
----------------------------------
Would you like to enter the initial configuration dialog? [yes/no]:
% Please answer 'yes' or 'no'.
Would you like to enter the initial configuration dialog? [yes/no]:
*Mar  1 00:00:31.633: %LINEPROTO-5-UPDOWN: Line protocol on Interface Vlan1, changed state to down
*Mar  1 00:00:32.942: %SPANTREE-5-EXTENDED_SYSID: Extended SysId enabled for type vlan
*Mar  1 00:00:54.635: %SYS-5-RESTART: System restarted --
Cisco IOS Software, C2960 Software (C2960-LANBASEK9-M), Version 12.2(55)SE7, RELEASE SOFTWARE (fc1)
Technical Support: http://www.cisco.com/techsupport
Copyright
% Please answer 'yes' or 'no'.
Would you like to enter the initial configuration dialog? [yes/no]: (c) 1986-2013 by Cisco Systems, Inc.
Compiled Mon 28-Jan-13 10:22 by prod_rel_team
*Mar  1 00:00:56.220: %LINK-3-UPDOWN: Interface FastEthernet0/1, changed state to up
*Mar  1 00:00:56.220: %LINK-3-UPDOWN: Interface FastEthernet0/6, changed state to up
*Mar  1 00:00:57.294: %LINEPROTO-5-UPDOWN: Line protocol on Interface FastEthernet0/1, changed state to up
*Mar  1 00:00:57.302: %LINEPROTO-5-UPDOWN: Line protocol on Interface FastEthernet0/6, changed state to up
*Mar  1 00:01:26.109: %LINEPROTO-5-UPDOWN: Line protocol on Interface Vlan1, changed state to up
% Please answer 'yes' or 'no'.
Would you like to enter the initial configuration dialog? [yes/no]: n
Switch>enable
Switch#config term
Enter configuration commands, one per line.  End with CNTL/Z.
Switch(config)#hostname S1
S1(config)#int vlan 1
S1(config-if)#ip add
S1(config-if)#ip address 192.168.1.11 255.255.255.0
S1(config-if)#no shutdown
S1(config-if)#exit
S1(config)#do show ip brief
show ip brief
        ^
% Invalid input detected at '^' marker.

S1(config)#do show ip breif
show ip breif
        ^
% Invalid input detected at '^' marker.

S1(config)#do show ip
show ip
% Incomplete command.

S1(config)#do show ip config
show ip config
        ^
% Invalid input detected at '^' marker.

S1(config)#do show ip int breif
show ip int breif
              ^
% Invalid input detected at '^' marker.

S1(config)#do show ip int brief
Interface              IP-Address      OK? Method Status                Protocol
Vlan1                  192.168.1.11    YES manual up                    up
FastEthernet0/1        unassigned      YES unset  up                    up
FastEthernet0/2        unassigned      YES unset  down                  down
FastEthernet0/3        unassigned      YES unset  down                  down
FastEthernet0/4        unassigned      YES unset  down                  down
FastEthernet0/5        unassigned      YES unset  down                  down
FastEthernet0/6        unassigned      YES unset  up                    up
FastEthernet0/7        unassigned      YES unset  down                  down
FastEthernet0/8        unassigned      YES unset  down                  down
FastEthernet0/9        unassigned      YES unset  down                  down
FastEthernet0/10       unassigned      YES unset  down                  down
FastEthernet0/11       unassigned      YES unset  down                  down
FastEthernet0/12       unassigned      YES unset  down                  down
FastEthernet0/13       unassigned      YES unset  down                  down
FastEthernet0/14       unassigned      YES unset  down                  down
FastEthernet0/15       unassigned      YES unset  down                  down
FastEthernet0/16       unassigned      YES unset  down                  down
FastEthernet0/17       unassigned      YES unset  down                  down
FastEthernet0/18       unassigned      YES unset  down                  down
FastEthernet0/19       unassigned      YES unset  down                  down
FastEthernet0/20       unassigned      YES unset  down                  down
FastEthernet0/21       unassigned      YES unset  down                  down
FastEthernet0/22       unassigned      YES unset  down                  down
FastEthernet0/23       unassigned      YES unset  down                  down
FastEthernet0/24       unassigned      YES unset  down                  down
GigabitEthernet0/1     unassigned      YES unset  down                  down
GigabitEthernet0/2     unassigned      YES unset  down                  down
S1(config)#int range fa0/2-5, fa0/7-24, g0/1-2
S1(config-if-range)#shutdown
S1(config-if-range)#
*Mar  1 00:06:01.221: %LINK-5-CHANGED: Interface FastEthernet0/2, changed state to administratively down
*Mar  1 00:06:01.247: %LINK-5-CHANGED: Interface FastEthernet0/3, changed state to administratively down
*Mar  1 00:06:01.263: %LINK-5-CHANGED: Interface FastEthernet0/4, changed state to administratively down
*Mar  1 00:06:01.280: %LINK-5-CHANGED: Interface FastEthernet0/5, changed state to administratively down
*Mar  1 00:06:01.305: %LINK-5-CHANGED: Interface FastEthernet0/7, changed state to administratively down
*Mar  1 00:06:01.322: %LINK-5-CHANGED: Interface FastEthernet0/8, changed state to administratively down
*Mar  1 00:06:01.339: %LINK-5-CHANGED: Interface FastEthernet0/9, changed state to administratively down
*Mar  1 00:06:01.356: %LINK-5-CHANGED: Interface FastEthernet0/10, changed state to administratively down
*Mar  1 00:06:01.381: %LINK-5-CHANGED: Interface FastEthernet0/11, changed state to administratively down
*Mar  1 00:06:01.397: %LINK-5-CHANGED: Interface FastEthernet0/12, changed state to administratively down
*Mar  1 00:06:01.423: %LINK-5-CHANGED: Interface FastEthernet0/13, changed state to administratively down
*Mar  1 00:06:01.439: %LINK-5-CHANGED: Interface FastEthernet0/14, changed state to administratively down
*Mar  1 00:06:01.465: %LINK-5-CHANGED: Interface FastEthernet0/15, changed state to administratively down
*Mar  1 00:06:01.481: %LINK-5-CHANGED: Interface FastEthernet0/16, changed state to administratively down
*Mar  1 00:06:01.498: %LINK-5-CHANGED: Interface FastEthernet0/17, changed state to administratively down
*Mar  1 00:06:01.515: %LINK-5-CHANGED: Interface FastEthernet0/18, changed state to administratively down
*Mar  1 00:06:01.540: %LINK-5-CHANGED: Interface FastEthernet0/19, changed state to administratively down
*Mar  1 00:06:01.557: %LINK-5-CHANGED: Interface FastEthernet0/20, changed state to administratively down
*Mar  1 00:06:01.574: %LINK-5-CHANGED: Interface FastEthernet0/21, changed state to administratively down
*Mar  1 00:06:01.590: %LINK-5-CHANGED: Interface FastEthernet0/22, changed state to administratively down
*Mar  1 00:06:01.616: %LINK-5-CHANGED: Interface FastEthernet0/23, changed state to administratively down
*Mar  1 00:06:01.649: %LINK-5-CHANGED: Interface FastEthernet0/24, changed state to administratively down
*Mar  1 00:06:01.666: %LINK-5-CHANGED: Interface GigabitEthernet0/1, changed state to administratively down
*Mar  1 00:06:01.683: %LINK-5-CHANGED: Interface GigabitEthernet0/2, changed state to administratively down
S1(config-if-range)# Unortharized Access Prohibited

User Access Verification

Password:
s2>enable
Password:
s2#show flash

Directory of flash:/

    2  -rwx     9825024   Jan 1 1970 03:00:23 +00:00  c2960-lanbasek9-mz.122-55.SE10.bin
    4  drwx         192   Mar 1 1993 00:57:18 +00:00  c2960-lanbasek9-mz.122-55.SE10
    5  -rwx        1919   Mar 1 1993 00:02:17 +00:00  private-config.text
    6  -rwx        3096   Mar 1 1993 00:02:17 +00:00  multiple-fs
  562  -rwx         108   Mar 1 1993 01:00:13 +00:00  info
  563  -rwx        2027   Mar 1 1993 00:02:17 +00:00  config.text

32514048 bytes total (9160192 bytes free)
s2#erase startup-config
Erasing the nvram filesystem will remove all configuration files! Continue? [confirm]
[OK]
Erase of nvram: complete
s2#
*Mar  1 00:15:53.449: %SYS-7-NV_BLOCK_INIT: Initialized the geometry of nvram
s2#reload
Proceed with reload? [confirm]

*Mar  1 00:15:59.035: %SYS-5-RELOAD: Reload requested by console. Reload reason: Reload command
Boot Sector Filesystem (bs) installed, fsid: 2
Base ethernet MAC Address: c4:14:3c:5a:a6:00
Xmodem file system is available.
The password-recovery mechanism is enabled.
Initializing Flash...
flashfs[0]: 541 files, 19 directories
flashfs[0]: 0 orphaned files, 0 orphaned directories
flashfs[0]: Total bytes: 32514048
flashfs[0]: Bytes used: 23347200
flashfs[0]: Bytes available: 9166848
flashfs[0]: flashfs fsck took 12 seconds.
...done Initializing Flash.
done.
Loading "flash:c2960-lanbasek9-mz.122-55.SE10/c2960-lanbasek9-mz.122-55.SE10.bin"...@@@@@@@@@@@@@@@@@@@@@@@@@@@@@@@@@@@@@@@@@@@@@@@@@@@@@@@@@@@@@@@@@@@@@@@@@@@@@@@@@@@@@@@@@@@@@@@@@@@@@@@@@@@@@@@@@@@@@@@@@@@@@@@@@@@@@@@@@@@@@@@@@@@@@@@@@@@@@@@@@@@@@@@@@@@@@@@@@@@@@@@@@@@@@@@@@@@@@@@@@@@@@@@@@@@@@@@@@@@@@@@@@@@@@@@@@@@@@@@@@@@@@@@@@@@@@@@@@@@@@@@@@@@@@@@@@@@@@@@@@@@@@@@@@@@@@@@@@@@@@@@@@@@@@@@@@@@@@@@@@@@@@@@@@@@@@@@@@@@@@@@@@@@@@@@@@@@@@@@@@@@@@@@@@@@@@@@@@@@@@@@@@@@@@@@@@@@@@@@@@@@@@@@@@@@@@@@@@@@@@@@@@@@@@@@@@@@@@@@@@@@@@@@@@@@@@@@@@@@@@@@@@@@@@@@@@@@@@@@@@@@@@@@@@@@@@@@@@@@@@@@@@@@@@@@@@@@@@@@@@@@@@@@@@@@@@@@@@@@@@@@@@@@@@@@@@@@@@@@@@@@@@@@@@@@@@@@@@@@@@@@@@@@@@@@@@@@@@@@@@@@@@@@@@@@@@@@@@@@@@@@@@@@@@@@@@@@@@@@@@@@@@@@@@@@@@@@@@@@@@@@@@@@@@@@@@@@@@@@@@@@@@@@@@@@@@@@@@@@@@@@@@@@@@@@@@@@@@@@@@@@@@@@@@@@@@@@@@@@@@@@@@@@@@@@@@@@@@@@@@@@@@@@@@@@@@@@@@@@@@@@@@@@@@@@@@@@@@@@@@@@@@@@@@@@@@@@@@@@@@@@@@@@@@@@@@@@@@@@@@@@@@@@@@@@@@@@@@@@@@@@@@@@@@@@@@@@@@@@@@@@@@@@@@@@@@@@@@@@@@@@@@@@@@@@@@@@@@@@@@@@@@@@@@@@@@@@@@@@@@@@@@@@@@@@@@@@@@@@@@@@@@@@@@@@@@@@@@@@@@@@@@@@@@@@@@@@@@@@@@@@@@@@@@@@@@@@@@@@@@@@@@@@@@@@@@@@@@@@@@@@@@@@@@@@@@@@@@@@@@@@@@@@@@@@@@@@@@@@@@@@@@@@@@@@@@@@@@@@@@@@@@@@@@@@@@@@@@@@@@@@@@@@@@@@@@@@@@@@@@@@@@@@@@@@@@@@@@@@@@@@@@@@@@@@@@@@@@@@@@@@@@@@@@@@@@@@@@@@@@@@@@@@@@@@@@@@@@@@@@@@@@@@@@@@@@@@@@@@@@@@@@@@@@@@@@@@@@@@@@@@@@@@@@@@@@@@@@@@@@@@@@@@@@@@@@@@@@@@@@@@@@@@@@@@@@@@@@@@@@@@@@@@@@@@@@@@@@@@@@@@@@@@@@@@@@@@@@@@@@@@@@@@@@@@@@@@@@@@@@@@@@@@@@@@@@@@@@@@@@@@@@@@@@@@@@@@@@@@@@@@@@@@@@@@@@@@@@@@@@@@@@@@@@@@@@@@@@@@@@@@@@@@@@@@@@@@@@@@@@@@@@@@@@@@@@@@@@@@@@@@@@@@@@@@@@@@@@@@@@@@@@@@@@@@@@@@@@@@@@@@@@@@@@@@@@@@@@@@@@@@@@@@@@@@@@@@@@@@@@@@@@@@@@@@@@@@@@@@@@@@@@@@@@@@@@@@@@@@@@@@@@@@@@@@@@@@@@@@@@@@@@@@@@@@@@@@@@@@@@@@@@@@@@@@@@@@@@@@@@@@@@@@@@@@@@@@@@@@@@@@@@@@@@@@@@@@@@@@@@@@@@@@@@@@@@@@@@@@@@@@@@@@@@@@@@@@@@@@@@@@@@@@@@@@@@@@@@@@@@@@@@@@@@@@@@@@@@@@@@@@@@@@@@@@@@@@@@@@@@@@@@@@@@@@@@@@@@@@@@@@@@@@@@@@@@@@@@@@@@@@@@@@@@@@@@@@@@@@@@@@@@@@@@@@@@@@@@@@@@@@@@@@@@@@@@@@@@@@@@@@@@@@@@@@@@@@@@@@@@@@@@@@@@@@@@@@@@@@@@@@@@@@@@@@@@@@@@@@@@@@@@@@@@@@@@@@@@@@@@@@@@@@@@@@@@@@@@@@@@@@@@@@@@@@@@@@@@@@@@@@@@@@@@@@@@@@@@@@@@@@@@@@@@@@@@@@@@@@@@@@@@@@@@@@@@@@@@@@@@@@@@@@@@@@@@@@@@@@@@@@@@@@@@@@@@@@@@@@@@@@@@@@@@@@@@@@@@@@@@@@@@@@@@@@@@@@@@@@@@@@@@@@@@@@@@@@@@@@@@@@@@@@@@@@@@@@@@@@@@@@@@@@@@@@@@@@@@@@@@@@@@@@@@@@@@@@@@@@@@@@@@@@@@@@@@@@@@@@@@@@@@@@@@@@@@@@@@@@@@@@@@@@@@@@@@@@@@@@@@@@@@@@@@@@@@@@@@@@@@@@@@@@@@@@@@@@@@@@@@@@@@@@@@@@@@@@@@@@@@@@@@@@@@@@@@@@@@@@
File "flash:c2960-lanbasek9-mz.122-55.SE10/c2960-lanbasek9-mz.122-55.SE10.bin" uncompressed and installed, entry point: 0x3000
executing...

              Restricted Rights Legend

Use, duplication, or disclosure by the Government is
subject to restrictions as set forth in subparagraph
(c) of the Commercial Computer Software - Restricted
Rights clause at FAR sec. 52.227-19 and subparagraph
(c) (1) (ii) of the Rights in Technical Data and Computer
Software clause at DFARS sec. 252.227-7013.

           cisco Systems, Inc.
           170 West Tasman Drive
           San Jose, California 95134-1706



Cisco IOS Software, C2960 Software (C2960-LANBASEK9-M), Version 12.2(55)SE10, RELEASE SOFTWARE (fc2)
Technical Support: http://www.cisco.com/techsupport
Copyright (c) 1986-2015 by Cisco Systems, Inc.
Compiled Wed 11-Feb-15 11:46 by prod_rel_team
Image text-base: 0x00003000, data-base: 0x01900000

Initializing flashfs...

fsck: Disable shadow buffering due to heap fragmentation.
flashfs[1]: 541 files, 19 directories
flashfs[1]: 0 orphaned files, 0 orphaned directories
flashfs[1]: Total bytes: 32514048
flashfs[1]: Bytes used: 23347200
flashfs[1]: Bytes available: 9166848
flashfs[1]: flashfs fsck took 2 seconds.
flashfs[1]: Initialization complete....done Initializing flashfs.

Checking for Bootloader upgrade.. not needed
POST: CPU MIC register Tests : Begin
POST: CPU MIC register Tests : End, Status Passed

POST: PortASIC Memory Tests : Begin
POST: PortASIC Memory Tests : End, Status Passed

POST: CPU MIC interface Loopback Tests : Begin
POST: CPU MIC interface Loopback Tests : End, Status Passed

POST: PortASIC RingLoopback Tests : Begin
POST: PortASIC RingLoopback Tests : End, Status Passed

POST: PortASIC CAM Subsystem Tests : Begin
POST: PortASIC CAM Subsystem Tests : End, Status Passed

POST: PortASIC Port Loopback Tests : Begin
POST: PortASIC Port Loopback Tests : End, Status Passed

Waiting for Port download...Complete


This product contains cryptographic features and is subject to United
States and local country laws governing import, export, transfer and
use. Delivery of Cisco cryptographic products does not imply
third-party authority to import, export, distribute or use encryption.
Importers, exporters, distributors and users are responsible for
compliance with U.S. and local country laws. By using this product you
agree to comply with applicable laws and regulations. If you are unable
to comply with U.S. and local laws, return this product immediately.

A summary of U.S. laws governing Cisco cryptographic products may be found at:
http://www.cisco.com/wwl/export/crypto/tool/stqrg.html

If you require further assistance please contact us by sending email to
export@cisco.com.

cisco WS-C2960-24TT-L (PowerPC405) processor (revision U0) with 65536K bytes of memory.
Processor board ID FCW1749A24P
Last reset from power-on
1 Virtual Ethernet interface
24 FastEthernet interfaces
2 Gigabit Ethernet interfaces
The password-recovery mechanism is enabled.

64K bytes of flash-simulated non-volatile configuration memory.
Base ethernet MAC Address       : C4:14:3C:5A:A6:00
Motherboard assembly number     : 73-12600-06
Power supply part number        : 341-0097-03
Motherboard serial number       : FOC174841QH
Power supply serial number      : ALD1747B2NR
Model revision number           : U0
Motherboard revision number     : B0
Model number                    : WS-C2960-24TT-L
System serial number            : FCW1749A24P
Top Assembly Part Number        : 800-32797-02
Top Assembly Revision Number    : B0
Version ID                      : V11
CLEI Code Number                : COM3L00BRF
Hardware Board Revision Number  : 0x0A


Switch Ports Model              SW Version            SW Image
------ ----- -----              ----------            ----------
*    1 26    WS-C2960-24TT-L    12.2(55)SE10          C2960-LANBASEK9-M


*Mar  1 00:00:32.421: %LINEPROTO-5-UPDOWN: Line protocol on Interface Vlan1, changed state to down
*Mar  1 00:00:33.730: %SPANTREE-5-EXTENDED_SYSID: Extended SysId enabled for type vlan
*Mar  1 00:00:55.431: %SYS-5-RESTART: System restarted --
Cisco IOS Software, C2960 Software (C2960-LANBASEK9-M), Version 12.2(55)SE10, RELEASE SOFTWARE (fc2)
Technical Support: http://www.cisco.com/techsupport
Copyright (c) 1986-2015 by Cisco Systems, Inc.
Compiled Wed 11-Feb-15 11:46 by prod_rel_team
*Mar  1 00:00:57.034: %LINK-3-UPDOWN: Interface FastEthernet0/1, changed state to up
*Mar  1 00:00:57.034: %LINK-3-UPDOWN: Interface FastEthernet0/18, changed state to up
*Mar  1 00:00:58.107: %LINEPROTO-5-UPDOWN: Line protocol on Interface FastEthernet0/1, changed state to up
*Mar  1 00:00:58.116: %LINEPROTO-5-UPDOWN: Line protocol on Interface FastEthernet0/11, changed state to up
*Mar  1 00:00:58.116: %LINEPROTO-5-UPDOWN: Line protocol on Interface FastEthernet0/18, changed state to up
*Mar  1 00:00:59.181: %LINK-3-UPDOWN: Interface FastEthernet0/11, changed state to up
*Mar  1 00:01:26.998: %LINEPROTO-5-UPDOWN: Line protocol on Interface Vlan1, changed state to up


Press RETURN to get started!




         --- System Configuration Dialog ---

Enable secret warning
----------------------------------
In order to access the device manager, an enable secret is required
If you enter the initial configuration dialog, you will be prompted for the enable secret
If you choose not to enter the intial configuration dialog, or if you exit setup without setting the enable secret,
please set an enable secret using the following CLI in configuration mode-
enable secret 0 <cleartext password>
----------------------------------
Would you like to enter the initial configuration dialog? [yes/no]: n
Switch>
*Mar  1 00:08:00.583: %LINK-5-CHANGED: Interface Vlan1, changed state to administratively down
*Mar  1 00:08:00.591: %LINEPROTO-5-UPDOWN: Line protocol on Interface Vlan1, changed state to down
Switch>enable
Switch#config term
Enter configuration commands, one per line.  End with CNTL/Z.
Switch(config)#hostname S2
S2(config)#ip add
S2(config)#ip address 192.168.1.12 255.255.255.0
                     ^
% Invalid input detected at '^' marker.

S2(config)#ip address 192.168.1.12 255.255.255.0
                     ^
% Invalid input detected at '^' marker.

S2(config)#int vlan 1
S2(config-if)#ip address 192.168.1.12 255.255.255.0
S2(config-if)#no shutdown
S2(config-if)#
*Mar  1 00:09:32.522: %LINK-3-UPDOWN: Interface Vlan1, changed state to up
*Mar  1 00:09:32.530: %LINEPROTO-5-UPDOWN: Line protocol on Interface Vlan1, changed state to upexit
S2(config)#int range fa0/2-10, fa0/12-17, fa0/19-24, g0/1-2
S2(config-if-range)#no shutdown
S2(config-if-range)#shutdown
S2(config-if-range)#
*Mar  1 00:11:40.893: %LINK-5-CHANGED: Interface FastEthernet0/2, changed state to administratively down
*Mar  1 00:11:40.918: %LINK-5-CHANGED: Interface FastEthernet0/3, changed state to administratively down
*Mar  1 00:11:40.943: %LINK-5-CHANGED: Interface FastEthernet0/4, changed state to administratively down
*Mar  1 00:11:40.960: %LINK-5-CHANGED: Interface FastEthernet0/5, changed state to administratively down
*Mar  1 00:11:40.985: %LINK-5-CHANGED: Interface FastEthernet0/6, changed state to administratively down
*Mar  1 00:11:41.010: %LINK-5-CHANGED: Interface FastEthernet0/7, changed state to administratively down
*Mar  1 00:11:41.027: %LINK-5-CHANGED: Interface FastEthernet0/8, changed state to administratively down
*Mar  1 00:11:41.052: %LINK-5-CHANGED: Interface FastEthernet0/9, changed state to administratively down
*Mar  1 00:11:41.069: %LINK-5-CHANGED: Interface FastEthernet0/10, changed state to administratively down
*Mar  1 00:11:41.103: %LINK-5-CHANGED: Interface FastEthernet0/12, changed state to administratively down
*Mar  1 00:11:41.128: %LINK-5-CHANGED: Interface FastEthernet0/13, changed state to administratively down
*Mar  1 00:11:41.145: %LINK-5-CHANGED: Interface FastEthernet0/14, changed state to administratively down
*Mar  1 00:11:41.170: %LINK-5-CHANGED: Interface FastEthernet0/15, changed state to administratively down
*Mar  1 00:11:41.195: %LINK-5-CHANGED: Interface FastEthernet0/16, changed state to administratively down
*Mar  1 00:11:41.212: %LINK-5-CHANGED: Interface FastEthernet0/17, changed state to administratively down
*Mar  1 00:11:41.237: %LINK-5-CHANGED: Interface FastEthernet0/19, changed state to administratively down
*Mar  1 00:11:41.262: %LINK-5-CHANGED: Interface FastEthernet0/20, changed state to administratively down
*Mar  1 00:11:41.279: %LINK-5-CHANGED: Interface FastEthernet0/21, changed state to administratively down
*Mar  1 00:11:41.312: %LINK-5-CHANGED: Interface FastEthernet0/22, changed state to administratively down
*Mar  1 00:11:41.337: %LINK-5-CHANGED: Interface FastEthernet0/23, changed state to administratively down
*Mar  1 00:11:41.363: %LINK-5-CHANGED: Interface FastEthernet0/24, changed state to administratively down
*Mar  1 00:11:41.379: %LINK-5-CHANGED: Interface GigabitEthernet0/1, changed state to administratively down
*Mar  1 00:11:41.405: %LINK-5-CHANGED: Interface GigabitEthernet0/2, changed state to administratively down
S2(config-if-range)#exit
S2(config)#
S1>
S1>enable
S1#config term
Enter configuration commands, one per line.  End with CNTL/Z.
S1(config)#vlan 10
S1(config-vlan)#name Student
S1(config-vlan)#vlan 20
S1(config-vlan)#name Faculty
S1(config-vlan)#vlan 99
S1(config-vlan)#name Management
S1(config-vlan)#end
S1#
*Mar  1 00:25:28.798: %SYS-5-CONFIG_I: Configured from console by console
S1#show vlan

VLAN Name                             Status    Ports
---- -------------------------------- --------- -------------------------------
1    default                          active    Fa0/1, Fa0/2, Fa0/3, Fa0/4
                                                Fa0/5, Fa0/6, Fa0/7, Fa0/8
                                                Fa0/9, Fa0/10, Fa0/11, Fa0/12
                                                Fa0/13, Fa0/14, Fa0/15, Fa0/16
                                                Fa0/17, Fa0/18, Fa0/19, Fa0/20
                                                Fa0/21, Fa0/22, Fa0/23, Fa0/24
                                                Gi0/1, Gi0/2
10   Student                          active
20   Faculty                          active
99   Management                       active
1002 fddi-default                     act/unsup
1003 token-ring-default               act/unsup
1004 fddinet-default                  act/unsup
1005 trnet-default                    act/unsup

VLAN Type  SAID       MTU   Parent RingNo BridgeNo Stp  BrdgMode Trans1 Trans2
---- ----- ---------- ----- ------ ------ -------- ---- -------- ------ ------
1    enet  100001     1500  -      -      -        -    -        0      0
10   enet  100010     1500  -      -      -        -    -        0      0
20   enet  100020     1500  -      -      -        -    -        0      0

VLAN Type  SAID       MTU   Parent RingNo BridgeNo Stp  BrdgMode Trans1 Trans2
---- ----- ---------- ----- ------ ------ -------- ---- -------- ------ ------
99   enet  100099     1500  -      -      -        -    -        0      0
1002 fddi  101002     1500  -      -      -        -    -        0      0
1003 tr    101003     1500  -      -      -        -    -        0      0
1004 fdnet 101004     1500  -      -      -        ieee -        0      0
1005 trnet 101005     1500  -      -      -        ibm  -        0      0

Remote SPAN VLANs
------------------------------------------------------------------------------


Primary Secondary Type              Ports
------- --------- ----------------- ------------------------------------------

S1#config term
Enter configuration commands, one per line.  End with CNTL/Z.
S1(config)#int f0/6
S1(config-if)#swtichport mode access
                ^
% Invalid input detected at '^' marker.

S1(config-if)#switchport mode access
S1(config-if)#switchport access vlan 10
S1(config-if)#int vlan 1
S1(config-if)#no ip addre
S1(config-if)#no ip address
S1(config-if)#int vlan 99
S1(config-if)#
*Mar  1 00:28:02.201: %LINEPROTO-5-UPDOWN: Line protocol on Interface Vlan99, changed state to downip add
S1(config-if)#ip address 192.168.1.11 255.255.255.0
S1(config-if)#end
S1#
*Mar  1 00:28:23.986: %SYS-5-CONFIG_I: Configured from console by console
S1#show vlan brief

VLAN Name                             Status    Ports
---- -------------------------------- --------- -------------------------------
1    default                          active    Fa0/1, Fa0/2, Fa0/3, Fa0/4
                                                Fa0/5, Fa0/7, Fa0/8, Fa0/9
                                                Fa0/10, Fa0/11, Fa0/12, Fa0/13
                                                Fa0/14, Fa0/15, Fa0/16, Fa0/17
                                                Fa0/18, Fa0/19, Fa0/20, Fa0/21
                                                Fa0/22, Fa0/23, Fa0/24, Gi0/1
                                                Gi0/2
10   Student                          active    Fa0/6
20   Faculty                          active
99   Management                       active
1002 fddi-default                     act/unsup
1003 token-ring-default               act/unsup
1004 fddinet-default                  act/unsup
1005 trnet-default                    act/unsup
S1#show ip int breif
                 ^
% Invalid input detected at '^' marker.

S1#show ip int breif
                 ^
% Invalid input detected at '^' marker.

S1#show ip int breif
S1#show ip interface breif
                       ^
% Invalid input detected at '^' marker.

S1#show ip interface brief
Interface              IP-Address      OK? Method Status                Protocol
Vlan1                  unassigned      YES manual up                    up
Vlan99                 192.168.1.11    YES manual up                    down
FastEthernet0/1        unassigned      YES unset  up                    up
FastEthernet0/2        unassigned      YES unset  administratively down down
FastEthernet0/3        unassigned      YES unset  administratively down down
FastEthernet0/4        unassigned      YES unset  administratively down down
FastEthernet0/5        unassigned      YES unset  administratively down down
FastEthernet0/6        unassigned      YES unset  up                    up
FastEthernet0/7        unassigned      YES unset  administratively down down
FastEthernet0/8        unassigned      YES unset  administratively down down
FastEthernet0/9        unassigned      YES unset  administratively down down
FastEthernet0/10       unassigned      YES unset  administratively down down
FastEthernet0/11       unassigned      YES unset  administratively down down
FastEthernet0/12       unassigned      YES unset  administratively down down
FastEthernet0/13       unassigned      YES unset  administratively down down
FastEthernet0/14       unassigned      YES unset  administratively down down
FastEthernet0/15       unassigned      YES unset  administratively down down
FastEthernet0/16       unassigned      YES unset  administratively down down
FastEthernet0/17       unassigned      YES unset  administratively down down
FastEthernet0/18       unassigned      YES unset  administratively down down
FastEthernet0/19       unassigned      YES unset  administratively down down
FastEthernet0/20       unassigned      YES unset  administratively down down
FastEthernet0/21       unassigned      YES unset  administratively down down
FastEthernet0/22       unassigned      YES unset  administratively down down
FastEthernet0/23       unassigned      YES unset  administratively down down
FastEthernet0/24       unassigned      YES unset  administratively down down
GigabitEthernet0/1     unassigned      YES unset  administratively down down
GigabitEthernet0/2     unassigned      YES unset  administratively down down
S1#
S2>enable
S2#config term
Enter configuration commands, one per line.  End with CNTL/Z.
S2(config)#int fa
S2(config)#int fastEthernet 0/11
S2(config-if)#SWT
S2(config-if)#swit
S2(config-if)#switchport mode access
S2(config-if)#switchport access vlan 20
% Access VLAN does not exist. Creating vlan 20
S2(config-if)#no switchport access vlan 20
S2(config-if)#int fa0/18
S2(config-if)#switchport mode access
S2(config-if)#no switchport access vlan 20
S2(config-if)#switchport access vlan 20
S2(config-if)#exit
S2(config)#int vlan 1
S2(config-if)#no ip add
S2(config-if)#no ip address
S2(config-if)#int vlan 99
S2(config-if)#
*Mar  1 00:26:25.757: %LINEPROTO-5-UPDOWN: Line protocol on Interface Vlan99, changed state to down
S2(config-if)#ip add
S2(config-if)#ip address 192.168.1.12 255.255.255.0
S2(config-if)#no shutdown
S2(config-if)#end
S2#sh
*Mar  1 00:27:17.078: %SYS-5-CONFIG_I: Configured from console by consoleow
% Type "show ?" for a list of subcommands
S2#show vlan brief

VLAN Name                             Status    Ports
---- -------------------------------- --------- -------------------------------
1    default                          active    Fa0/1, Fa0/2, Fa0/3, Fa0/4
                                                Fa0/5, Fa0/6, Fa0/7, Fa0/8
                                                Fa0/9, Fa0/10, Fa0/11, Fa0/12
                                                Fa0/13, Fa0/14, Fa0/15, Fa0/16
                                                Fa0/17, Fa0/19, Fa0/20, Fa0/21
                                                Fa0/22, Fa0/23, Fa0/24, Gi0/1
                                                Gi0/2
20   VLAN0020                         active    Fa0/18
1002 fddi-default                     act/unsup
1003 token-ring-default               act/unsup
1004 fddinet-default                  act/unsup
1005 trnet-default                    act/unsup
S2#
S2#
S1#enable
S1#config term
Enter configuration commands, one per line.  End with CNTL/Z.
S1(config)#int range fa0/11-24
S1(config-if-range)#switchport mode access
S1(config-if-range)#switchport  access vlan 10
S1(config-if-range)#end
S1#
*Mar  1 00:38:44.281: %SYS-5-CONFIG_I: Configured from console by console
S1#int range fa0/11, fa0/21
    ^
% Invalid input detected at '^' marker.

S1#config term
Enter configuration commands, one per line.  End with CNTL/Z.
S1(config)#int range fa0/11, fa0/21
S1(config-if-range)#switchport mode access
S1(config-if-range)#switchport  access vlan 20
S1(config-if-range)#do show vlan breif
show vlan breif
            ^
% Invalid input detected at '^' marker.

S1(config-if-range)#do show vlan brief

VLAN Name                             Status    Ports
---- -------------------------------- --------- -------------------------------
1    default                          active    Fa0/1, Fa0/2, Fa0/3, Fa0/4
                                                Fa0/5, Fa0/7, Fa0/8, Fa0/9
                                                Fa0/10, Gi0/1, Gi0/2
10   Student                          active    Fa0/6, Fa0/12, Fa0/13, Fa0/14
                                                Fa0/15, Fa0/16, Fa0/17, Fa0/18
                                                Fa0/19, Fa0/20, Fa0/22, Fa0/23
                                                Fa0/24
20   Faculty                          active    Fa0/11, Fa0/21
99   Management                       active
1002 fddi-default                     act/unsup
1003 token-ring-default               act/unsup
1004 fddinet-default                  act/unsup
1005 trnet-default                    act/unsup
S1(config-if-range)#int f0/24
S1(config-if)#no sw
S1(config-if)#no switchport acc
S1(config-if)#no switchport access vlan
S1(config-if)#end
S1#
*Mar  1 00:41:43.823: %SYS-5-CONFIG_I: Configured from console by console
S1#int fa0/24
    ^
% Invalid input detected at '^' marker.

S1#config term
Enter configuration commands, one per line.  End with CNTL/Z.
S1(config)#int f0/24
S1(config-if)#switchport  access vlan 30
% Access VLAN does not exist. Creating vlan 30
S1(config-if)#do show vlan brief

VLAN Name                             Status    Ports
---- -------------------------------- --------- -------------------------------
1    default                          active    Fa0/1, Fa0/2, Fa0/3, Fa0/4
                                                Fa0/5, Fa0/7, Fa0/8, Fa0/9
                                                Fa0/10, Gi0/1, Gi0/2
10   Student                          active    Fa0/6, Fa0/12, Fa0/13, Fa0/14
                                                Fa0/15, Fa0/16, Fa0/17, Fa0/18
                                                Fa0/19, Fa0/20, Fa0/22, Fa0/23
20   Faculty                          active    Fa0/11, Fa0/21
30   VLAN0030                         active    Fa0/24
99   Management                       active
1002 fddi-default                     act/unsup
1003 token-ring-default               act/unsup
1004 fddinet-default                  act/unsup
1005 trnet-default                    act/unsup
S1(config-if)#exit
S1(config)#no vlan 30
S1(config)#end
S1#sho
*Mar  1 00:43:56.069: %SYS-5-CONFIG_I: Configured from console by consolew
% Type "show ?" for a list of subcommands
S1#show vlan brief

VLAN Name                             Status    Ports
---- -------------------------------- --------- -------------------------------
1    default                          active    Fa0/1, Fa0/2, Fa0/3, Fa0/4
                                                Fa0/5, Fa0/7, Fa0/8, Fa0/9
                                                Fa0/10, Gi0/1, Gi0/2
10   Student                          active    Fa0/6, Fa0/12, Fa0/13, Fa0/14
                                                Fa0/15, Fa0/16, Fa0/17, Fa0/18
                                                Fa0/19, Fa0/20, Fa0/22, Fa0/23
20   Faculty                          active    Fa0/11, Fa0/21
99   Management                       active
1002 fddi-default                     act/unsup
1003 token-ring-default               act/unsup
1004 fddinet-default                  act/unsup
1005 trnet-default                    act/unsup
S1#config term
Enter configuration commands, one per line.  End with CNTL/Z.
S1(config)# no swt
S1(config)# no swit
S1(config)# no swi
S1(config)# no switchport access vlan
                ^
% Invalid input detected at '^' marker.

S1(config)#show vlan brief
             ^
% Invalid input detected at '^' marker.

S1(config)#do show vlan brief

VLAN Name                             Status    Ports
---- -------------------------------- --------- -------------------------------
1    default                          active    Fa0/1, Fa0/2, Fa0/3, Fa0/4
                                                Fa0/5, Fa0/7, Fa0/8, Fa0/9
                                                Fa0/10, Gi0/1, Gi0/2
10   Student                          active    Fa0/6, Fa0/12, Fa0/13, Fa0/14
                                                Fa0/15, Fa0/16, Fa0/17, Fa0/18
                                                Fa0/19, Fa0/20, Fa0/22, Fa0/23
20   Faculty                          active    Fa0/11, Fa0/21
99   Management                       active
1002 fddi-default                     act/unsup
1003 token-ring-default               act/unsup
1004 fddinet-default                  act/unsup
1005 trnet-default                    act/unsup
S1(config)# no switchport access vlan
                ^
% Invalid input detected at '^' marker.

S1(config)#int fa0/24
S1(config-if)# no switchport access vlan
S1(config-if)#do show vlan brief

VLAN Name                             Status    Ports
---- -------------------------------- --------- -------------------------------
1    default                          active    Fa0/1, Fa0/2, Fa0/3, Fa0/4
                                                Fa0/5, Fa0/7, Fa0/8, Fa0/9
                                                Fa0/10, Fa0/24, Gi0/1, Gi0/2
10   Student                          active    Fa0/6, Fa0/12, Fa0/13, Fa0/14
                                                Fa0/15, Fa0/16, Fa0/17, Fa0/18
                                                Fa0/19, Fa0/20, Fa0/22, Fa0/23
20   Faculty                          active    Fa0/11, Fa0/21
99   Management                       active
1002 fddi-default                     act/unsup
1003 token-ring-default               act/unsup
1004 fddinet-default                  act/unsup
1005 trnet-default                    act/unsup
S1(config-if)#exit
S1(config)#interface f0/1
S1(config-if)#swtichport
S1(config-if)#swtichport mode dy
S1(config-if)#switchport mode dy
S1(config-if)#switchport mode dynamic des
S1(config-if)#switchport mode dynamic desirable
S1(config-if)#
*Mar  1 00:48:17.626: %LINEPROTO-5-UPDOWN: Line protocol on Interface Vlan1, changed state to down
*Mar  1 00:48:18.624: %LINEPROTO-5-UPDOWN: Line protocol on Interface FastEthernet0/1, changed state to down
*Mar  1 00:48:21.644: %LINEPROTO-5-UPDOWN: Line protocol on Interface FastEthernet0/1, changed state to up
*Mar  1 00:48:50.660: %LINEPROTO-5-UPDOWN: Line protocol on Interface Vlan1, changed state to up
*Mar  1 00:48:50.669: %LINEPROTO-5-UPDOWN: Line protocol on Interface Vlan99, changed state to up
S1(config-if)#exit
S1(config)#do show vlan brief

VLAN Name                             Status    Ports
---- -------------------------------- --------- -------------------------------
1    default                          active    Fa0/2, Fa0/3, Fa0/4, Fa0/5
                                                Fa0/7, Fa0/8, Fa0/9, Fa0/10
                                                Fa0/24, Gi0/1, Gi0/2
10   Student                          active    Fa0/6, Fa0/12, Fa0/13, Fa0/14
                                                Fa0/15, Fa0/16, Fa0/17, Fa0/18
                                                Fa0/19, Fa0/20, Fa0/22, Fa0/23
20   Faculty                          active    Fa0/11, Fa0/21
99   Management                       active
1002 fddi-default                     act/unsup
1003 token-ring-default               act/unsup
1004 fddinet-default                  act/unsup
1005 trnet-default                    act/unsup
S1(config)#do show int truck
show int truck
            ^
% Invalid input detected at '^' marker.

S1(config)#do show interface trunk

Port        Mode             Encapsulation  Status        Native vlan
Fa0/1       desirable        802.1q         trunking      1

Port        Vlans allowed on trunk
Fa0/1       1-4094

Port        Vlans allowed and active in management domain
Fa0/1       1,10,20,99

Port        Vlans in spanning tree forwarding state and not pruned
Fa0/1       1,10,20,99
S1(config)#

flashfs[0]: 543 files, 20 directories
flashfs[0]: 0 orphaned files, 0 orphaned directories
flashfs[0]: Total bytes: 32514048
flashfs[0]: Bytes used: 13526016
flashfs[0]: Bytes available: 18988032
flashfs[0]: flashfs fsck took 11 seconds.
...done Initializing Flash.
done.
Loading "flash:/c2960-lanbasek9-mz.122-55.SE7/c2960-lanbasek9-mz.122-55.SE7.bin"...@@@@@@@@@@@@@@@@@@@@@@@@@@@@@@@@@@@@@@@@@@@@@@@@@@@@@@@@@@@@@@@@@@@@@@@@@@@@@@@@@@@@@@@@@@@@@@@@@@@@@@@@@@@@@@@@@@@@@@@@@@@@@@@@@@@@@@@@@@@@@@@@@@@@@@@@@@@@@@@@@@@@@@@@@@@@@@@@@@@@@@@@@@@@@@@@@@@@@@@@@@@@@@@@@@@@@@@@@@@@@@@@@@@@@@@@@@@@@@@@@@@@@@@@@@@@@@@@@@@@@@@@@@@@@@@@@@@@@@@@@@@@@@@@@@@@@@@@@@@@@@@@@@@@@@@@@@@@@@@@@@@@@@@@@@@@@@@@@@@@@@@@@@@@@@@@@@@@@@@@@@@@@@@@@@@@@@@@@@@@@@@@@@@@@@@@@@@@@@@@@@@@@@@@@@@@@@@@@@@@@@@@@@@@@@@@@@@@@@@@@@@@@@@@@@@@@@@@@@@@@@@@@@@@@@@@@@@@@@@@@@@@@@@@@@@@@@@@@@@@@@@@@@@@@@@@@@@@@@@@@@@@@@@@@@@@@@@@@@@@@@@@@@@@@@@@@@@@@@@@@@@@@@@@@@@@@@@@@@@@@@@@@@@@@@@@@@@@@@@@@@@@@@@@@@@@@@@@@@@@@@@@@@@@@@@@@@@@@@@@@@@@@@@@@@@@@@@@@@@@@@@@@@@@@@@@@@@@@@@@@@@@@@@@@@@@@@@@@@@@@@@@@@@@@@@@@@@@@@@@@@@@@@@@@@@@@@@@@@@@@@@@@@@@@@@@@@@@@@@@@@@@@@@@@@@@@@@@@@@@@@@@@@@@@@@@@@@@@@@@@@@@@@@@@@@@@@@@@@@@@@@@@@@@@@@@@@@@@@@@@@@@@@@@@@@@@@@@@@@@@@@@@@@@@@@@@@@@@@@@@@@@@@@@@@@@@@@@@@@@@@@@@@@@@@@@@@@@@@@@@@@@@@@@@@@@@@@@@@@@@@@@@@@@@@@@@@@@@@@@@@@@@@@@@@@@@@@@@@@@@@@@@@@@@@@@@@@@@@@@@@@@@@@@@@@@@@@@@@@@@@@@@@@@@@@@@@@@@@@@@@@@@@@@@@@@@@@@@@@@@@@@@@@@@@@@@@@@@@@@@@@@@@@@@@@@@@@@@@@@@@@@@@@@@@@@@@@@@@@@@@@@@@@@@@@@@@@@@@@@@@@@@@@@@@@@@@@@@@@@@@@@@@@@@@@@@@@@@@@@@@@@@@@@@@@@@@@@@@@@@@@@@@@@@@@@@@@@@@@@@@@@@@@@@@@@@@@@@@@@@@@@@@@@@@@@@@@@@@@@@@@@@@@@@@@@@@@@@@@@@@@@@@@@@@@@@@@@@@@@@@@@@@@@@@@@@@@@@@@@@@@@@@@@@@@@@@@@@@@@@@@@@@@@@@@@@@@@@@@@@@@@@@@@@@@@@@@@@@@@@@@@@@@@@@@@@@@@@@@@@@@@@@@@@@@@@@@@@@@@@@@@@@@@@@@@@@@@@@@@@@@@@@@@@@@@@@@@@@@@@@@@@@@@@@@@@@@@@@@@@@@@@@@@@@@@@@@@@@@@@@@@@@@@@@@@@@@@@@@@@@@@@@@@@@@@@@@@@@@@@@@@@@@@@@@@@@@@@@@@@@@@@@@@@@@@@@@@@@@@@@@@@@@@@@@@@@@@@@@@@@@@@@@@@@@@@@@@@@@@@@@@@@@@@@@@@@@@@@@@@@@@@@@@@@@@@@@@@@@@@@@@@@@@@@@@@@@@@@@@@@@@@@@@@@@@@@@@@@@@@@@@@@@@@@@@@@@@@@@@@@@@@@@@@@@@@@@@@@@@@@@@@@@@@@@@@@@@@@@@@@@@@@@@@@@@@@@@@@@@@@@@@@@@@@@@@@@@@@@@@@@@@@@@@@@@@@@@@@@@@@@@@@@@@@@@@@@@@@@@@@@@@@@@@@@@@@@@@@@@@@@@@@@@@@@@@@@@@@@@@@@@@@@@@@@@@@@@@@@@@@@@@@@@@@@@@@@@@@@@@@@@@@@@@@@@@@@@@@@@@@@@@@@@@@@@@@@@@@@@@@@@@@@@@@@@@@@@@@@@@@@@@@@@@@@@@@@@@@@@@@@@@@@@@@@@@@@@@@@@@@@@@@@@@@@@@@@@@@@@@@@@@@@@@@@@@@@@@@@@@@@@@@@@@@@@@@@@@@@@@@@@@@@@@@@@@@@@@@@@@@@@@@@@@@@@@@@@@@@@@@@@@@@@@@@@@@@@@@@@@@@@@@@@@@@@@@@@@@@@@@@@@@@@@@@@@@@@@@@@@@@@@@@@@@@@@@@@@@@@@@@@@@@@@@@@@@@@@@@@@@@@@@@@@@@@@@@@@@@@@@@@@@@@@@@@@@@@@@@@@@@@@@@@@@@@@@@@@@@@@@@@@@@@@@@@@@@@@@@@@@@@@@@@@@@@@@@@@@@@@@@@@@@@@@@@@@@@@@@@@@@@@@@@@@@@@@@@@@@@@@@@@@@@@@@@@@@@@@@@@@@@@@@@@@@@@@@@@
File "flash:/c2960-lanbasek9-mz.122-55.SE7/c2960-lanbasek9-mz.122-55.SE7.bin" uncompressed and installed, entry point: 0x3000
executing...

              Restricted Rights Legend

Use, duplication, or disclosure by the Government is
subject to restrictions as set forth in subparagraph
(c) of the Commercial Computer Software - Restricted
Rights clause at FAR sec. 52.227-19 and subparagraph
(c) (1) (ii) of the Rights in Technical Data and Computer
Software clause at DFARS sec. 252.227-7013.

           cisco Systems, Inc.
           170 West Tasman Drive
           San Jose, California 95134-1706



Cisco IOS Software, C2960 Software (C2960-LANBASEK9-M), Version 12.2(55)SE7, RELEASE SOFTWARE (fc1)
Technical Support: http://www.cisco.com/techsupport
Copyright (c) 1986-2013 by Cisco Systems, Inc.
Compiled Mon 28-Jan-13 10:22 by prod_rel_team
Image text-base: 0x00003000, data-base: 0x01900000

Initializing flashfs...

fsck: Disable shadow buffering due to heap fragmentation.
flashfs[1]: 543 files, 20 directories
flashfs[1]: 0 orphaned files, 0 orphaned directories
flashfs[1]: Total bytes: 32514048
flashfs[1]: Bytes used: 13526016
flashfs[1]: Bytes available: 18988032
flashfs[1]: flashfs fsck took 2 seconds.
flashfs[1]: Initialization complete....done Initializing flashfs.

Checking for Bootloader upgrade.. not needed
POST: CPU MIC register Tests : Begin
POST: CPU MIC register Tests : End, Status Passed

POST: PortASIC Memory Tests : Begin
POST: PortASIC Memory Tests : End, Status Passed

POST: CPU MIC interface Loopback Tests : Begin
POST: CPU MIC interface Loopback Tests : End, Status Passed

POST: PortASIC RingLoopback Tests : Begin
POST: PortASIC RingLoopback Tests : End, Status Passed

POST: PortASIC CAM Subsystem Tests : Begin
POST: PortASIC CAM Subsystem Tests : End, Status Passed

POST: PortASIC Port Loopback Tests : Begin
POST: PortASIC Port Loopback Tests : End, Status Passed

Waiting for Port download...Complete


This product contains cryptographic features and is subject to United
States and local country laws governing import, export, transfer and
use. Delivery of Cisco cryptographic products does not imply
third-party authority to import, export, distribute or use encryption.
Importers, exporters, distributors and users are responsible for
compliance with U.S. and local country laws. By using this product you
agree to comply with applicable laws and regulations. If you are unable
to comply with U.S. and local laws, return this product immediately.

A summary of U.S. laws governing Cisco cryptographic products may be found at:
http://www.cisco.com/wwl/export/crypto/tool/stqrg.html

If you require further assistance please contact us by sending email to
export@cisco.com.

cisco WS-C2960-24TT-L (PowerPC405) processor (revision U0) with 65536K bytes of memory.
Processor board ID FCW1749A233
Last reset from power-on
1 Virtual Ethernet interface
24 FastEthernet interfaces
2 Gigabit Ethernet interfaces
The password-recovery mechanism is enabled.

64K bytes of flash-simulated non-volatile configuration memory.
Base ethernet MAC Address       : C4:14:3C:5A:82:00
Motherboard assembly number     : 73-12600-06
Power supply part number        : 341-0097-03
Motherboard serial number       : FOC1748421N
Power supply serial number      : ALD1747B2PT
Model revision number           : U0
Motherboard revision number     : B0
Model number                    : WS-C2960-24TT-L
System serial number            : FCW1749A233
Top Assembly Part Number        : 800-32797-02
Top Assembly Revision Number    : B0
Version ID                      : V11
CLEI Code Number                : COM3L00BRF
Hardware Board Revision Number  : 0x0A


Switch Ports Model              SW Version            SW Image
------ ----- -----              ----------            ----------
*    1 26    WS-C2960-24TT-L    12.2(55)SE7           C2960-LANBASEK9-M




Press RETURN to get started!


*Mar  1 00:00:31.650: %LINEPROTO-5-UPDOWN: Line protocol on Interface Vlan1, changed state to down
*Mar  1 00:00:32.958: %SPANTREE-5-EXTENDED_SYSID: Extended SysId enabled for type vlan
*Mar  1 00:01:33.885: %LINEPROTO-5-UPDOWN: Line protocol on Interface Vlan99, changed state to down
*Mar  1 00:01:33.977: %SYS-5-CONFIG_I: Configured from memory by console
*Mar  1 00:01:34.799: %SYS-5-RESTART: System restarted --
Cisco IOS Software, C2960 Software (C2960-LANBASEK9-M), Version 12.2(55)SE7, RELEASE SO Unauthorised Access Prohibited

User Access Verification

Password: FTWARE (fc1)
Technical Support: http://www.cisco.com/techsupport
Copyright (c) 1986-2013 by Cisco Systems, Inc.
Compiled Mon 28-Jan-13 10:22 by prod_rel_team
*Mar  1 00:01:34.824: %SSH-5-ENABLED: SSH 1.99 has been enabled
*Mar  1 00:01:35.235: %LINK-5-CHANGED: Interface FastEthernet0/2, changed state to administratively down
*Mar  1 00:01:35.252: %LINK-5-CHANGED: Interface FastEthernet0/3, changed state to administratively down
*Mar  1 00:01:35.286: %LINK-5-CHANGED: Interface FastEthernet0/4, changed state to administratively down
*Mar  1 00:01:35.378: %LINK-5-CHANGED: Interface FastEthernet0/7, changed state to administratively down
*Mar  1 00:01:35.395: %LINK-5-CHANGED: Interface FastEthernet0/8, changed state to administratively down
*Mar  1 00:01:35.428: %LINK-5-CHANGED: Interface FastEthernet0/9, changed state to administratively down
*Mar  1 00:01:35.445: %LINK-5-CHANGED: Interface FastEthernet0/10, changed state to administratively down
*Mar  1 00:01:35.462: %LINK-5-CHANGED: Interface FastEthernet0/11, changed state to administratively down
*Mar  1 00:01:35.495: %LINK-5-CHANGED: Interface FastEthernet0/12, changed state to administratively down
*Mar  1 00:01:35.512: %LINK-5-CHANGED: Interface FastEthernet0/13, changed state to administratively down
*Mar  1 00:01:35.546: %LINK-5-CHANGED: Interface FastEthernet0/14, changed state to administratively down
*Mar  1 00:01:35.563: %LINK-5-CHANGED: Interface FastEthernet0/15, changed state to administratively down
*Mar  1 00:01:35.579: %LINK-5-CHANGED: Interface FastEthernet0/16, changed state to administratively down
*Mar  1 00:01:35.613: %LINK-5-CHANGED: Interface FastEthernet0/17, changed state to administratively down
*Mar  1 00:01:35.655: %LINK-5-CHANGED: Interface FastEthernet0/18, changed state to administratively down
*Mar  1 00:01:35.655: %LINK-5-CHANGED: Interface FastEthernet0/19, changed state to administratively down
*Mar  1 00:01:35.705: %LINK-5-CHANGED: Interface FastEthernet0/20, changed state to administratively down
*Mar  1 00:01:35.705: %LINK-5-CHANGED: Interface FastEthernet0/21, changed state to administratively down
*Mar  1 00:01:35.739: %LINK-5-CHANGED: Interface FastEthernet0/22, changed state to administratively down
*Mar  1 00:01:35.755: %LINK-5-CHANGED: Interface FastEthernet0/23, changed state to administratively down
*Mar  1 00:01:35.772: %LINK-5-CHANGED: Interface FastEthernet0/24, changed state to administratively down
*Mar  1 00:01:36.267: %LINK-3-UPDOWN: Interface FastEthernet0/6, changed state to up
*Mar  1 00:01:37.274: %LINEPROTO-5-UPDOWN: Line protocol on Interface FastEthernet0/1, changed state to up
*Mar  1 00:01:37.274: %LINEPROTO-5-UPDOWN: Line protocol on Interface FastEthernet0/6, changed state to up
*Mar  1 00:01:38.524: %LINK-3-UPDOWN: Interface FastEthernet0/1, changed state to up
Password:
S1>enable
Password:
Password:
S1#
*Mar  1 00:02:05.988: %LINEPROTO-5-UPDOWN: Line protocol on Interface Vlan99, changed state to up
*Mar  1 00:02:06.542: %LINEPROTO-5-UPDOWN: Line protocol on Interface Vlan1, changed state to up
S1#config term
Enter configuration commands, one per line.  End with CNTL/Z.
S1(config)#do clear config all
clear config all
         ^
% Invalid input detected at '^' marker.

S1(config)#exit
S1#enable
*Mar  1 00:03:05.077: %SYS-5-CONFIG_I: Configured from console by console
S1#clear config all
            ^
% Invalid input detected at '^' marker.

S1#show flash

Directory of flash:/

    2  -rwx        4120   Mar 1 1993 00:01:58 +00:00  multiple-fs
    4  drwx          64   Mar 1 1993 00:03:26 +00:00  Preconf2
  562  -rwx        2389   Mar 1 1993 00:01:58 +00:00  config.text
    6  drwx         192   Mar 1 1993 00:31:33 +00:00  c2960-lanbasek9-mz.122-55.SE7
  563  -rwx         616   Mar 1 1993 00:15:50 +00:00  vlan.dat
  564  -rwx        3819   Mar 1 1993 00:01:58 +00:00  private-config.text

32514048 bytes total (18988032 bytes free)
S1#delate vlan.dat
      ^
% Invalid input detected at '^' marker.

S1#delete vlan.dat
Delete filename [vlan.dat]?
Delete flash:vlan.dat? [confirm]
S1#erase start-up-config
              ^
% Invalid input detected at '^' marker.

S1#erase startup-config
Erasing the nvram filesystem will remove all configuration files! Continue? [confirm]
[OK]
Erase of nvram: complete
S1#
*Mar  1 00:06:09.216: %SYS-7-NV_BLOCK_INIT: Initialized the geometry of nvram
S1#reload

System configuration has been modified. Save? [yes/no]: n
Proceed with reload? [confirm]

*Mar  1 00:06:33.878: %SYS-5-RELOAD: Reload requested by console. Reload reason: Reload command
Boot Sector Filesystem (bs) installed, fsid: 2
Base ethernet MAC Address: c4:14:3c:5a:82:00
Xmodem file system is available.
The password-recovery mechanism is enabled.
Initializing Flash...
flashfs[0]: 540 files, 20 directories
flashfs[0]: 0 orphaned files, 0 orphaned directories
flashfs[0]: Total bytes: 32514048
flashfs[0]: Bytes used: 13514752
flashfs[0]: Bytes available: 18999296
flashfs[0]: flashfs fsck took 11 seconds.
...done Initializing Flash.
done.
Loading "flash:/c2960-lanbasek9-mz.122-55.SE7/c2960-lanbasek9-mz.122-55.SE7.bin"...@@@@@@@@@@@@@@@@@@@@@@@@@@@@@@@@@@@@@@@@@@@@@@@@@@@@@@@@@@@@@@@@@@@@@@@@@@@@@@@@@@@@@@@@@@@@@@@@@@@@@@@@@@@@@@@@@@@@@@@@@@@@@@@@@@@@@@@@@@@@@@@@@@@@@@@@@@@@@@@@@@@@@@@@@@@@@@@@@@@@@@@@@@@@@@@@@@@@@@@@@@@@@@@@@@@@@@@@@@@@@@@@@@@@@@@@@@@@@@@@@@@@@@@@@@@@@@@@@@@@@@@@@@@@@@@@@@@@@@@@@@@@@@@@@@@@@@@@@@@@@@@@@@@@@@@@@@@@@@@@@@@@@@@@@@@@@@@@@@@@@@@@@@@@@@@@@@@@@@@@@@@@@@@@@@@@@@@@@@@@@@@@@@@@@@@@@@@@@@@@@@@@@@@@@@@@@@@@@@@@@@@@@@@@@@@@@@@@@@@@@@@@@@@@@@@@@@@@@@@@@@@@@@@@@@@@@@@@@@@@@@@@@@@@@@@@@@@@@@@@@@@@@@@@@@@@@@@@@@@@@@@@@@@@@@@@@@@@@@@@@@@@@@@@@@@@@@@@@@@@@@@@@@@@@@@@@@@@@@@@@@@@@@@@@@@@@@@@@@@@@@@@@@@@@@@@@@@@@@@@@@@@@@@@@@@@@@@@@@@@@@@@@@@@@@@@@@@@@@@@@@@@@@@@@@@@@@@@@@@@@@@@@@@@@@@@@@@@@@@@@@@@@@@@@@@@@@@@@@@@@@@@@@@@@@@@@@@@@@@@@@@@@@@@@@@@@@@@@@@@@@@@@@@@@@@@@@@@@@@@@@@@@@@@@@@@@@@@@@@@@@@@@@@@@@@@@@@@@@@@@@@@@@@@@@@@@@@@@@@@@@@@@@@@@@@@@@@@@@@@@@@@@@@@@@@@@@@@@@@@@@@@@@@@@@@@@@@@@@@@@@@@@@@@@@@@@@@@@@@@@@@@@@@@@@@@@@@@@@@@@@@@@@@@@@@@@@@@@@@@@@@@@@@@@@@@@@@@@@@@@@@@@@@@@@@@@@@@@@@@@@@@@@@@@@@@@@@@@@@@@@@@@@@@@@@@@@@@@@@@@@@@@@@@@@@@@@@@@@@@@@@@@@@@@@@@@@@@@@@@@@@@@@@@@@@@@@@@@@@@@@@@@@@@@@@@@@@@@@@@@@@@@@@@@@@@@@@@@@@@@@@@@@@@@@@@@@@@@@@@@@@@@@@@@@@@@@@@@@@@@@@@@@@@@@@@@@@@@@@@@@@@@@@@@@@@@@@@@@@@@@@@@@@@@@@@@@@@@@@@@@@@@@@@@@@@@@@@@@@@@@@@@@@@@@@@@@@@@@@@@@@@@@@@@@@@@@@@@@@@@@@@@@@@@@@@@@@@@@@@@@@@@@@@@@@@@@@@@@@@@@@@@@@@@@@@@@@@@@@@@@@@@@@@@@@@@@@@@@@@@@@@@@@@@@@@@@@@@@@@@@@@@@@@@@@@@@@@@@@@@@@@@@@@@@@@@@@@@@@@@@@@@@@@@@@@@@@@@@@@@@@@@@@@@@@@@@@@@@@@@@@@@@@@@@@@@@@@@@@@@@@@@@@@@@@@@@@@@@@@@@@@@@@@@@@@@@@@@@@@@@@@@@@@@@@@@@@@@@@@@@@@@@@@@@@@@@@@@@@@@@@@@@@@@@@@@@@@@@@@@@@@@@@@@@@@@@@@@@@@@@@@@@@@@@@@@@@@@@@@@@@@@@@@@@@@@@@@@@@@@@@@@@@@@@@@@@@@@@@@@@@@@@@@@@@@@@@@@@@@@@@@@@@@@@@@@@@@@@@@@@@@@@@@@@@@@@@@@@@@@@@@@@@@@@@@@@@@@@@@@@@@@@@@@@@@@@@@@@@@@@@@@@@@@@@@@@@@@@@@@@@@@@@@@@@@@@@@@@@@@@@@@@@@@@@@@@@@@@@@@@@@@@@@@@@@@@@@@@@@@@@@@@@@@@@@@@@@@@@@@@@@@@@@@@@@@@@@@@@@@@@@@@@@@@@@@@@@@@@@@@@@@@@@@@@@@@@@@@@@@@@@@@@@@@@@@@@@@@@@@@@@@@@@@@@@@@@@@@@@@@@@@@@@@@@@@@@@@@@@@@@@@@@@@@@@@@@@@@@@@@@@@@@@@@@@@@@@@@@@@@@@@@@@@@@@@@@@@@@@@@@@@@@@@@@@@@@@@@@@@@@@@@@@@@@@@@@@@@@@@@@@@@@@@@@@@@@@@@@@@@@@@@@@@@@@@@@@@@@@@@@@@@@@@@@@@@@@@@@@@@@@@@@@@@@@@@@@@@@@@@@@@@@@@@@@@@@@@@@@@@@@@@@@@@@@@@@@@@@@@@@@@@@@@@@@@@@@@@@@@@@@@@@@@@@@@@@@@@@@@@@@@@@@@@@@@@@@@@@@@@@@@@@@@@@@@@@@@@@@@@@@@@@@@@@@@@@@@@@@@@@@@@@@@@@@@@@@@@@@@@@@@@@@@@@@@@@@@@@@@@@@@@@@@@@@@@@@@@@@@@@@@@@@@@@@@@@@@
File "flash:/c2960-lanbasek9-mz.122-55.SE7/c2960-lanbasek9-mz.122-55.SE7.bin" uncompressed and installed, entry point: 0x3000
executing...

              Restricted Rights Legend

Use, duplication, or disclosure by the Government is
subject to restrictions as set forth in subparagraph
(c) of the Commercial Computer Software - Restricted
Rights clause at FAR sec. 52.227-19 and subparagraph
(c) (1) (ii) of the Rights in Technical Data and Computer
Software clause at DFARS sec. 252.227-7013.

           cisco Systems, Inc.
           170 West Tasman Drive
           San Jose, California 95134-1706



Cisco IOS Software, C2960 Software (C2960-LANBASEK9-M), Version 12.2(55)SE7, RELEASE SOFTWARE (fc1)
Technical Support: http://www.cisco.com/techsupport
Copyright (c) 1986-2013 by Cisco Systems, Inc.
Compiled Mon 28-Jan-13 10:22 by prod_rel_team
Image text-base: 0x00003000, data-base: 0x01900000

Initializing flashfs...

fsck: Disable shadow buffering due to heap fragmentation.
flashfs[1]: 540 files, 20 directories
flashfs[1]: 0 orphaned files, 0 orphaned directories
flashfs[1]: Total bytes: 32514048
flashfs[1]: Bytes used: 13514752
flashfs[1]: Bytes available: 18999296
flashfs[1]: flashfs fsck took 2 seconds.
flashfs[1]: Initialization complete....done Initializing flashfs.

Checking for Bootloader upgrade.. not needed
POST: CPU MIC register Tests : Begin
POST: CPU MIC register Tests : End, Status Passed

POST: PortASIC Memory Tests : Begin
POST: PortASIC Memory Tests : End, Status Passed

POST: CPU MIC interface Loopback Tests : Begin
POST: CPU MIC interface Loopback Tests : End, Status Passed

POST: PortASIC RingLoopback Tests : Begin
POST: PortASIC RingLoopback Tests : End, Status Passed

POST: PortASIC CAM Subsystem Tests : Begin
POST: PortASIC CAM Subsystem Tests : End, Status Passed

POST: PortASIC Port Loopback Tests : Begin
POST: PortASIC Port Loopback Tests : End, Status Passed

Waiting for Port download...Complete


This product contains cryptographic features and is subject to United
States and local country laws governing import, export, transfer and
use. Delivery of Cisco cryptographic products does not imply
third-party authority to import, export, distribute or use encryption.
Importers, exporters, distributors and users are responsible for
compliance with U.S. and local country laws. By using this product you
agree to comply with applicable laws and regulations. If you are unable
to comply with U.S. and local laws, return this product immediately.

A summary of U.S. laws governing Cisco cryptographic products may be found at:
http://www.cisco.com/wwl/export/crypto/tool/stqrg.html

If you require further assistance please contact us by sending email to
export@cisco.com.

cisco WS-C2960-24TT-L (PowerPC405) processor (revision U0) with 65536K bytes of memory.
Processor board ID FCW1749A233
Last reset from power-on
1 Virtual Ethernet interface
24 FastEthernet interfaces
2 Gigabit Ethernet interfaces
The password-recovery mechanism is enabled.

64K bytes of flash-simulated non-volatile configuration memory.
Base ethernet MAC Address       : C4:14:3C:5A:82:00
Motherboard assembly number     : 73-12600-06
Power supply part number        : 341-0097-03
Motherboard serial number       : FOC1748421N
Power supply serial number      : ALD1747B2PT
Model revision number           : U0
Motherboard revision number     : B0
Model number                    : WS-C2960-24TT-L
System serial number            : FCW1749A233
Top Assembly Part Number        : 800-32797-02
Top Assembly Revision Number    : B0
Version ID                      : V11
CLEI Code Number                : COM3L00BRF
Hardware Board Revision Number  : 0x0A


Switch Ports Model              SW Version            SW Image
------ ----- -----              ----------            ----------
*    1 26    WS-C2960-24TT-L    12.2(55)SE7           C2960-LANBASEK9-M




         --- System Configuration Dialog ---

Enable secret warning
----------------------------------
In order to access the device manager, an enable secret is required
If you enter the initial configuration dialog, you will be prompted for the enable secret
If you choose not to enter the intial configuration dialog, or if you exit setup without setting the enable secret,
please set an enable secret using the following CLI in configuration mode-
enable secret 0 <cleartext password>
----------------------------------
Would you like to enter the initial configuration dialog? [yes/no]:
% Please answer 'yes' or 'no'.
Would you like to enter the initial configuration dialog? [yes/no]:
*Mar  1 00:00:31.633: %LINEPROTO-5-UPDOWN: Line protocol on Interface Vlan1, changed state to down
*Mar  1 00:00:32.942: %SPANTREE-5-EXTENDED_SYSID: Extended SysId enabled for type vlan
*Mar  1 00:00:54.635: %SYS-5-RESTART: System restarted --
Cisco IOS Software, C2960 Software (C2960-LANBASEK9-M), Version 12.2(55)SE7, RELEASE SOFTWARE (fc1)
Technical Support: http://www.cisco.com/techsupport
Copyright
% Please answer 'yes' or 'no'.
Would you like to enter the initial configuration dialog? [yes/no]: (c) 1986-2013 by Cisco Systems, Inc.
Compiled Mon 28-Jan-13 10:22 by prod_rel_team
*Mar  1 00:00:56.220: %LINK-3-UPDOWN: Interface FastEthernet0/1, changed state to up
*Mar  1 00:00:56.220: %LINK-3-UPDOWN: Interface FastEthernet0/6, changed state to up
*Mar  1 00:00:57.294: %LINEPROTO-5-UPDOWN: Line protocol on Interface FastEthernet0/1, changed state to up
*Mar  1 00:00:57.302: %LINEPROTO-5-UPDOWN: Line protocol on Interface FastEthernet0/6, changed state to up
*Mar  1 00:01:26.109: %LINEPROTO-5-UPDOWN: Line protocol on Interface Vlan1, changed state to up
% Please answer 'yes' or 'no'.
Would you like to enter the initial configuration dialog? [yes/no]: n
Switch>enable
Switch#config term
Enter configuration commands, one per line.  End with CNTL/Z.
Switch(config)#hostname S1
S1(config)#int vlan 1
S1(config-if)#ip add
S1(config-if)#ip address 192.168.1.11 255.255.255.0
S1(config-if)#no shutdown
S1(config-if)#exit
S1(config)#do show ip brief
show ip brief
        ^
% Invalid input detected at '^' marker.

S1(config)#do show ip breif
show ip breif
        ^
% Invalid input detected at '^' marker.

S1(config)#do show ip
show ip
% Incomplete command.

S1(config)#do show ip config
show ip config
        ^
% Invalid input detected at '^' marker.

S1(config)#do show ip int breif
show ip int breif
              ^
% Invalid input detected at '^' marker.

S1(config)#do show ip int brief
Interface              IP-Address      OK? Method Status                Protocol
Vlan1                  192.168.1.11    YES manual up                    up
FastEthernet0/1        unassigned      YES unset  up                    up
FastEthernet0/2        unassigned      YES unset  down                  down
FastEthernet0/3        unassigned      YES unset  down                  down
FastEthernet0/4        unassigned      YES unset  down                  down
FastEthernet0/5        unassigned      YES unset  down                  down
FastEthernet0/6        unassigned      YES unset  up                    up
FastEthernet0/7        unassigned      YES unset  down                  down
FastEthernet0/8        unassigned      YES unset  down                  down
FastEthernet0/9        unassigned      YES unset  down                  down
FastEthernet0/10       unassigned      YES unset  down                  down
FastEthernet0/11       unassigned      YES unset  down                  down
FastEthernet0/12       unassigned      YES unset  down                  down
FastEthernet0/13       unassigned      YES unset  down                  down
FastEthernet0/14       unassigned      YES unset  down                  down
FastEthernet0/15       unassigned      YES unset  down                  down
FastEthernet0/16       unassigned      YES unset  down                  down
FastEthernet0/17       unassigned      YES unset  down                  down
FastEthernet0/18       unassigned      YES unset  down                  down
FastEthernet0/19       unassigned      YES unset  down                  down
FastEthernet0/20       unassigned      YES unset  down                  down
FastEthernet0/21       unassigned      YES unset  down                  down
FastEthernet0/22       unassigned      YES unset  down                  down
FastEthernet0/23       unassigned      YES unset  down                  down
FastEthernet0/24       unassigned      YES unset  down                  down
GigabitEthernet0/1     unassigned      YES unset  down                  down
GigabitEthernet0/2     unassigned      YES unset  down                  down
S1(config)#int range fa0/2-5, fa0/7-24, g0/1-2
S1(config-if-range)#shutdown
S1(config-if-range)#
*Mar  1 00:06:01.221: %LINK-5-CHANGED: Interface FastEthernet0/2, changed state to administratively down
*Mar  1 00:06:01.247: %LINK-5-CHANGED: Interface FastEthernet0/3, changed state to administratively down
*Mar  1 00:06:01.263: %LINK-5-CHANGED: Interface FastEthernet0/4, changed state to administratively down
*Mar  1 00:06:01.280: %LINK-5-CHANGED: Interface FastEthernet0/5, changed state to administratively down
*Mar  1 00:06:01.305: %LINK-5-CHANGED: Interface FastEthernet0/7, changed state to administratively down
*Mar  1 00:06:01.322: %LINK-5-CHANGED: Interface FastEthernet0/8, changed state to administratively down
*Mar  1 00:06:01.339: %LINK-5-CHANGED: Interface FastEthernet0/9, changed state to administratively down
*Mar  1 00:06:01.356: %LINK-5-CHANGED: Interface FastEthernet0/10, changed state to administratively down
*Mar  1 00:06:01.381: %LINK-5-CHANGED: Interface FastEthernet0/11, changed state to administratively down
*Mar  1 00:06:01.397: %LINK-5-CHANGED: Interface FastEthernet0/12, changed state to administratively down
*Mar  1 00:06:01.423: %LINK-5-CHANGED: Interface FastEthernet0/13, changed state to administratively down
*Mar  1 00:06:01.439: %LINK-5-CHANGED: Interface FastEthernet0/14, changed state to administratively down
*Mar  1 00:06:01.465: %LINK-5-CHANGED: Interface FastEthernet0/15, changed state to administratively down
*Mar  1 00:06:01.481: %LINK-5-CHANGED: Interface FastEthernet0/16, changed state to administratively down
*Mar  1 00:06:01.498: %LINK-5-CHANGED: Interface FastEthernet0/17, changed state to administratively down
*Mar  1 00:06:01.515: %LINK-5-CHANGED: Interface FastEthernet0/18, changed state to administratively down
*Mar  1 00:06:01.540: %LINK-5-CHANGED: Interface FastEthernet0/19, changed state to administratively down
*Mar  1 00:06:01.557: %LINK-5-CHANGED: Interface FastEthernet0/20, changed state to administratively down
*Mar  1 00:06:01.574: %LINK-5-CHANGED: Interface FastEthernet0/21, changed state to administratively down
*Mar  1 00:06:01.590: %LINK-5-CHANGED: Interface FastEthernet0/22, changed state to administratively down
*Mar  1 00:06:01.616: %LINK-5-CHANGED: Interface FastEthernet0/23, changed state to administratively down
*Mar  1 00:06:01.649: %LINK-5-CHANGED: Interface FastEthernet0/24, changed state to administratively down
*Mar  1 00:06:01.666: %LINK-5-CHANGED: Interface GigabitEthernet0/1, changed state to administratively down
*Mar  1 00:06:01.683: %LINK-5-CHANGED: Interface GigabitEthernet0/2, changed state to administratively down
S1(config-if-range)# Unortharized Access Prohibited

User Access Verification

Password:
s2>enable
Password:
s2#show flash

Directory of flash:/

    2  -rwx     9825024   Jan 1 1970 03:00:23 +00:00  c2960-lanbasek9-mz.122-55.SE10.bin
    4  drwx         192   Mar 1 1993 00:57:18 +00:00  c2960-lanbasek9-mz.122-55.SE10
    5  -rwx        1919   Mar 1 1993 00:02:17 +00:00  private-config.text
    6  -rwx        3096   Mar 1 1993 00:02:17 +00:00  multiple-fs
  562  -rwx         108   Mar 1 1993 01:00:13 +00:00  info
  563  -rwx        2027   Mar 1 1993 00:02:17 +00:00  config.text

32514048 bytes total (9160192 bytes free)
s2#erase startup-config
Erasing the nvram filesystem will remove all configuration files! Continue? [confirm]
[OK]
Erase of nvram: complete
s2#
*Mar  1 00:15:53.449: %SYS-7-NV_BLOCK_INIT: Initialized the geometry of nvram
s2#reload
Proceed with reload? [confirm]

*Mar  1 00:15:59.035: %SYS-5-RELOAD: Reload requested by console. Reload reason: Reload command
Boot Sector Filesystem (bs) installed, fsid: 2
Base ethernet MAC Address: c4:14:3c:5a:a6:00
Xmodem file system is available.
The password-recovery mechanism is enabled.
Initializing Flash...
flashfs[0]: 541 files, 19 directories
flashfs[0]: 0 orphaned files, 0 orphaned directories
flashfs[0]: Total bytes: 32514048
flashfs[0]: Bytes used: 23347200
flashfs[0]: Bytes available: 9166848
flashfs[0]: flashfs fsck took 12 seconds.
...done Initializing Flash.
done.
Loading "flash:c2960-lanbasek9-mz.122-55.SE10/c2960-lanbasek9-mz.122-55.SE10.bin"...@@@@@@@@@@@@@@@@@@@@@@@@@@@@@@@@@@@@@@@@@@@@@@@@@@@@@@@@@@@@@@@@@@@@@@@@@@@@@@@@@@@@@@@@@@@@@@@@@@@@@@@@@@@@@@@@@@@@@@@@@@@@@@@@@@@@@@@@@@@@@@@@@@@@@@@@@@@@@@@@@@@@@@@@@@@@@@@@@@@@@@@@@@@@@@@@@@@@@@@@@@@@@@@@@@@@@@@@@@@@@@@@@@@@@@@@@@@@@@@@@@@@@@@@@@@@@@@@@@@@@@@@@@@@@@@@@@@@@@@@@@@@@@@@@@@@@@@@@@@@@@@@@@@@@@@@@@@@@@@@@@@@@@@@@@@@@@@@@@@@@@@@@@@@@@@@@@@@@@@@@@@@@@@@@@@@@@@@@@@@@@@@@@@@@@@@@@@@@@@@@@@@@@@@@@@@@@@@@@@@@@@@@@@@@@@@@@@@@@@@@@@@@@@@@@@@@@@@@@@@@@@@@@@@@@@@@@@@@@@@@@@@@@@@@@@@@@@@@@@@@@@@@@@@@@@@@@@@@@@@@@@@@@@@@@@@@@@@@@@@@@@@@@@@@@@@@@@@@@@@@@@@@@@@@@@@@@@@@@@@@@@@@@@@@@@@@@@@@@@@@@@@@@@@@@@@@@@@@@@@@@@@@@@@@@@@@@@@@@@@@@@@@@@@@@@@@@@@@@@@@@@@@@@@@@@@@@@@@@@@@@@@@@@@@@@@@@@@@@@@@@@@@@@@@@@@@@@@@@@@@@@@@@@@@@@@@@@@@@@@@@@@@@@@@@@@@@@@@@@@@@@@@@@@@@@@@@@@@@@@@@@@@@@@@@@@@@@@@@@@@@@@@@@@@@@@@@@@@@@@@@@@@@@@@@@@@@@@@@@@@@@@@@@@@@@@@@@@@@@@@@@@@@@@@@@@@@@@@@@@@@@@@@@@@@@@@@@@@@@@@@@@@@@@@@@@@@@@@@@@@@@@@@@@@@@@@@@@@@@@@@@@@@@@@@@@@@@@@@@@@@@@@@@@@@@@@@@@@@@@@@@@@@@@@@@@@@@@@@@@@@@@@@@@@@@@@@@@@@@@@@@@@@@@@@@@@@@@@@@@@@@@@@@@@@@@@@@@@@@@@@@@@@@@@@@@@@@@@@@@@@@@@@@@@@@@@@@@@@@@@@@@@@@@@@@@@@@@@@@@@@@@@@@@@@@@@@@@@@@@@@@@@@@@@@@@@@@@@@@@@@@@@@@@@@@@@@@@@@@@@@@@@@@@@@@@@@@@@@@@@@@@@@@@@@@@@@@@@@@@@@@@@@@@@@@@@@@@@@@@@@@@@@@@@@@@@@@@@@@@@@@@@@@@@@@@@@@@@@@@@@@@@@@@@@@@@@@@@@@@@@@@@@@@@@@@@@@@@@@@@@@@@@@@@@@@@@@@@@@@@@@@@@@@@@@@@@@@@@@@@@@@@@@@@@@@@@@@@@@@@@@@@@@@@@@@@@@@@@@@@@@@@@@@@@@@@@@@@@@@@@@@@@@@@@@@@@@@@@@@@@@@@@@@@@@@@@@@@@@@@@@@@@@@@@@@@@@@@@@@@@@@@@@@@@@@@@@@@@@@@@@@@@@@@@@@@@@@@@@@@@@@@@@@@@@@@@@@@@@@@@@@@@@@@@@@@@@@@@@@@@@@@@@@@@@@@@@@@@@@@@@@@@@@@@@@@@@@@@@@@@@@@@@@@@@@@@@@@@@@@@@@@@@@@@@@@@@@@@@@@@@@@@@@@@@@@@@@@@@@@@@@@@@@@@@@@@@@@@@@@@@@@@@@@@@@@@@@@@@@@@@@@@@@@@@@@@@@@@@@@@@@@@@@@@@@@@@@@@@@@@@@@@@@@@@@@@@@@@@@@@@@@@@@@@@@@@@@@@@@@@@@@@@@@@@@@@@@@@@@@@@@@@@@@@@@@@@@@@@@@@@@@@@@@@@@@@@@@@@@@@@@@@@@@@@@@@@@@@@@@@@@@@@@@@@@@@@@@@@@@@@@@@@@@@@@@@@@@@@@@@@@@@@@@@@@@@@@@@@@@@@@@@@@@@@@@@@@@@@@@@@@@@@@@@@@@@@@@@@@@@@@@@@@@@@@@@@@@@@@@@@@@@@@@@@@@@@@@@@@@@@@@@@@@@@@@@@@@@@@@@@@@@@@@@@@@@@@@@@@@@@@@@@@@@@@@@@@@@@@@@@@@@@@@@@@@@@@@@@@@@@@@@@@@@@@@@@@@@@@@@@@@@@@@@@@@@@@@@@@@@@@@@@@@@@@@@@@@@@@@@@@@@@@@@@@@@@@@@@@@@@@@@@@@@@@@@@@@@@@@@@@@@@@@@@@@@@@@@@@@@@@@@@@@@@@@@@@@@@@@@@@@@@@@@@@@@@@@@@@@@@@@@@@@@@@@@@@@@@@@@@@@@@@@@@@@@@@@@@@@@@@@@@@@@@@@@@@@@@@@@@@@@@@@@@@@@@@@@@@@@@@@@@@@@@@@@@@@@@@@@@@@@@@@@@@@@@@@@@@@@@@@@@@@@@@@@@@@@@@@@@@@@@@@@@@@@@@@@@
File "flash:c2960-lanbasek9-mz.122-55.SE10/c2960-lanbasek9-mz.122-55.SE10.bin" uncompressed and installed, entry point: 0x3000
executing...

              Restricted Rights Legend

Use, duplication, or disclosure by the Government is
subject to restrictions as set forth in subparagraph
(c) of the Commercial Computer Software - Restricted
Rights clause at FAR sec. 52.227-19 and subparagraph
(c) (1) (ii) of the Rights in Technical Data and Computer
Software clause at DFARS sec. 252.227-7013.

           cisco Systems, Inc.
           170 West Tasman Drive
           San Jose, California 95134-1706



Cisco IOS Software, C2960 Software (C2960-LANBASEK9-M), Version 12.2(55)SE10, RELEASE SOFTWARE (fc2)
Technical Support: http://www.cisco.com/techsupport
Copyright (c) 1986-2015 by Cisco Systems, Inc.
Compiled Wed 11-Feb-15 11:46 by prod_rel_team
Image text-base: 0x00003000, data-base: 0x01900000

Initializing flashfs...

fsck: Disable shadow buffering due to heap fragmentation.
flashfs[1]: 541 files, 19 directories
flashfs[1]: 0 orphaned files, 0 orphaned directories
flashfs[1]: Total bytes: 32514048
flashfs[1]: Bytes used: 23347200
flashfs[1]: Bytes available: 9166848
flashfs[1]: flashfs fsck took 2 seconds.
flashfs[1]: Initialization complete....done Initializing flashfs.

Checking for Bootloader upgrade.. not needed
POST: CPU MIC register Tests : Begin
POST: CPU MIC register Tests : End, Status Passed

POST: PortASIC Memory Tests : Begin
POST: PortASIC Memory Tests : End, Status Passed

POST: CPU MIC interface Loopback Tests : Begin
POST: CPU MIC interface Loopback Tests : End, Status Passed

POST: PortASIC RingLoopback Tests : Begin
POST: PortASIC RingLoopback Tests : End, Status Passed

POST: PortASIC CAM Subsystem Tests : Begin
POST: PortASIC CAM Subsystem Tests : End, Status Passed

POST: PortASIC Port Loopback Tests : Begin
POST: PortASIC Port Loopback Tests : End, Status Passed

Waiting for Port download...Complete


This product contains cryptographic features and is subject to United
States and local country laws governing import, export, transfer and
use. Delivery of Cisco cryptographic products does not imply
third-party authority to import, export, distribute or use encryption.
Importers, exporters, distributors and users are responsible for
compliance with U.S. and local country laws. By using this product you
agree to comply with applicable laws and regulations. If you are unable
to comply with U.S. and local laws, return this product immediately.

A summary of U.S. laws governing Cisco cryptographic products may be found at:
http://www.cisco.com/wwl/export/crypto/tool/stqrg.html

If you require further assistance please contact us by sending email to
export@cisco.com.

cisco WS-C2960-24TT-L (PowerPC405) processor (revision U0) with 65536K bytes of memory.
Processor board ID FCW1749A24P
Last reset from power-on
1 Virtual Ethernet interface
24 FastEthernet interfaces
2 Gigabit Ethernet interfaces
The password-recovery mechanism is enabled.

64K bytes of flash-simulated non-volatile configuration memory.
Base ethernet MAC Address       : C4:14:3C:5A:A6:00
Motherboard assembly number     : 73-12600-06
Power supply part number        : 341-0097-03
Motherboard serial number       : FOC174841QH
Power supply serial number      : ALD1747B2NR
Model revision number           : U0
Motherboard revision number     : B0
Model number                    : WS-C2960-24TT-L
System serial number            : FCW1749A24P
Top Assembly Part Number        : 800-32797-02
Top Assembly Revision Number    : B0
Version ID                      : V11
CLEI Code Number                : COM3L00BRF
Hardware Board Revision Number  : 0x0A


Switch Ports Model              SW Version            SW Image
------ ----- -----              ----------            ----------
*    1 26    WS-C2960-24TT-L    12.2(55)SE10          C2960-LANBASEK9-M


*Mar  1 00:00:32.421: %LINEPROTO-5-UPDOWN: Line protocol on Interface Vlan1, changed state to down
*Mar  1 00:00:33.730: %SPANTREE-5-EXTENDED_SYSID: Extended SysId enabled for type vlan
*Mar  1 00:00:55.431: %SYS-5-RESTART: System restarted --
Cisco IOS Software, C2960 Software (C2960-LANBASEK9-M), Version 12.2(55)SE10, RELEASE SOFTWARE (fc2)
Technical Support: http://www.cisco.com/techsupport
Copyright (c) 1986-2015 by Cisco Systems, Inc.
Compiled Wed 11-Feb-15 11:46 by prod_rel_team
*Mar  1 00:00:57.034: %LINK-3-UPDOWN: Interface FastEthernet0/1, changed state to up
*Mar  1 00:00:57.034: %LINK-3-UPDOWN: Interface FastEthernet0/18, changed state to up
*Mar  1 00:00:58.107: %LINEPROTO-5-UPDOWN: Line protocol on Interface FastEthernet0/1, changed state to up
*Mar  1 00:00:58.116: %LINEPROTO-5-UPDOWN: Line protocol on Interface FastEthernet0/11, changed state to up
*Mar  1 00:00:58.116: %LINEPROTO-5-UPDOWN: Line protocol on Interface FastEthernet0/18, changed state to up
*Mar  1 00:00:59.181: %LINK-3-UPDOWN: Interface FastEthernet0/11, changed state to up
*Mar  1 00:01:26.998: %LINEPROTO-5-UPDOWN: Line protocol on Interface Vlan1, changed state to up


Press RETURN to get started!




         --- System Configuration Dialog ---

Enable secret warning
----------------------------------
In order to access the device manager, an enable secret is required
If you enter the initial configuration dialog, you will be prompted for the enable secret
If you choose not to enter the intial configuration dialog, or if you exit setup without setting the enable secret,
please set an enable secret using the following CLI in configuration mode-
enable secret 0 <cleartext password>
----------------------------------
Would you like to enter the initial configuration dialog? [yes/no]: n
Switch>
*Mar  1 00:08:00.583: %LINK-5-CHANGED: Interface Vlan1, changed state to administratively down
*Mar  1 00:08:00.591: %LINEPROTO-5-UPDOWN: Line protocol on Interface Vlan1, changed state to down
Switch>enable
Switch#config term
Enter configuration commands, one per line.  End with CNTL/Z.
Switch(config)#hostname S2
S2(config)#ip add
S2(config)#ip address 192.168.1.12 255.255.255.0
                     ^
% Invalid input detected at '^' marker.

S2(config)#ip address 192.168.1.12 255.255.255.0
                     ^
% Invalid input detected at '^' marker.

S2(config)#int vlan 1
S2(config-if)#ip address 192.168.1.12 255.255.255.0
S2(config-if)#no shutdown
S2(config-if)#
*Mar  1 00:09:32.522: %LINK-3-UPDOWN: Interface Vlan1, changed state to up
*Mar  1 00:09:32.530: %LINEPROTO-5-UPDOWN: Line protocol on Interface Vlan1, changed state to upexit
S2(config)#int range fa0/2-10, fa0/12-17, fa0/19-24, g0/1-2
S2(config-if-range)#no shutdown
S2(config-if-range)#shutdown
S2(config-if-range)#
*Mar  1 00:11:40.893: %LINK-5-CHANGED: Interface FastEthernet0/2, changed state to administratively down
*Mar  1 00:11:40.918: %LINK-5-CHANGED: Interface FastEthernet0/3, changed state to administratively down
*Mar  1 00:11:40.943: %LINK-5-CHANGED: Interface FastEthernet0/4, changed state to administratively down
*Mar  1 00:11:40.960: %LINK-5-CHANGED: Interface FastEthernet0/5, changed state to administratively down
*Mar  1 00:11:40.985: %LINK-5-CHANGED: Interface FastEthernet0/6, changed state to administratively down
*Mar  1 00:11:41.010: %LINK-5-CHANGED: Interface FastEthernet0/7, changed state to administratively down
*Mar  1 00:11:41.027: %LINK-5-CHANGED: Interface FastEthernet0/8, changed state to administratively down
*Mar  1 00:11:41.052: %LINK-5-CHANGED: Interface FastEthernet0/9, changed state to administratively down
*Mar  1 00:11:41.069: %LINK-5-CHANGED: Interface FastEthernet0/10, changed state to administratively down
*Mar  1 00:11:41.103: %LINK-5-CHANGED: Interface FastEthernet0/12, changed state to administratively down
*Mar  1 00:11:41.128: %LINK-5-CHANGED: Interface FastEthernet0/13, changed state to administratively down
*Mar  1 00:11:41.145: %LINK-5-CHANGED: Interface FastEthernet0/14, changed state to administratively down
*Mar  1 00:11:41.170: %LINK-5-CHANGED: Interface FastEthernet0/15, changed state to administratively down
*Mar  1 00:11:41.195: %LINK-5-CHANGED: Interface FastEthernet0/16, changed state to administratively down
*Mar  1 00:11:41.212: %LINK-5-CHANGED: Interface FastEthernet0/17, changed state to administratively down
*Mar  1 00:11:41.237: %LINK-5-CHANGED: Interface FastEthernet0/19, changed state to administratively down
*Mar  1 00:11:41.262: %LINK-5-CHANGED: Interface FastEthernet0/20, changed state to administratively down
*Mar  1 00:11:41.279: %LINK-5-CHANGED: Interface FastEthernet0/21, changed state to administratively down
*Mar  1 00:11:41.312: %LINK-5-CHANGED: Interface FastEthernet0/22, changed state to administratively down
*Mar  1 00:11:41.337: %LINK-5-CHANGED: Interface FastEthernet0/23, changed state to administratively down
*Mar  1 00:11:41.363: %LINK-5-CHANGED: Interface FastEthernet0/24, changed state to administratively down
*Mar  1 00:11:41.379: %LINK-5-CHANGED: Interface GigabitEthernet0/1, changed state to administratively down
*Mar  1 00:11:41.405: %LINK-5-CHANGED: Interface GigabitEthernet0/2, changed state to administratively down
S2(config-if-range)#exit
S2(config)#
S1>
S1>enable
S1#config term
Enter configuration commands, one per line.  End with CNTL/Z.
S1(config)#vlan 10
S1(config-vlan)#name Student
S1(config-vlan)#vlan 20
S1(config-vlan)#name Faculty
S1(config-vlan)#vlan 99
S1(config-vlan)#name Management
S1(config-vlan)#end
S1#
*Mar  1 00:25:28.798: %SYS-5-CONFIG_I: Configured from console by console
S1#show vlan

VLAN Name                             Status    Ports
---- -------------------------------- --------- -------------------------------
1    default                          active    Fa0/1, Fa0/2, Fa0/3, Fa0/4
                                                Fa0/5, Fa0/6, Fa0/7, Fa0/8
                                                Fa0/9, Fa0/10, Fa0/11, Fa0/12
                                                Fa0/13, Fa0/14, Fa0/15, Fa0/16
                                                Fa0/17, Fa0/18, Fa0/19, Fa0/20
                                                Fa0/21, Fa0/22, Fa0/23, Fa0/24
                                                Gi0/1, Gi0/2
10   Student                          active
20   Faculty                          active
99   Management                       active
1002 fddi-default                     act/unsup
1003 token-ring-default               act/unsup
1004 fddinet-default                  act/unsup
1005 trnet-default                    act/unsup

VLAN Type  SAID       MTU   Parent RingNo BridgeNo Stp  BrdgMode Trans1 Trans2
---- ----- ---------- ----- ------ ------ -------- ---- -------- ------ ------
1    enet  100001     1500  -      -      -        -    -        0      0
10   enet  100010     1500  -      -      -        -    -        0      0
20   enet  100020     1500  -      -      -        -    -        0      0

VLAN Type  SAID       MTU   Parent RingNo BridgeNo Stp  BrdgMode Trans1 Trans2
---- ----- ---------- ----- ------ ------ -------- ---- -------- ------ ------
99   enet  100099     1500  -      -      -        -    -        0      0
1002 fddi  101002     1500  -      -      -        -    -        0      0
1003 tr    101003     1500  -      -      -        -    -        0      0
1004 fdnet 101004     1500  -      -      -        ieee -        0      0
1005 trnet 101005     1500  -      -      -        ibm  -        0      0

Remote SPAN VLANs
------------------------------------------------------------------------------


Primary Secondary Type              Ports
------- --------- ----------------- ------------------------------------------

S1#config term
Enter configuration commands, one per line.  End with CNTL/Z.
S1(config)#int f0/6
S1(config-if)#swtichport mode access
                ^
% Invalid input detected at '^' marker.

S1(config-if)#switchport mode access
S1(config-if)#switchport access vlan 10
S1(config-if)#int vlan 1
S1(config-if)#no ip addre
S1(config-if)#no ip address
S1(config-if)#int vlan 99
S1(config-if)#
*Mar  1 00:28:02.201: %LINEPROTO-5-UPDOWN: Line protocol on Interface Vlan99, changed state to downip add
S1(config-if)#ip address 192.168.1.11 255.255.255.0
S1(config-if)#end
S1#
*Mar  1 00:28:23.986: %SYS-5-CONFIG_I: Configured from console by console
S1#show vlan brief

VLAN Name                             Status    Ports
---- -------------------------------- --------- -------------------------------
1    default                          active    Fa0/1, Fa0/2, Fa0/3, Fa0/4
                                                Fa0/5, Fa0/7, Fa0/8, Fa0/9
                                                Fa0/10, Fa0/11, Fa0/12, Fa0/13
                                                Fa0/14, Fa0/15, Fa0/16, Fa0/17
                                                Fa0/18, Fa0/19, Fa0/20, Fa0/21
                                                Fa0/22, Fa0/23, Fa0/24, Gi0/1
                                                Gi0/2
10   Student                          active    Fa0/6
20   Faculty                          active
99   Management                       active
1002 fddi-default                     act/unsup
1003 token-ring-default               act/unsup
1004 fddinet-default                  act/unsup
1005 trnet-default                    act/unsup
S1#show ip int breif
                 ^
% Invalid input detected at '^' marker.

S1#show ip int breif
                 ^
% Invalid input detected at '^' marker.

S1#show ip int breif
S1#show ip interface breif
                       ^
% Invalid input detected at '^' marker.

S1#show ip interface brief
Interface              IP-Address      OK? Method Status                Protocol
Vlan1                  unassigned      YES manual up                    up
Vlan99                 192.168.1.11    YES manual up                    down
FastEthernet0/1        unassigned      YES unset  up                    up
FastEthernet0/2        unassigned      YES unset  administratively down down
FastEthernet0/3        unassigned      YES unset  administratively down down
FastEthernet0/4        unassigned      YES unset  administratively down down
FastEthernet0/5        unassigned      YES unset  administratively down down
FastEthernet0/6        unassigned      YES unset  up                    up
FastEthernet0/7        unassigned      YES unset  administratively down down
FastEthernet0/8        unassigned      YES unset  administratively down down
FastEthernet0/9        unassigned      YES unset  administratively down down
FastEthernet0/10       unassigned      YES unset  administratively down down
FastEthernet0/11       unassigned      YES unset  administratively down down
FastEthernet0/12       unassigned      YES unset  administratively down down
FastEthernet0/13       unassigned      YES unset  administratively down down
FastEthernet0/14       unassigned      YES unset  administratively down down
FastEthernet0/15       unassigned      YES unset  administratively down down
FastEthernet0/16       unassigned      YES unset  administratively down down
FastEthernet0/17       unassigned      YES unset  administratively down down
FastEthernet0/18       unassigned      YES unset  administratively down down
FastEthernet0/19       unassigned      YES unset  administratively down down
FastEthernet0/20       unassigned      YES unset  administratively down down
FastEthernet0/21       unassigned      YES unset  administratively down down
FastEthernet0/22       unassigned      YES unset  administratively down down
FastEthernet0/23       unassigned      YES unset  administratively down down
FastEthernet0/24       unassigned      YES unset  administratively down down
GigabitEthernet0/1     unassigned      YES unset  administratively down down
GigabitEthernet0/2     unassigned      YES unset  administratively down down
S1#
S2>enable
S2#config term
Enter configuration commands, one per line.  End with CNTL/Z.
S2(config)#int fa
S2(config)#int fastEthernet 0/11
S2(config-if)#SWT
S2(config-if)#swit
S2(config-if)#switchport mode access
S2(config-if)#switchport access vlan 20
% Access VLAN does not exist. Creating vlan 20
S2(config-if)#no switchport access vlan 20
S2(config-if)#int fa0/18
S2(config-if)#switchport mode access
S2(config-if)#no switchport access vlan 20
S2(config-if)#switchport access vlan 20
S2(config-if)#exit
S2(config)#int vlan 1
S2(config-if)#no ip add
S2(config-if)#no ip address
S2(config-if)#int vlan 99
S2(config-if)#
*Mar  1 00:26:25.757: %LINEPROTO-5-UPDOWN: Line protocol on Interface Vlan99, changed state to down
S2(config-if)#ip add
S2(config-if)#ip address 192.168.1.12 255.255.255.0
S2(config-if)#no shutdown
S2(config-if)#end
S2#sh
*Mar  1 00:27:17.078: %SYS-5-CONFIG_I: Configured from console by consoleow
% Type "show ?" for a list of subcommands
S2#show vlan brief

VLAN Name                             Status    Ports
---- -------------------------------- --------- -------------------------------
1    default                          active    Fa0/1, Fa0/2, Fa0/3, Fa0/4
                                                Fa0/5, Fa0/6, Fa0/7, Fa0/8
                                                Fa0/9, Fa0/10, Fa0/11, Fa0/12
                                                Fa0/13, Fa0/14, Fa0/15, Fa0/16
                                                Fa0/17, Fa0/19, Fa0/20, Fa0/21
                                                Fa0/22, Fa0/23, Fa0/24, Gi0/1
                                                Gi0/2
20   VLAN0020                         active    Fa0/18
1002 fddi-default                     act/unsup
1003 token-ring-default               act/unsup
1004 fddinet-default                  act/unsup
1005 trnet-default                    act/unsup
S2#
S2#
S1#enable
S1#config term
Enter configuration commands, one per line.  End with CNTL/Z.
S1(config)#int range fa0/11-24
S1(config-if-range)#switchport mode access
S1(config-if-range)#switchport  access vlan 10
S1(config-if-range)#end
S1#
*Mar  1 00:38:44.281: %SYS-5-CONFIG_I: Configured from console by console
S1#int range fa0/11, fa0/21
    ^
% Invalid input detected at '^' marker.

S1#config term
Enter configuration commands, one per line.  End with CNTL/Z.
S1(config)#int range fa0/11, fa0/21
S1(config-if-range)#switchport mode access
S1(config-if-range)#switchport  access vlan 20
S1(config-if-range)#do show vlan breif
show vlan breif
            ^
% Invalid input detected at '^' marker.

S1(config-if-range)#do show vlan brief

VLAN Name                             Status    Ports
---- -------------------------------- --------- -------------------------------
1    default                          active    Fa0/1, Fa0/2, Fa0/3, Fa0/4
                                                Fa0/5, Fa0/7, Fa0/8, Fa0/9
                                                Fa0/10, Gi0/1, Gi0/2
10   Student                          active    Fa0/6, Fa0/12, Fa0/13, Fa0/14
                                                Fa0/15, Fa0/16, Fa0/17, Fa0/18
                                                Fa0/19, Fa0/20, Fa0/22, Fa0/23
                                                Fa0/24
20   Faculty                          active    Fa0/11, Fa0/21
99   Management                       active
1002 fddi-default                     act/unsup
1003 token-ring-default               act/unsup
1004 fddinet-default                  act/unsup
1005 trnet-default                    act/unsup
S1(config-if-range)#int f0/24
S1(config-if)#no sw
S1(config-if)#no switchport acc
S1(config-if)#no switchport access vlan
S1(config-if)#end
S1#
*Mar  1 00:41:43.823: %SYS-5-CONFIG_I: Configured from console by console
S1#int fa0/24
    ^
% Invalid input detected at '^' marker.

S1#config term
Enter configuration commands, one per line.  End with CNTL/Z.
S1(config)#int f0/24
S1(config-if)#switchport  access vlan 30
% Access VLAN does not exist. Creating vlan 30
S1(config-if)#do show vlan brief

VLAN Name                             Status    Ports
---- -------------------------------- --------- -------------------------------
1    default                          active    Fa0/1, Fa0/2, Fa0/3, Fa0/4
                                                Fa0/5, Fa0/7, Fa0/8, Fa0/9
                                                Fa0/10, Gi0/1, Gi0/2
10   Student                          active    Fa0/6, Fa0/12, Fa0/13, Fa0/14
                                                Fa0/15, Fa0/16, Fa0/17, Fa0/18
                                                Fa0/19, Fa0/20, Fa0/22, Fa0/23
20   Faculty                          active    Fa0/11, Fa0/21
30   VLAN0030                         active    Fa0/24
99   Management                       active
1002 fddi-default                     act/unsup
1003 token-ring-default               act/unsup
1004 fddinet-default                  act/unsup
1005 trnet-default                    act/unsup
S1(config-if)#exit
S1(config)#no vlan 30
S1(config)#end
S1#sho
*Mar  1 00:43:56.069: %SYS-5-CONFIG_I: Configured from console by consolew
% Type "show ?" for a list of subcommands
S1#show vlan brief

VLAN Name                             Status    Ports
---- -------------------------------- --------- -------------------------------
1    default                          active    Fa0/1, Fa0/2, Fa0/3, Fa0/4
                                                Fa0/5, Fa0/7, Fa0/8, Fa0/9
                                                Fa0/10, Gi0/1, Gi0/2
10   Student                          active    Fa0/6, Fa0/12, Fa0/13, Fa0/14
                                                Fa0/15, Fa0/16, Fa0/17, Fa0/18
                                                Fa0/19, Fa0/20, Fa0/22, Fa0/23
20   Faculty                          active    Fa0/11, Fa0/21
99   Management                       active
1002 fddi-default                     act/unsup
1003 token-ring-default               act/unsup
1004 fddinet-default                  act/unsup
1005 trnet-default                    act/unsup
S1#config term
Enter configuration commands, one per line.  End with CNTL/Z.
S1(config)# no swt
S1(config)# no swit
S1(config)# no swi
S1(config)# no switchport access vlan
                ^
% Invalid input detected at '^' marker.

S1(config)#show vlan brief
             ^
% Invalid input detected at '^' marker.

S1(config)#do show vlan brief

VLAN Name                             Status    Ports
---- -------------------------------- --------- -------------------------------
1    default                          active    Fa0/1, Fa0/2, Fa0/3, Fa0/4
                                                Fa0/5, Fa0/7, Fa0/8, Fa0/9
                                                Fa0/10, Gi0/1, Gi0/2
10   Student                          active    Fa0/6, Fa0/12, Fa0/13, Fa0/14
                                                Fa0/15, Fa0/16, Fa0/17, Fa0/18
                                                Fa0/19, Fa0/20, Fa0/22, Fa0/23
20   Faculty                          active    Fa0/11, Fa0/21
99   Management                       active
1002 fddi-default                     act/unsup
1003 token-ring-default               act/unsup
1004 fddinet-default                  act/unsup
1005 trnet-default                    act/unsup
S1(config)# no switchport access vlan
                ^
% Invalid input detected at '^' marker.

S1(config)#int fa0/24
S1(config-if)# no switchport access vlan
S1(config-if)#do show vlan brief

VLAN Name                             Status    Ports
---- -------------------------------- --------- -------------------------------
1    default                          active    Fa0/1, Fa0/2, Fa0/3, Fa0/4
                                                Fa0/5, Fa0/7, Fa0/8, Fa0/9
                                                Fa0/10, Fa0/24, Gi0/1, Gi0/2
10   Student                          active    Fa0/6, Fa0/12, Fa0/13, Fa0/14
                                                Fa0/15, Fa0/16, Fa0/17, Fa0/18
                                                Fa0/19, Fa0/20, Fa0/22, Fa0/23
20   Faculty                          active    Fa0/11, Fa0/21
99   Management                       active
1002 fddi-default                     act/unsup
1003 token-ring-default               act/unsup
1004 fddinet-default                  act/unsup
1005 trnet-default                    act/unsup
S1(config-if)#exit
S1(config)#interface f0/1
S1(config-if)#swtichport
S1(config-if)#swtichport mode dy
S1(config-if)#switchport mode dy
S1(config-if)#switchport mode dynamic des
S1(config-if)#switchport mode dynamic desirable
S1(config-if)#
*Mar  1 00:48:17.626: %LINEPROTO-5-UPDOWN: Line protocol on Interface Vlan1, changed state to down
*Mar  1 00:48:18.624: %LINEPROTO-5-UPDOWN: Line protocol on Interface FastEthernet0/1, changed state to down
*Mar  1 00:48:21.644: %LINEPROTO-5-UPDOWN: Line protocol on Interface FastEthernet0/1, changed state to up
*Mar  1 00:48:50.660: %LINEPROTO-5-UPDOWN: Line protocol on Interface Vlan1, changed state to up
*Mar  1 00:48:50.669: %LINEPROTO-5-UPDOWN: Line protocol on Interface Vlan99, changed state to up
S1(config-if)#exit
S1(config)#do show vlan brief

VLAN Name                             Status    Ports
---- -------------------------------- --------- -------------------------------
1    default                          active    Fa0/2, Fa0/3, Fa0/4, Fa0/5
                                                Fa0/7, Fa0/8, Fa0/9, Fa0/10
                                                Fa0/24, Gi0/1, Gi0/2
10   Student                          active    Fa0/6, Fa0/12, Fa0/13, Fa0/14
                                                Fa0/15, Fa0/16, Fa0/17, Fa0/18
                                                Fa0/19, Fa0/20, Fa0/22, Fa0/23
20   Faculty                          active    Fa0/11, Fa0/21
99   Management                       active
1002 fddi-default                     act/unsup
1003 token-ring-default               act/unsup
1004 fddinet-default                  act/unsup
1005 trnet-default                    act/unsup
S1(config)#do show int truck
show int truck
            ^
% Invalid input detected at '^' marker.

S1(config)#do show interface trunk

Port        Mode             Encapsulation  Status        Native vlan
Fa0/1       desirable        802.1q         trunking      1

Port        Vlans allowed on trunk
Fa0/1       1-4094

Port        Vlans allowed and active in management domain
Fa0/1       1,10,20,99

Port        Vlans in spanning tree forwarding state and not pruned
Fa0/1       1,10,20,99

flashfs[0]: 543 files, 20 directories
flashfs[0]: 0 orphaned files, 0 orphaned directories
flashfs[0]: Total bytes: 32514048
flashfs[0]: Bytes used: 13526016
flashfs[0]: Bytes available: 18988032
flashfs[0]: flashfs fsck took 11 seconds.
...done Initializing Flash.
done.
Loading "flash:/c2960-lanbasek9-mz.122-55.SE7/c2960-lanbasek9-mz.122-55.SE7.bin"...@@@@@@@@@@@@@@@@@@@@@@@@@@@@@@@@@@@@@@@@@@@@@@@@@@@@@@@@@@@@@@@@@@@@@@@@@@@@@@@@@@@@@@@@@@@@@@@@@@@@@@@@@@@@@@@@@@@@@@@@@@@@@@@@@@@@@@@@@@@@@@@@@@@@@@@@@@@@@@@@@@@@@@@@@@@@@@@@@@@@@@@@@@@@@@@@@@@@@@@@@@@@@@@@@@@@@@@@@@@@@@@@@@@@@@@@@@@@@@@@@@@@@@@@@@@@@@@@@@@@@@@@@@@@@@@@@@@@@@@@@@@@@@@@@@@@@@@@@@@@@@@@@@@@@@@@@@@@@@@@@@@@@@@@@@@@@@@@@@@@@@@@@@@@@@@@@@@@@@@@@@@@@@@@@@@@@@@@@@@@@@@@@@@@@@@@@@@@@@@@@@@@@@@@@@@@@@@@@@@@@@@@@@@@@@@@@@@@@@@@@@@@@@@@@@@@@@@@@@@@@@@@@@@@@@@@@@@@@@@@@@@@@@@@@@@@@@@@@@@@@@@@@@@@@@@@@@@@@@@@@@@@@@@@@@@@@@@@@@@@@@@@@@@@@@@@@@@@@@@@@@@@@@@@@@@@@@@@@@@@@@@@@@@@@@@@@@@@@@@@@@@@@@@@@@@@@@@@@@@@@@@@@@@@@@@@@@@@@@@@@@@@@@@@@@@@@@@@@@@@@@@@@@@@@@@@@@@@@@@@@@@@@@@@@@@@@@@@@@@@@@@@@@@@@@@@@@@@@@@@@@@@@@@@@@@@@@@@@@@@@@@@@@@@@@@@@@@@@@@@@@@@@@@@@@@@@@@@@@@@@@@@@@@@@@@@@@@@@@@@@@@@@@@@@@@@@@@@@@@@@@@@@@@@@@@@@@@@@@@@@@@@@@@@@@@@@@@@@@@@@@@@@@@@@@@@@@@@@@@@@@@@@@@@@@@@@@@@@@@@@@@@@@@@@@@@@@@@@@@@@@@@@@@@@@@@@@@@@@@@@@@@@@@@@@@@@@@@@@@@@@@@@@@@@@@@@@@@@@@@@@@@@@@@@@@@@@@@@@@@@@@@@@@@@@@@@@@@@@@@@@@@@@@@@@@@@@@@@@@@@@@@@@@@@@@@@@@@@@@@@@@@@@@@@@@@@@@@@@@@@@@@@@@@@@@@@@@@@@@@@@@@@@@@@@@@@@@@@@@@@@@@@@@@@@@@@@@@@@@@@@@@@@@@@@@@@@@@@@@@@@@@@@@@@@@@@@@@@@@@@@@@@@@@@@@@@@@@@@@@@@@@@@@@@@@@@@@@@@@@@@@@@@@@@@@@@@@@@@@@@@@@@@@@@@@@@@@@@@@@@@@@@@@@@@@@@@@@@@@@@@@@@@@@@@@@@@@@@@@@@@@@@@@@@@@@@@@@@@@@@@@@@@@@@@@@@@@@@@@@@@@@@@@@@@@@@@@@@@@@@@@@@@@@@@@@@@@@@@@@@@@@@@@@@@@@@@@@@@@@@@@@@@@@@@@@@@@@@@@@@@@@@@@@@@@@@@@@@@@@@@@@@@@@@@@@@@@@@@@@@@@@@@@@@@@@@@@@@@@@@@@@@@@@@@@@@@@@@@@@@@@@@@@@@@@@@@@@@@@@@@@@@@@@@@@@@@@@@@@@@@@@@@@@@@@@@@@@@@@@@@@@@@@@@@@@@@@@@@@@@@@@@@@@@@@@@@@@@@@@@@@@@@@@@@@@@@@@@@@@@@@@@@@@@@@@@@@@@@@@@@@@@@@@@@@@@@@@@@@@@@@@@@@@@@@@@@@@@@@@@@@@@@@@@@@@@@@@@@@@@@@@@@@@@@@@@@@@@@@@@@@@@@@@@@@@@@@@@@@@@@@@@@@@@@@@@@@@@@@@@@@@@@@@@@@@@@@@@@@@@@@@@@@@@@@@@@@@@@@@@@@@@@@@@@@@@@@@@@@@@@@@@@@@@@@@@@@@@@@@@@@@@@@@@@@@@@@@@@@@@@@@@@@@@@@@@@@@@@@@@@@@@@@@@@@@@@@@@@@@@@@@@@@@@@@@@@@@@@@@@@@@@@@@@@@@@@@@@@@@@@@@@@@@@@@@@@@@@@@@@@@@@@@@@@@@@@@@@@@@@@@@@@@@@@@@@@@@@@@@@@@@@@@@@@@@@@@@@@@@@@@@@@@@@@@@@@@@@@@@@@@@@@@@@@@@@@@@@@@@@@@@@@@@@@@@@@@@@@@@@@@@@@@@@@@@@@@@@@@@@@@@@@@@@@@@@@@@@@@@@@@@@@@@@@@@@@@@@@@@@@@@@@@@@@@@@@@@@@@@@@@@@@@@@@@@@@@@@@@@@@@@@@@@@@@@@@@@@@@@@@@@@@@@@@@@@@@@@@@@@@@@@@@@@@@@@@@@@@@@@@@@@@@@@@@@@@@@@@@@@@@@@@@@@@@@@@@@@@@@@@@@@@@@@@@@@@@@@@@@@@@@@@@@@@@@@@@@@@@@@@@@@@@@@@@@@@@@@@@@@@@@@@@@@@@@@@@@@@@@@@@@@@@@@@@@@@@@@@@@@@@@@@@@@@@@@@@@@
File "flash:/c2960-lanbasek9-mz.122-55.SE7/c2960-lanbasek9-mz.122-55.SE7.bin" uncompressed and installed, entry point: 0x3000
executing...

              Restricted Rights Legend

Use, duplication, or disclosure by the Government is
subject to restrictions as set forth in subparagraph
(c) of the Commercial Computer Software - Restricted
Rights clause at FAR sec. 52.227-19 and subparagraph
(c) (1) (ii) of the Rights in Technical Data and Computer
Software clause at DFARS sec. 252.227-7013.

           cisco Systems, Inc.
           170 West Tasman Drive
           San Jose, California 95134-1706



Cisco IOS Software, C2960 Software (C2960-LANBASEK9-M), Version 12.2(55)SE7, RELEASE SOFTWARE (fc1)
Technical Support: http://www.cisco.com/techsupport
Copyright (c) 1986-2013 by Cisco Systems, Inc.
Compiled Mon 28-Jan-13 10:22 by prod_rel_team
Image text-base: 0x00003000, data-base: 0x01900000

Initializing flashfs...

fsck: Disable shadow buffering due to heap fragmentation.
flashfs[1]: 543 files, 20 directories
flashfs[1]: 0 orphaned files, 0 orphaned directories
flashfs[1]: Total bytes: 32514048
flashfs[1]: Bytes used: 13526016
flashfs[1]: Bytes available: 18988032
flashfs[1]: flashfs fsck took 2 seconds.
flashfs[1]: Initialization complete....done Initializing flashfs.

Checking for Bootloader upgrade.. not needed
POST: CPU MIC register Tests : Begin
POST: CPU MIC register Tests : End, Status Passed

POST: PortASIC Memory Tests : Begin
POST: PortASIC Memory Tests : End, Status Passed

POST: CPU MIC interface Loopback Tests : Begin
POST: CPU MIC interface Loopback Tests : End, Status Passed

POST: PortASIC RingLoopback Tests : Begin
POST: PortASIC RingLoopback Tests : End, Status Passed

POST: PortASIC CAM Subsystem Tests : Begin
POST: PortASIC CAM Subsystem Tests : End, Status Passed

POST: PortASIC Port Loopback Tests : Begin
POST: PortASIC Port Loopback Tests : End, Status Passed

Waiting for Port download...Complete


This product contains cryptographic features and is subject to United
States and local country laws governing import, export, transfer and
use. Delivery of Cisco cryptographic products does not imply
third-party authority to import, export, distribute or use encryption.
Importers, exporters, distributors and users are responsible for
compliance with U.S. and local country laws. By using this product you
agree to comply with applicable laws and regulations. If you are unable
to comply with U.S. and local laws, return this product immediately.

A summary of U.S. laws governing Cisco cryptographic products may be found at:
http://www.cisco.com/wwl/export/crypto/tool/stqrg.html

If you require further assistance please contact us by sending email to
export@cisco.com.

cisco WS-C2960-24TT-L (PowerPC405) processor (revision U0) with 65536K bytes of memory.
Processor board ID FCW1749A233
Last reset from power-on
1 Virtual Ethernet interface
24 FastEthernet interfaces
2 Gigabit Ethernet interfaces
The password-recovery mechanism is enabled.

64K bytes of flash-simulated non-volatile configuration memory.
Base ethernet MAC Address       : C4:14:3C:5A:82:00
Motherboard assembly number     : 73-12600-06
Power supply part number        : 341-0097-03
Motherboard serial number       : FOC1748421N
Power supply serial number      : ALD1747B2PT
Model revision number           : U0
Motherboard revision number     : B0
Model number                    : WS-C2960-24TT-L
System serial number            : FCW1749A233
Top Assembly Part Number        : 800-32797-02
Top Assembly Revision Number    : B0
Version ID                      : V11
CLEI Code Number                : COM3L00BRF
Hardware Board Revision Number  : 0x0A


Switch Ports Model              SW Version            SW Image
------ ----- -----              ----------            ----------
*    1 26    WS-C2960-24TT-L    12.2(55)SE7           C2960-LANBASEK9-M




Press RETURN to get started!


*Mar  1 00:00:31.650: %LINEPROTO-5-UPDOWN: Line protocol on Interface Vlan1, changed state to down
*Mar  1 00:00:32.958: %SPANTREE-5-EXTENDED_SYSID: Extended SysId enabled for type vlan
*Mar  1 00:01:33.885: %LINEPROTO-5-UPDOWN: Line protocol on Interface Vlan99, changed state to down
*Mar  1 00:01:33.977: %SYS-5-CONFIG_I: Configured from memory by console
*Mar  1 00:01:34.799: %SYS-5-RESTART: System restarted --
Cisco IOS Software, C2960 Software (C2960-LANBASEK9-M), Version 12.2(55)SE7, RELEASE SO Unauthorised Access Prohibited

User Access Verification

Password: FTWARE (fc1)
Technical Support: http://www.cisco.com/techsupport
Copyright (c) 1986-2013 by Cisco Systems, Inc.
Compiled Mon 28-Jan-13 10:22 by prod_rel_team
*Mar  1 00:01:34.824: %SSH-5-ENABLED: SSH 1.99 has been enabled
*Mar  1 00:01:35.235: %LINK-5-CHANGED: Interface FastEthernet0/2, changed state to administratively down
*Mar  1 00:01:35.252: %LINK-5-CHANGED: Interface FastEthernet0/3, changed state to administratively down
*Mar  1 00:01:35.286: %LINK-5-CHANGED: Interface FastEthernet0/4, changed state to administratively down
*Mar  1 00:01:35.378: %LINK-5-CHANGED: Interface FastEthernet0/7, changed state to administratively down
*Mar  1 00:01:35.395: %LINK-5-CHANGED: Interface FastEthernet0/8, changed state to administratively down
*Mar  1 00:01:35.428: %LINK-5-CHANGED: Interface FastEthernet0/9, changed state to administratively down
*Mar  1 00:01:35.445: %LINK-5-CHANGED: Interface FastEthernet0/10, changed state to administratively down
*Mar  1 00:01:35.462: %LINK-5-CHANGED: Interface FastEthernet0/11, changed state to administratively down
*Mar  1 00:01:35.495: %LINK-5-CHANGED: Interface FastEthernet0/12, changed state to administratively down
*Mar  1 00:01:35.512: %LINK-5-CHANGED: Interface FastEthernet0/13, changed state to administratively down
*Mar  1 00:01:35.546: %LINK-5-CHANGED: Interface FastEthernet0/14, changed state to administratively down
*Mar  1 00:01:35.563: %LINK-5-CHANGED: Interface FastEthernet0/15, changed state to administratively down
*Mar  1 00:01:35.579: %LINK-5-CHANGED: Interface FastEthernet0/16, changed state to administratively down
*Mar  1 00:01:35.613: %LINK-5-CHANGED: Interface FastEthernet0/17, changed state to administratively down
*Mar  1 00:01:35.655: %LINK-5-CHANGED: Interface FastEthernet0/18, changed state to administratively down
*Mar  1 00:01:35.655: %LINK-5-CHANGED: Interface FastEthernet0/19, changed state to administratively down
*Mar  1 00:01:35.705: %LINK-5-CHANGED: Interface FastEthernet0/20, changed state to administratively down
*Mar  1 00:01:35.705: %LINK-5-CHANGED: Interface FastEthernet0/21, changed state to administratively down
*Mar  1 00:01:35.739: %LINK-5-CHANGED: Interface FastEthernet0/22, changed state to administratively down
*Mar  1 00:01:35.755: %LINK-5-CHANGED: Interface FastEthernet0/23, changed state to administratively down
*Mar  1 00:01:35.772: %LINK-5-CHANGED: Interface FastEthernet0/24, changed state to administratively down
*Mar  1 00:01:36.267: %LINK-3-UPDOWN: Interface FastEthernet0/6, changed state to up
*Mar  1 00:01:37.274: %LINEPROTO-5-UPDOWN: Line protocol on Interface FastEthernet0/1, changed state to up
*Mar  1 00:01:37.274: %LINEPROTO-5-UPDOWN: Line protocol on Interface FastEthernet0/6, changed state to up
*Mar  1 00:01:38.524: %LINK-3-UPDOWN: Interface FastEthernet0/1, changed state to up
Password:
S1>enable
Password:
Password:
S1#
*Mar  1 00:02:05.988: %LINEPROTO-5-UPDOWN: Line protocol on Interface Vlan99, changed state to up
*Mar  1 00:02:06.542: %LINEPROTO-5-UPDOWN: Line protocol on Interface Vlan1, changed state to up
S1#config term
Enter configuration commands, one per line.  End with CNTL/Z.
S1(config)#do clear config all
clear config all
         ^
% Invalid input detected at '^' marker.

S1(config)#exit
S1#enable
*Mar  1 00:03:05.077: %SYS-5-CONFIG_I: Configured from console by console
S1#clear config all
            ^
% Invalid input detected at '^' marker.

S1#show flash

Directory of flash:/

    2  -rwx        4120   Mar 1 1993 00:01:58 +00:00  multiple-fs
    4  drwx          64   Mar 1 1993 00:03:26 +00:00  Preconf2
  562  -rwx        2389   Mar 1 1993 00:01:58 +00:00  config.text
    6  drwx         192   Mar 1 1993 00:31:33 +00:00  c2960-lanbasek9-mz.122-55.SE7
  563  -rwx         616   Mar 1 1993 00:15:50 +00:00  vlan.dat
  564  -rwx        3819   Mar 1 1993 00:01:58 +00:00  private-config.text

32514048 bytes total (18988032 bytes free)
S1#delate vlan.dat
      ^
% Invalid input detected at '^' marker.

S1#delete vlan.dat
Delete filename [vlan.dat]?
Delete flash:vlan.dat? [confirm]
S1#erase start-up-config
              ^
% Invalid input detected at '^' marker.

S1#erase startup-config
Erasing the nvram filesystem will remove all configuration files! Continue? [confirm]
[OK]
Erase of nvram: complete
S1#
*Mar  1 00:06:09.216: %SYS-7-NV_BLOCK_INIT: Initialized the geometry of nvram
S1#reload

System configuration has been modified. Save? [yes/no]: n
Proceed with reload? [confirm]

*Mar  1 00:06:33.878: %SYS-5-RELOAD: Reload requested by console. Reload reason: Reload command
Boot Sector Filesystem (bs) installed, fsid: 2
Base ethernet MAC Address: c4:14:3c:5a:82:00
Xmodem file system is available.
The password-recovery mechanism is enabled.
Initializing Flash...
flashfs[0]: 540 files, 20 directories
flashfs[0]: 0 orphaned files, 0 orphaned directories
flashfs[0]: Total bytes: 32514048
flashfs[0]: Bytes used: 13514752
flashfs[0]: Bytes available: 18999296
flashfs[0]: flashfs fsck took 11 seconds.
...done Initializing Flash.
done.
Loading "flash:/c2960-lanbasek9-mz.122-55.SE7/c2960-lanbasek9-mz.122-55.SE7.bin"...@@@@@@@@@@@@@@@@@@@@@@@@@@@@@@@@@@@@@@@@@@@@@@@@@@@@@@@@@@@@@@@@@@@@@@@@@@@@@@@@@@@@@@@@@@@@@@@@@@@@@@@@@@@@@@@@@@@@@@@@@@@@@@@@@@@@@@@@@@@@@@@@@@@@@@@@@@@@@@@@@@@@@@@@@@@@@@@@@@@@@@@@@@@@@@@@@@@@@@@@@@@@@@@@@@@@@@@@@@@@@@@@@@@@@@@@@@@@@@@@@@@@@@@@@@@@@@@@@@@@@@@@@@@@@@@@@@@@@@@@@@@@@@@@@@@@@@@@@@@@@@@@@@@@@@@@@@@@@@@@@@@@@@@@@@@@@@@@@@@@@@@@@@@@@@@@@@@@@@@@@@@@@@@@@@@@@@@@@@@@@@@@@@@@@@@@@@@@@@@@@@@@@@@@@@@@@@@@@@@@@@@@@@@@@@@@@@@@@@@@@@@@@@@@@@@@@@@@@@@@@@@@@@@@@@@@@@@@@@@@@@@@@@@@@@@@@@@@@@@@@@@@@@@@@@@@@@@@@@@@@@@@@@@@@@@@@@@@@@@@@@@@@@@@@@@@@@@@@@@@@@@@@@@@@@@@@@@@@@@@@@@@@@@@@@@@@@@@@@@@@@@@@@@@@@@@@@@@@@@@@@@@@@@@@@@@@@@@@@@@@@@@@@@@@@@@@@@@@@@@@@@@@@@@@@@@@@@@@@@@@@@@@@@@@@@@@@@@@@@@@@@@@@@@@@@@@@@@@@@@@@@@@@@@@@@@@@@@@@@@@@@@@@@@@@@@@@@@@@@@@@@@@@@@@@@@@@@@@@@@@@@@@@@@@@@@@@@@@@@@@@@@@@@@@@@@@@@@@@@@@@@@@@@@@@@@@@@@@@@@@@@@@@@@@@@@@@@@@@@@@@@@@@@@@@@@@@@@@@@@@@@@@@@@@@@@@@@@@@@@@@@@@@@@@@@@@@@@@@@@@@@@@@@@@@@@@@@@@@@@@@@@@@@@@@@@@@@@@@@@@@@@@@@@@@@@@@@@@@@@@@@@@@@@@@@@@@@@@@@@@@@@@@@@@@@@@@@@@@@@@@@@@@@@@@@@@@@@@@@@@@@@@@@@@@@@@@@@@@@@@@@@@@@@@@@@@@@@@@@@@@@@@@@@@@@@@@@@@@@@@@@@@@@@@@@@@@@@@@@@@@@@@@@@@@@@@@@@@@@@@@@@@@@@@@@@@@@@@@@@@@@@@@@@@@@@@@@@@@@@@@@@@@@@@@@@@@@@@@@@@@@@@@@@@@@@@@@@@@@@@@@@@@@@@@@@@@@@@@@@@@@@@@@@@@@@@@@@@@@@@@@@@@@@@@@@@@@@@@@@@@@@@@@@@@@@@@@@@@@@@@@@@@@@@@@@@@@@@@@@@@@@@@@@@@@@@@@@@@@@@@@@@@@@@@@@@@@@@@@@@@@@@@@@@@@@@@@@@@@@@@@@@@@@@@@@@@@@@@@@@@@@@@@@@@@@@@@@@@@@@@@@@@@@@@@@@@@@@@@@@@@@@@@@@@@@@@@@@@@@@@@@@@@@@@@@@@@@@@@@@@@@@@@@@@@@@@@@@@@@@@@@@@@@@@@@@@@@@@@@@@@@@@@@@@@@@@@@@@@@@@@@@@@@@@@@@@@@@@@@@@@@@@@@@@@@@@@@@@@@@@@@@@@@@@@@@@@@@@@@@@@@@@@@@@@@@@@@@@@@@@@@@@@@@@@@@@@@@@@@@@@@@@@@@@@@@@@@@@@@@@@@@@@@@@@@@@@@@@@@@@@@@@@@@@@@@@@@@@@@@@@@@@@@@@@@@@@@@@@@@@@@@@@@@@@@@@@@@@@@@@@@@@@@@@@@@@@@@@@@@@@@@@@@@@@@@@@@@@@@@@@@@@@@@@@@@@@@@@@@@@@@@@@@@@@@@@@@@@@@@@@@@@@@@@@@@@@@@@@@@@@@@@@@@@@@@@@@@@@@@@@@@@@@@@@@@@@@@@@@@@@@@@@@@@@@@@@@@@@@@@@@@@@@@@@@@@@@@@@@@@@@@@@@@@@@@@@@@@@@@@@@@@@@@@@@@@@@@@@@@@@@@@@@@@@@@@@@@@@@@@@@@@@@@@@@@@@@@@@@@@@@@@@@@@@@@@@@@@@@@@@@@@@@@@@@@@@@@@@@@@@@@@@@@@@@@@@@@@@@@@@@@@@@@@@@@@@@@@@@@@@@@@@@@@@@@@@@@@@@@@@@@@@@@@@@@@@@@@@@@@@@@@@@@@@@@@@@@@@@@@@@@@@@@@@@@@@@@@@@@@@@@@@@@@@@@@@@@@@@@@@@@@@@@@@@@@@@@@@@@@@@@@@@@@@@@@@@@@@@@@@@@@@@@@@@@@@@@@@@@@@@@@@@@@@@@@@@@@@@@@@@@@@@@@@@@@@@@@@@@@@@@@@@@@@@@@@@@@@@@@@@@@@@@@@@@@@@@@@@@@@@@@@@@@@@@@@@@@@@@@@@@@@@@@@@@@@@@@@@@@@@@@@@@@@@@@@@@@@@@@@@@@@@@@@@@@@@@
File "flash:/c2960-lanbasek9-mz.122-55.SE7/c2960-lanbasek9-mz.122-55.SE7.bin" uncompressed and installed, entry point: 0x3000
executing...

              Restricted Rights Legend

Use, duplication, or disclosure by the Government is
subject to restrictions as set forth in subparagraph
(c) of the Commercial Computer Software - Restricted
Rights clause at FAR sec. 52.227-19 and subparagraph
(c) (1) (ii) of the Rights in Technical Data and Computer
Software clause at DFARS sec. 252.227-7013.

           cisco Systems, Inc.
           170 West Tasman Drive
           San Jose, California 95134-1706



Cisco IOS Software, C2960 Software (C2960-LANBASEK9-M), Version 12.2(55)SE7, RELEASE SOFTWARE (fc1)
Technical Support: http://www.cisco.com/techsupport
Copyright (c) 1986-2013 by Cisco Systems, Inc.
Compiled Mon 28-Jan-13 10:22 by prod_rel_team
Image text-base: 0x00003000, data-base: 0x01900000

Initializing flashfs...

fsck: Disable shadow buffering due to heap fragmentation.
flashfs[1]: 540 files, 20 directories
flashfs[1]: 0 orphaned files, 0 orphaned directories
flashfs[1]: Total bytes: 32514048
flashfs[1]: Bytes used: 13514752
flashfs[1]: Bytes available: 18999296
flashfs[1]: flashfs fsck took 2 seconds.
flashfs[1]: Initialization complete....done Initializing flashfs.

Checking for Bootloader upgrade.. not needed
POST: CPU MIC register Tests : Begin
POST: CPU MIC register Tests : End, Status Passed

POST: PortASIC Memory Tests : Begin
POST: PortASIC Memory Tests : End, Status Passed

POST: CPU MIC interface Loopback Tests : Begin
POST: CPU MIC interface Loopback Tests : End, Status Passed

POST: PortASIC RingLoopback Tests : Begin
POST: PortASIC RingLoopback Tests : End, Status Passed

POST: PortASIC CAM Subsystem Tests : Begin
POST: PortASIC CAM Subsystem Tests : End, Status Passed

POST: PortASIC Port Loopback Tests : Begin
POST: PortASIC Port Loopback Tests : End, Status Passed

Waiting for Port download...Complete


This product contains cryptographic features and is subject to United
States and local country laws governing import, export, transfer and
use. Delivery of Cisco cryptographic products does not imply
third-party authority to import, export, distribute or use encryption.
Importers, exporters, distributors and users are responsible for
compliance with U.S. and local country laws. By using this product you
agree to comply with applicable laws and regulations. If you are unable
to comply with U.S. and local laws, return this product immediately.

A summary of U.S. laws governing Cisco cryptographic products may be found at:
http://www.cisco.com/wwl/export/crypto/tool/stqrg.html

If you require further assistance please contact us by sending email to
export@cisco.com.

cisco WS-C2960-24TT-L (PowerPC405) processor (revision U0) with 65536K bytes of memory.
Processor board ID FCW1749A233
Last reset from power-on
1 Virtual Ethernet interface
24 FastEthernet interfaces
2 Gigabit Ethernet interfaces
The password-recovery mechanism is enabled.

64K bytes of flash-simulated non-volatile configuration memory.
Base ethernet MAC Address       : C4:14:3C:5A:82:00
Motherboard assembly number     : 73-12600-06
Power supply part number        : 341-0097-03
Motherboard serial number       : FOC1748421N
Power supply serial number      : ALD1747B2PT
Model revision number           : U0
Motherboard revision number     : B0
Model number                    : WS-C2960-24TT-L
System serial number            : FCW1749A233
Top Assembly Part Number        : 800-32797-02
Top Assembly Revision Number    : B0
Version ID                      : V11
CLEI Code Number                : COM3L00BRF
Hardware Board Revision Number  : 0x0A


Switch Ports Model              SW Version            SW Image
------ ----- -----              ----------            ----------
*    1 26    WS-C2960-24TT-L    12.2(55)SE7           C2960-LANBASEK9-M




         --- System Configuration Dialog ---

Enable secret warning
----------------------------------
In order to access the device manager, an enable secret is required
If you enter the initial configuration dialog, you will be prompted for the enable secret
If you choose not to enter the intial configuration dialog, or if you exit setup without setting the enable secret,
please set an enable secret using the following CLI in configuration mode-
enable secret 0 <cleartext password>
----------------------------------
Would you like to enter the initial configuration dialog? [yes/no]:
% Please answer 'yes' or 'no'.
Would you like to enter the initial configuration dialog? [yes/no]:
*Mar  1 00:00:31.633: %LINEPROTO-5-UPDOWN: Line protocol on Interface Vlan1, changed state to down
*Mar  1 00:00:32.942: %SPANTREE-5-EXTENDED_SYSID: Extended SysId enabled for type vlan
*Mar  1 00:00:54.635: %SYS-5-RESTART: System restarted --
Cisco IOS Software, C2960 Software (C2960-LANBASEK9-M), Version 12.2(55)SE7, RELEASE SOFTWARE (fc1)
Technical Support: http://www.cisco.com/techsupport
Copyright
% Please answer 'yes' or 'no'.
Would you like to enter the initial configuration dialog? [yes/no]: (c) 1986-2013 by Cisco Systems, Inc.
Compiled Mon 28-Jan-13 10:22 by prod_rel_team
*Mar  1 00:00:56.220: %LINK-3-UPDOWN: Interface FastEthernet0/1, changed state to up
*Mar  1 00:00:56.220: %LINK-3-UPDOWN: Interface FastEthernet0/6, changed state to up
*Mar  1 00:00:57.294: %LINEPROTO-5-UPDOWN: Line protocol on Interface FastEthernet0/1, changed state to up
*Mar  1 00:00:57.302: %LINEPROTO-5-UPDOWN: Line protocol on Interface FastEthernet0/6, changed state to up
*Mar  1 00:01:26.109: %LINEPROTO-5-UPDOWN: Line protocol on Interface Vlan1, changed state to up
% Please answer 'yes' or 'no'.
Would you like to enter the initial configuration dialog? [yes/no]: n
Switch>enable
Switch#config term
Enter configuration commands, one per line.  End with CNTL/Z.
Switch(config)#hostname S1
S1(config)#int vlan 1
S1(config-if)#ip add
S1(config-if)#ip address 192.168.1.11 255.255.255.0
S1(config-if)#no shutdown
S1(config-if)#exit
S1(config)#do show ip brief
show ip brief
        ^
% Invalid input detected at '^' marker.

S1(config)#do show ip breif
show ip breif
        ^
% Invalid input detected at '^' marker.

S1(config)#do show ip
show ip
% Incomplete command.

S1(config)#do show ip config
show ip config
        ^
% Invalid input detected at '^' marker.

S1(config)#do show ip int breif
show ip int breif
              ^
% Invalid input detected at '^' marker.

S1(config)#do show ip int brief
Interface              IP-Address      OK? Method Status                Protocol
Vlan1                  192.168.1.11    YES manual up                    up
FastEthernet0/1        unassigned      YES unset  up                    up
FastEthernet0/2        unassigned      YES unset  down                  down
FastEthernet0/3        unassigned      YES unset  down                  down
FastEthernet0/4        unassigned      YES unset  down                  down
FastEthernet0/5        unassigned      YES unset  down                  down
FastEthernet0/6        unassigned      YES unset  up                    up
FastEthernet0/7        unassigned      YES unset  down                  down
FastEthernet0/8        unassigned      YES unset  down                  down
FastEthernet0/9        unassigned      YES unset  down                  down
FastEthernet0/10       unassigned      YES unset  down                  down
FastEthernet0/11       unassigned      YES unset  down                  down
FastEthernet0/12       unassigned      YES unset  down                  down
FastEthernet0/13       unassigned      YES unset  down                  down
FastEthernet0/14       unassigned      YES unset  down                  down
FastEthernet0/15       unassigned      YES unset  down                  down
FastEthernet0/16       unassigned      YES unset  down                  down
FastEthernet0/17       unassigned      YES unset  down                  down
FastEthernet0/18       unassigned      YES unset  down                  down
FastEthernet0/19       unassigned      YES unset  down                  down
FastEthernet0/20       unassigned      YES unset  down                  down
FastEthernet0/21       unassigned      YES unset  down                  down
FastEthernet0/22       unassigned      YES unset  down                  down
FastEthernet0/23       unassigned      YES unset  down                  down
FastEthernet0/24       unassigned      YES unset  down                  down
GigabitEthernet0/1     unassigned      YES unset  down                  down
GigabitEthernet0/2     unassigned      YES unset  down                  down
S1(config)#int range fa0/2-5, fa0/7-24, g0/1-2
S1(config-if-range)#shutdown
S1(config-if-range)#
*Mar  1 00:06:01.221: %LINK-5-CHANGED: Interface FastEthernet0/2, changed state to administratively down
*Mar  1 00:06:01.247: %LINK-5-CHANGED: Interface FastEthernet0/3, changed state to administratively down
*Mar  1 00:06:01.263: %LINK-5-CHANGED: Interface FastEthernet0/4, changed state to administratively down
*Mar  1 00:06:01.280: %LINK-5-CHANGED: Interface FastEthernet0/5, changed state to administratively down
*Mar  1 00:06:01.305: %LINK-5-CHANGED: Interface FastEthernet0/7, changed state to administratively down
*Mar  1 00:06:01.322: %LINK-5-CHANGED: Interface FastEthernet0/8, changed state to administratively down
*Mar  1 00:06:01.339: %LINK-5-CHANGED: Interface FastEthernet0/9, changed state to administratively down
*Mar  1 00:06:01.356: %LINK-5-CHANGED: Interface FastEthernet0/10, changed state to administratively down
*Mar  1 00:06:01.381: %LINK-5-CHANGED: Interface FastEthernet0/11, changed state to administratively down
*Mar  1 00:06:01.397: %LINK-5-CHANGED: Interface FastEthernet0/12, changed state to administratively down
*Mar  1 00:06:01.423: %LINK-5-CHANGED: Interface FastEthernet0/13, changed state to administratively down
*Mar  1 00:06:01.439: %LINK-5-CHANGED: Interface FastEthernet0/14, changed state to administratively down
*Mar  1 00:06:01.465: %LINK-5-CHANGED: Interface FastEthernet0/15, changed state to administratively down
*Mar  1 00:06:01.481: %LINK-5-CHANGED: Interface FastEthernet0/16, changed state to administratively down
*Mar  1 00:06:01.498: %LINK-5-CHANGED: Interface FastEthernet0/17, changed state to administratively down
*Mar  1 00:06:01.515: %LINK-5-CHANGED: Interface FastEthernet0/18, changed state to administratively down
*Mar  1 00:06:01.540: %LINK-5-CHANGED: Interface FastEthernet0/19, changed state to administratively down
*Mar  1 00:06:01.557: %LINK-5-CHANGED: Interface FastEthernet0/20, changed state to administratively down
*Mar  1 00:06:01.574: %LINK-5-CHANGED: Interface FastEthernet0/21, changed state to administratively down
*Mar  1 00:06:01.590: %LINK-5-CHANGED: Interface FastEthernet0/22, changed state to administratively down
*Mar  1 00:06:01.616: %LINK-5-CHANGED: Interface FastEthernet0/23, changed state to administratively down
*Mar  1 00:06:01.649: %LINK-5-CHANGED: Interface FastEthernet0/24, changed state to administratively down
*Mar  1 00:06:01.666: %LINK-5-CHANGED: Interface GigabitEthernet0/1, changed state to administratively down
*Mar  1 00:06:01.683: %LINK-5-CHANGED: Interface GigabitEthernet0/2, changed state to administratively down
S1(config-if-range)# Unortharized Access Prohibited

User Access Verification

Password:
s2>enable
Password:
s2#show flash

Directory of flash:/

    2  -rwx     9825024   Jan 1 1970 03:00:23 +00:00  c2960-lanbasek9-mz.122-55.SE10.bin
    4  drwx         192   Mar 1 1993 00:57:18 +00:00  c2960-lanbasek9-mz.122-55.SE10
    5  -rwx        1919   Mar 1 1993 00:02:17 +00:00  private-config.text
    6  -rwx        3096   Mar 1 1993 00:02:17 +00:00  multiple-fs
  562  -rwx         108   Mar 1 1993 01:00:13 +00:00  info
  563  -rwx        2027   Mar 1 1993 00:02:17 +00:00  config.text

32514048 bytes total (9160192 bytes free)
s2#erase startup-config
Erasing the nvram filesystem will remove all configuration files! Continue? [confirm]
[OK]
Erase of nvram: complete
s2#
*Mar  1 00:15:53.449: %SYS-7-NV_BLOCK_INIT: Initialized the geometry of nvram
s2#reload
Proceed with reload? [confirm]

*Mar  1 00:15:59.035: %SYS-5-RELOAD: Reload requested by console. Reload reason: Reload command
Boot Sector Filesystem (bs) installed, fsid: 2
Base ethernet MAC Address: c4:14:3c:5a:a6:00
Xmodem file system is available.
The password-recovery mechanism is enabled.
Initializing Flash...
flashfs[0]: 541 files, 19 directories
flashfs[0]: 0 orphaned files, 0 orphaned directories
flashfs[0]: Total bytes: 32514048
flashfs[0]: Bytes used: 23347200
flashfs[0]: Bytes available: 9166848
flashfs[0]: flashfs fsck took 12 seconds.
...done Initializing Flash.
done.
Loading "flash:c2960-lanbasek9-mz.122-55.SE10/c2960-lanbasek9-mz.122-55.SE10.bin"...@@@@@@@@@@@@@@@@@@@@@@@@@@@@@@@@@@@@@@@@@@@@@@@@@@@@@@@@@@@@@@@@@@@@@@@@@@@@@@@@@@@@@@@@@@@@@@@@@@@@@@@@@@@@@@@@@@@@@@@@@@@@@@@@@@@@@@@@@@@@@@@@@@@@@@@@@@@@@@@@@@@@@@@@@@@@@@@@@@@@@@@@@@@@@@@@@@@@@@@@@@@@@@@@@@@@@@@@@@@@@@@@@@@@@@@@@@@@@@@@@@@@@@@@@@@@@@@@@@@@@@@@@@@@@@@@@@@@@@@@@@@@@@@@@@@@@@@@@@@@@@@@@@@@@@@@@@@@@@@@@@@@@@@@@@@@@@@@@@@@@@@@@@@@@@@@@@@@@@@@@@@@@@@@@@@@@@@@@@@@@@@@@@@@@@@@@@@@@@@@@@@@@@@@@@@@@@@@@@@@@@@@@@@@@@@@@@@@@@@@@@@@@@@@@@@@@@@@@@@@@@@@@@@@@@@@@@@@@@@@@@@@@@@@@@@@@@@@@@@@@@@@@@@@@@@@@@@@@@@@@@@@@@@@@@@@@@@@@@@@@@@@@@@@@@@@@@@@@@@@@@@@@@@@@@@@@@@@@@@@@@@@@@@@@@@@@@@@@@@@@@@@@@@@@@@@@@@@@@@@@@@@@@@@@@@@@@@@@@@@@@@@@@@@@@@@@@@@@@@@@@@@@@@@@@@@@@@@@@@@@@@@@@@@@@@@@@@@@@@@@@@@@@@@@@@@@@@@@@@@@@@@@@@@@@@@@@@@@@@@@@@@@@@@@@@@@@@@@@@@@@@@@@@@@@@@@@@@@@@@@@@@@@@@@@@@@@@@@@@@@@@@@@@@@@@@@@@@@@@@@@@@@@@@@@@@@@@@@@@@@@@@@@@@@@@@@@@@@@@@@@@@@@@@@@@@@@@@@@@@@@@@@@@@@@@@@@@@@@@@@@@@@@@@@@@@@@@@@@@@@@@@@@@@@@@@@@@@@@@@@@@@@@@@@@@@@@@@@@@@@@@@@@@@@@@@@@@@@@@@@@@@@@@@@@@@@@@@@@@@@@@@@@@@@@@@@@@@@@@@@@@@@@@@@@@@@@@@@@@@@@@@@@@@@@@@@@@@@@@@@@@@@@@@@@@@@@@@@@@@@@@@@@@@@@@@@@@@@@@@@@@@@@@@@@@@@@@@@@@@@@@@@@@@@@@@@@@@@@@@@@@@@@@@@@@@@@@@@@@@@@@@@@@@@@@@@@@@@@@@@@@@@@@@@@@@@@@@@@@@@@@@@@@@@@@@@@@@@@@@@@@@@@@@@@@@@@@@@@@@@@@@@@@@@@@@@@@@@@@@@@@@@@@@@@@@@@@@@@@@@@@@@@@@@@@@@@@@@@@@@@@@@@@@@@@@@@@@@@@@@@@@@@@@@@@@@@@@@@@@@@@@@@@@@@@@@@@@@@@@@@@@@@@@@@@@@@@@@@@@@@@@@@@@@@@@@@@@@@@@@@@@@@@@@@@@@@@@@@@@@@@@@@@@@@@@@@@@@@@@@@@@@@@@@@@@@@@@@@@@@@@@@@@@@@@@@@@@@@@@@@@@@@@@@@@@@@@@@@@@@@@@@@@@@@@@@@@@@@@@@@@@@@@@@@@@@@@@@@@@@@@@@@@@@@@@@@@@@@@@@@@@@@@@@@@@@@@@@@@@@@@@@@@@@@@@@@@@@@@@@@@@@@@@@@@@@@@@@@@@@@@@@@@@@@@@@@@@@@@@@@@@@@@@@@@@@@@@@@@@@@@@@@@@@@@@@@@@@@@@@@@@@@@@@@@@@@@@@@@@@@@@@@@@@@@@@@@@@@@@@@@@@@@@@@@@@@@@@@@@@@@@@@@@@@@@@@@@@@@@@@@@@@@@@@@@@@@@@@@@@@@@@@@@@@@@@@@@@@@@@@@@@@@@@@@@@@@@@@@@@@@@@@@@@@@@@@@@@@@@@@@@@@@@@@@@@@@@@@@@@@@@@@@@@@@@@@@@@@@@@@@@@@@@@@@@@@@@@@@@@@@@@@@@@@@@@@@@@@@@@@@@@@@@@@@@@@@@@@@@@@@@@@@@@@@@@@@@@@@@@@@@@@@@@@@@@@@@@@@@@@@@@@@@@@@@@@@@@@@@@@@@@@@@@@@@@@@@@@@@@@@@@@@@@@@@@@@@@@@@@@@@@@@@@@@@@@@@@@@@@@@@@@@@@@@@@@@@@@@@@@@@@@@@@@@@@@@@@@@@@@@@@@@@@@@@@@@@@@@@@@@@@@@@@@@@@@@@@@@@@@@@@@@@@@@@@@@@@@@@@@@@@@@@@@@@@@@@@@@@@@@@@@@@@@@@@@@@@@@@@@@@@@@@@@@@@@@@@@@@@@@@@@@@@@@@@@@@@@@@@@@@@@@@@@@@@@@@@@@@@@@@@@@@@@@@@@@@@@@@@@@@@@@@@@@@@@@@@@@@@@@@@@@@@@@@@@@@@@@@@@@@@@@@@@@@@@@@@@@@@@@@@@@@@@@@@@@@@@@@@@@@@@@@@@@@@@@@@@@@@@@@@@@@@@@@@@@@@@@
File "flash:c2960-lanbasek9-mz.122-55.SE10/c2960-lanbasek9-mz.122-55.SE10.bin" uncompressed and installed, entry point: 0x3000
executing...

              Restricted Rights Legend

Use, duplication, or disclosure by the Government is
subject to restrictions as set forth in subparagraph
(c) of the Commercial Computer Software - Restricted
Rights clause at FAR sec. 52.227-19 and subparagraph
(c) (1) (ii) of the Rights in Technical Data and Computer
Software clause at DFARS sec. 252.227-7013.

           cisco Systems, Inc.
           170 West Tasman Drive
           San Jose, California 95134-1706



Cisco IOS Software, C2960 Software (C2960-LANBASEK9-M), Version 12.2(55)SE10, RELEASE SOFTWARE (fc2)
Technical Support: http://www.cisco.com/techsupport
Copyright (c) 1986-2015 by Cisco Systems, Inc.
Compiled Wed 11-Feb-15 11:46 by prod_rel_team
Image text-base: 0x00003000, data-base: 0x01900000

Initializing flashfs...

fsck: Disable shadow buffering due to heap fragmentation.
flashfs[1]: 541 files, 19 directories
flashfs[1]: 0 orphaned files, 0 orphaned directories
flashfs[1]: Total bytes: 32514048
flashfs[1]: Bytes used: 23347200
flashfs[1]: Bytes available: 9166848
flashfs[1]: flashfs fsck took 2 seconds.
flashfs[1]: Initialization complete....done Initializing flashfs.

Checking for Bootloader upgrade.. not needed
POST: CPU MIC register Tests : Begin
POST: CPU MIC register Tests : End, Status Passed

POST: PortASIC Memory Tests : Begin
POST: PortASIC Memory Tests : End, Status Passed

POST: CPU MIC interface Loopback Tests : Begin
POST: CPU MIC interface Loopback Tests : End, Status Passed

POST: PortASIC RingLoopback Tests : Begin
POST: PortASIC RingLoopback Tests : End, Status Passed

POST: PortASIC CAM Subsystem Tests : Begin
POST: PortASIC CAM Subsystem Tests : End, Status Passed

POST: PortASIC Port Loopback Tests : Begin
POST: PortASIC Port Loopback Tests : End, Status Passed

Waiting for Port download...Complete


This product contains cryptographic features and is subject to United
States and local country laws governing import, export, transfer and
use. Delivery of Cisco cryptographic products does not imply
third-party authority to import, export, distribute or use encryption.
Importers, exporters, distributors and users are responsible for
compliance with U.S. and local country laws. By using this product you
agree to comply with applicable laws and regulations. If you are unable
to comply with U.S. and local laws, return this product immediately.

A summary of U.S. laws governing Cisco cryptographic products may be found at:
http://www.cisco.com/wwl/export/crypto/tool/stqrg.html

If you require further assistance please contact us by sending email to
export@cisco.com.

cisco WS-C2960-24TT-L (PowerPC405) processor (revision U0) with 65536K bytes of memory.
Processor board ID FCW1749A24P
Last reset from power-on
1 Virtual Ethernet interface
24 FastEthernet interfaces
2 Gigabit Ethernet interfaces
The password-recovery mechanism is enabled.

64K bytes of flash-simulated non-volatile configuration memory.
Base ethernet MAC Address       : C4:14:3C:5A:A6:00
Motherboard assembly number     : 73-12600-06
Power supply part number        : 341-0097-03
Motherboard serial number       : FOC174841QH
Power supply serial number      : ALD1747B2NR
Model revision number           : U0
Motherboard revision number     : B0
Model number                    : WS-C2960-24TT-L
System serial number            : FCW1749A24P
Top Assembly Part Number        : 800-32797-02
Top Assembly Revision Number    : B0
Version ID                      : V11
CLEI Code Number                : COM3L00BRF
Hardware Board Revision Number  : 0x0A


Switch Ports Model              SW Version            SW Image
------ ----- -----              ----------            ----------
*    1 26    WS-C2960-24TT-L    12.2(55)SE10          C2960-LANBASEK9-M


*Mar  1 00:00:32.421: %LINEPROTO-5-UPDOWN: Line protocol on Interface Vlan1, changed state to down
*Mar  1 00:00:33.730: %SPANTREE-5-EXTENDED_SYSID: Extended SysId enabled for type vlan
*Mar  1 00:00:55.431: %SYS-5-RESTART: System restarted --
Cisco IOS Software, C2960 Software (C2960-LANBASEK9-M), Version 12.2(55)SE10, RELEASE SOFTWARE (fc2)
Technical Support: http://www.cisco.com/techsupport
Copyright (c) 1986-2015 by Cisco Systems, Inc.
Compiled Wed 11-Feb-15 11:46 by prod_rel_team
*Mar  1 00:00:57.034: %LINK-3-UPDOWN: Interface FastEthernet0/1, changed state to up
*Mar  1 00:00:57.034: %LINK-3-UPDOWN: Interface FastEthernet0/18, changed state to up
*Mar  1 00:00:58.107: %LINEPROTO-5-UPDOWN: Line protocol on Interface FastEthernet0/1, changed state to up
*Mar  1 00:00:58.116: %LINEPROTO-5-UPDOWN: Line protocol on Interface FastEthernet0/11, changed state to up
*Mar  1 00:00:58.116: %LINEPROTO-5-UPDOWN: Line protocol on Interface FastEthernet0/18, changed state to up
*Mar  1 00:00:59.181: %LINK-3-UPDOWN: Interface FastEthernet0/11, changed state to up
*Mar  1 00:01:26.998: %LINEPROTO-5-UPDOWN: Line protocol on Interface Vlan1, changed state to up


Press RETURN to get started!




         --- System Configuration Dialog ---

Enable secret warning
----------------------------------
In order to access the device manager, an enable secret is required
If you enter the initial configuration dialog, you will be prompted for the enable secret
If you choose not to enter the intial configuration dialog, or if you exit setup without setting the enable secret,
please set an enable secret using the following CLI in configuration mode-
enable secret 0 <cleartext password>
----------------------------------
Would you like to enter the initial configuration dialog? [yes/no]: n
Switch>
*Mar  1 00:08:00.583: %LINK-5-CHANGED: Interface Vlan1, changed state to administratively down
*Mar  1 00:08:00.591: %LINEPROTO-5-UPDOWN: Line protocol on Interface Vlan1, changed state to down
Switch>enable
Switch#config term
Enter configuration commands, one per line.  End with CNTL/Z.
Switch(config)#hostname S2
S2(config)#ip add
S2(config)#ip address 192.168.1.12 255.255.255.0
                     ^
% Invalid input detected at '^' marker.

S2(config)#ip address 192.168.1.12 255.255.255.0
                     ^
% Invalid input detected at '^' marker.

S2(config)#int vlan 1
S2(config-if)#ip address 192.168.1.12 255.255.255.0
S2(config-if)#no shutdown
S2(config-if)#
*Mar  1 00:09:32.522: %LINK-3-UPDOWN: Interface Vlan1, changed state to up
*Mar  1 00:09:32.530: %LINEPROTO-5-UPDOWN: Line protocol on Interface Vlan1, changed state to upexit
S2(config)#int range fa0/2-10, fa0/12-17, fa0/19-24, g0/1-2
S2(config-if-range)#no shutdown
S2(config-if-range)#shutdown
S2(config-if-range)#
*Mar  1 00:11:40.893: %LINK-5-CHANGED: Interface FastEthernet0/2, changed state to administratively down
*Mar  1 00:11:40.918: %LINK-5-CHANGED: Interface FastEthernet0/3, changed state to administratively down
*Mar  1 00:11:40.943: %LINK-5-CHANGED: Interface FastEthernet0/4, changed state to administratively down
*Mar  1 00:11:40.960: %LINK-5-CHANGED: Interface FastEthernet0/5, changed state to administratively down
*Mar  1 00:11:40.985: %LINK-5-CHANGED: Interface FastEthernet0/6, changed state to administratively down
*Mar  1 00:11:41.010: %LINK-5-CHANGED: Interface FastEthernet0/7, changed state to administratively down
*Mar  1 00:11:41.027: %LINK-5-CHANGED: Interface FastEthernet0/8, changed state to administratively down
*Mar  1 00:11:41.052: %LINK-5-CHANGED: Interface FastEthernet0/9, changed state to administratively down
*Mar  1 00:11:41.069: %LINK-5-CHANGED: Interface FastEthernet0/10, changed state to administratively down
*Mar  1 00:11:41.103: %LINK-5-CHANGED: Interface FastEthernet0/12, changed state to administratively down
*Mar  1 00:11:41.128: %LINK-5-CHANGED: Interface FastEthernet0/13, changed state to administratively down
*Mar  1 00:11:41.145: %LINK-5-CHANGED: Interface FastEthernet0/14, changed state to administratively down
*Mar  1 00:11:41.170: %LINK-5-CHANGED: Interface FastEthernet0/15, changed state to administratively down
*Mar  1 00:11:41.195: %LINK-5-CHANGED: Interface FastEthernet0/16, changed state to administratively down
*Mar  1 00:11:41.212: %LINK-5-CHANGED: Interface FastEthernet0/17, changed state to administratively down
*Mar  1 00:11:41.237: %LINK-5-CHANGED: Interface FastEthernet0/19, changed state to administratively down
*Mar  1 00:11:41.262: %LINK-5-CHANGED: Interface FastEthernet0/20, changed state to administratively down
*Mar  1 00:11:41.279: %LINK-5-CHANGED: Interface FastEthernet0/21, changed state to administratively down
*Mar  1 00:11:41.312: %LINK-5-CHANGED: Interface FastEthernet0/22, changed state to administratively down
*Mar  1 00:11:41.337: %LINK-5-CHANGED: Interface FastEthernet0/23, changed state to administratively down
*Mar  1 00:11:41.363: %LINK-5-CHANGED: Interface FastEthernet0/24, changed state to administratively down
*Mar  1 00:11:41.379: %LINK-5-CHANGED: Interface GigabitEthernet0/1, changed state to administratively down
*Mar  1 00:11:41.405: %LINK-5-CHANGED: Interface GigabitEthernet0/2, changed state to administratively down
S2(config-if-range)#exit
S2(config)#
S1>
S1>enable
S1#config term
Enter configuration commands, one per line.  End with CNTL/Z.
S1(config)#vlan 10
S1(config-vlan)#name Student
S1(config-vlan)#vlan 20
S1(config-vlan)#name Faculty
S1(config-vlan)#vlan 99
S1(config-vlan)#name Management
S1(config-vlan)#end
S1#
*Mar  1 00:25:28.798: %SYS-5-CONFIG_I: Configured from console by console
S1#show vlan

VLAN Name                             Status    Ports
---- -------------------------------- --------- -------------------------------
1    default                          active    Fa0/1, Fa0/2, Fa0/3, Fa0/4
                                                Fa0/5, Fa0/6, Fa0/7, Fa0/8
                                                Fa0/9, Fa0/10, Fa0/11, Fa0/12
                                                Fa0/13, Fa0/14, Fa0/15, Fa0/16
                                                Fa0/17, Fa0/18, Fa0/19, Fa0/20
                                                Fa0/21, Fa0/22, Fa0/23, Fa0/24
                                                Gi0/1, Gi0/2
10   Student                          active
20   Faculty                          active
99   Management                       active
1002 fddi-default                     act/unsup
1003 token-ring-default               act/unsup
1004 fddinet-default                  act/unsup
1005 trnet-default                    act/unsup

VLAN Type  SAID       MTU   Parent RingNo BridgeNo Stp  BrdgMode Trans1 Trans2
---- ----- ---------- ----- ------ ------ -------- ---- -------- ------ ------
1    enet  100001     1500  -      -      -        -    -        0      0
10   enet  100010     1500  -      -      -        -    -        0      0
20   enet  100020     1500  -      -      -        -    -        0      0

VLAN Type  SAID       MTU   Parent RingNo BridgeNo Stp  BrdgMode Trans1 Trans2
---- ----- ---------- ----- ------ ------ -------- ---- -------- ------ ------
99   enet  100099     1500  -      -      -        -    -        0      0
1002 fddi  101002     1500  -      -      -        -    -        0      0
1003 tr    101003     1500  -      -      -        -    -        0      0
1004 fdnet 101004     1500  -      -      -        ieee -        0      0
1005 trnet 101005     1500  -      -      -        ibm  -        0      0

Remote SPAN VLANs
------------------------------------------------------------------------------


Primary Secondary Type              Ports
------- --------- ----------------- ------------------------------------------

S1#config term
Enter configuration commands, one per line.  End with CNTL/Z.
S1(config)#int f0/6
S1(config-if)#swtichport mode access
                ^
% Invalid input detected at '^' marker.

S1(config-if)#switchport mode access
S1(config-if)#switchport access vlan 10
S1(config-if)#int vlan 1
S1(config-if)#no ip addre
S1(config-if)#no ip address
S1(config-if)#int vlan 99
S1(config-if)#
*Mar  1 00:28:02.201: %LINEPROTO-5-UPDOWN: Line protocol on Interface Vlan99, changed state to downip add
S1(config-if)#ip address 192.168.1.11 255.255.255.0
S1(config-if)#end
S1#
*Mar  1 00:28:23.986: %SYS-5-CONFIG_I: Configured from console by console
S1#show vlan brief

VLAN Name                             Status    Ports
---- -------------------------------- --------- -------------------------------
1    default                          active    Fa0/1, Fa0/2, Fa0/3, Fa0/4
                                                Fa0/5, Fa0/7, Fa0/8, Fa0/9
                                                Fa0/10, Fa0/11, Fa0/12, Fa0/13
                                                Fa0/14, Fa0/15, Fa0/16, Fa0/17
                                                Fa0/18, Fa0/19, Fa0/20, Fa0/21
                                                Fa0/22, Fa0/23, Fa0/24, Gi0/1
                                                Gi0/2
10   Student                          active    Fa0/6
20   Faculty                          active
99   Management                       active
1002 fddi-default                     act/unsup
1003 token-ring-default               act/unsup
1004 fddinet-default                  act/unsup
1005 trnet-default                    act/unsup
S1#show ip int breif
                 ^
% Invalid input detected at '^' marker.

S1#show ip int breif
                 ^
% Invalid input detected at '^' marker.

S1#show ip int breif
S1#show ip interface breif
                       ^
% Invalid input detected at '^' marker.

S1#show ip interface brief
Interface              IP-Address      OK? Method Status                Protocol
Vlan1                  unassigned      YES manual up                    up
Vlan99                 192.168.1.11    YES manual up                    down
FastEthernet0/1        unassigned      YES unset  up                    up
FastEthernet0/2        unassigned      YES unset  administratively down down
FastEthernet0/3        unassigned      YES unset  administratively down down
FastEthernet0/4        unassigned      YES unset  administratively down down
FastEthernet0/5        unassigned      YES unset  administratively down down
FastEthernet0/6        unassigned      YES unset  up                    up
FastEthernet0/7        unassigned      YES unset  administratively down down
FastEthernet0/8        unassigned      YES unset  administratively down down
FastEthernet0/9        unassigned      YES unset  administratively down down
FastEthernet0/10       unassigned      YES unset  administratively down down
FastEthernet0/11       unassigned      YES unset  administratively down down
FastEthernet0/12       unassigned      YES unset  administratively down down
FastEthernet0/13       unassigned      YES unset  administratively down down
FastEthernet0/14       unassigned      YES unset  administratively down down
FastEthernet0/15       unassigned      YES unset  administratively down down
FastEthernet0/16       unassigned      YES unset  administratively down down
FastEthernet0/17       unassigned      YES unset  administratively down down
FastEthernet0/18       unassigned      YES unset  administratively down down
FastEthernet0/19       unassigned      YES unset  administratively down down
FastEthernet0/20       unassigned      YES unset  administratively down down
FastEthernet0/21       unassigned      YES unset  administratively down down
FastEthernet0/22       unassigned      YES unset  administratively down down
FastEthernet0/23       unassigned      YES unset  administratively down down
FastEthernet0/24       unassigned      YES unset  administratively down down
GigabitEthernet0/1     unassigned      YES unset  administratively down down
GigabitEthernet0/2     unassigned      YES unset  administratively down down
S1#
S2>enable
S2#config term
Enter configuration commands, one per line.  End with CNTL/Z.
S2(config)#int fa
S2(config)#int fastEthernet 0/11
S2(config-if)#SWT
S2(config-if)#swit
S2(config-if)#switchport mode access
S2(config-if)#switchport access vlan 20
% Access VLAN does not exist. Creating vlan 20
S2(config-if)#no switchport access vlan 20
S2(config-if)#int fa0/18
S2(config-if)#switchport mode access
S2(config-if)#no switchport access vlan 20
S2(config-if)#switchport access vlan 20
S2(config-if)#exit
S2(config)#int vlan 1
S2(config-if)#no ip add
S2(config-if)#no ip address
S2(config-if)#int vlan 99
S2(config-if)#
*Mar  1 00:26:25.757: %LINEPROTO-5-UPDOWN: Line protocol on Interface Vlan99, changed state to down
S2(config-if)#ip add
S2(config-if)#ip address 192.168.1.12 255.255.255.0
S2(config-if)#no shutdown
S2(config-if)#end
S2#sh
*Mar  1 00:27:17.078: %SYS-5-CONFIG_I: Configured from console by consoleow
% Type "show ?" for a list of subcommands
S2#show vlan brief

VLAN Name                             Status    Ports
---- -------------------------------- --------- -------------------------------
1    default                          active    Fa0/1, Fa0/2, Fa0/3, Fa0/4
                                                Fa0/5, Fa0/6, Fa0/7, Fa0/8
                                                Fa0/9, Fa0/10, Fa0/11, Fa0/12
                                                Fa0/13, Fa0/14, Fa0/15, Fa0/16
                                                Fa0/17, Fa0/19, Fa0/20, Fa0/21
                                                Fa0/22, Fa0/23, Fa0/24, Gi0/1
                                                Gi0/2
20   VLAN0020                         active    Fa0/18
1002 fddi-default                     act/unsup
1003 token-ring-default               act/unsup
1004 fddinet-default                  act/unsup
1005 trnet-default                    act/unsup
S2#
S2#
S1#enable
S1#config term
Enter configuration commands, one per line.  End with CNTL/Z.
S1(config)#int range fa0/11-24
S1(config-if-range)#switchport mode access
S1(config-if-range)#switchport  access vlan 10
S1(config-if-range)#end
S1#
*Mar  1 00:38:44.281: %SYS-5-CONFIG_I: Configured from console by console
S1#int range fa0/11, fa0/21
    ^
% Invalid input detected at '^' marker.

S1#config term
Enter configuration commands, one per line.  End with CNTL/Z.
S1(config)#int range fa0/11, fa0/21
S1(config-if-range)#switchport mode access
S1(config-if-range)#switchport  access vlan 20
S1(config-if-range)#do show vlan breif
show vlan breif
            ^
% Invalid input detected at '^' marker.

S1(config-if-range)#do show vlan brief

VLAN Name                             Status    Ports
---- -------------------------------- --------- -------------------------------
1    default                          active    Fa0/1, Fa0/2, Fa0/3, Fa0/4
                                                Fa0/5, Fa0/7, Fa0/8, Fa0/9
                                                Fa0/10, Gi0/1, Gi0/2
10   Student                          active    Fa0/6, Fa0/12, Fa0/13, Fa0/14
                                                Fa0/15, Fa0/16, Fa0/17, Fa0/18
                                                Fa0/19, Fa0/20, Fa0/22, Fa0/23
                                                Fa0/24
20   Faculty                          active    Fa0/11, Fa0/21
99   Management                       active
1002 fddi-default                     act/unsup
1003 token-ring-default               act/unsup
1004 fddinet-default                  act/unsup
1005 trnet-default                    act/unsup
S1(config-if-range)#int f0/24
S1(config-if)#no sw
S1(config-if)#no switchport acc
S1(config-if)#no switchport access vlan
S1(config-if)#end
S1#
*Mar  1 00:41:43.823: %SYS-5-CONFIG_I: Configured from console by console
S1#int fa0/24
    ^
% Invalid input detected at '^' marker.

S1#config term
Enter configuration commands, one per line.  End with CNTL/Z.
S1(config)#int f0/24
S1(config-if)#switchport  access vlan 30
% Access VLAN does not exist. Creating vlan 30
S1(config-if)#do show vlan brief

VLAN Name                             Status    Ports
---- -------------------------------- --------- -------------------------------
1    default                          active    Fa0/1, Fa0/2, Fa0/3, Fa0/4
                                                Fa0/5, Fa0/7, Fa0/8, Fa0/9
                                                Fa0/10, Gi0/1, Gi0/2
10   Student                          active    Fa0/6, Fa0/12, Fa0/13, Fa0/14
                                                Fa0/15, Fa0/16, Fa0/17, Fa0/18
                                                Fa0/19, Fa0/20, Fa0/22, Fa0/23
20   Faculty                          active    Fa0/11, Fa0/21
30   VLAN0030                         active    Fa0/24
99   Management                       active
1002 fddi-default                     act/unsup
1003 token-ring-default               act/unsup
1004 fddinet-default                  act/unsup
1005 trnet-default                    act/unsup
S1(config-if)#exit
S1(config)#no vlan 30
S1(config)#end
S1#sho
*Mar  1 00:43:56.069: %SYS-5-CONFIG_I: Configured from console by consolew
% Type "show ?" for a list of subcommands
S1#show vlan brief

VLAN Name                             Status    Ports
---- -------------------------------- --------- -------------------------------
1    default                          active    Fa0/1, Fa0/2, Fa0/3, Fa0/4
                                                Fa0/5, Fa0/7, Fa0/8, Fa0/9
                                                Fa0/10, Gi0/1, Gi0/2
10   Student                          active    Fa0/6, Fa0/12, Fa0/13, Fa0/14
                                                Fa0/15, Fa0/16, Fa0/17, Fa0/18
                                                Fa0/19, Fa0/20, Fa0/22, Fa0/23
20   Faculty                          active    Fa0/11, Fa0/21
99   Management                       active
1002 fddi-default                     act/unsup
1003 token-ring-default               act/unsup
1004 fddinet-default                  act/unsup
1005 trnet-default                    act/unsup
S1#config term
Enter configuration commands, one per line.  End with CNTL/Z.
S1(config)# no swt
S1(config)# no swit
S1(config)# no swi
S1(config)# no switchport access vlan
                ^
% Invalid input detected at '^' marker.

S1(config)#show vlan brief
             ^
% Invalid input detected at '^' marker.

S1(config)#do show vlan brief

VLAN Name                             Status    Ports
---- -------------------------------- --------- -------------------------------
1    default                          active    Fa0/1, Fa0/2, Fa0/3, Fa0/4
                                                Fa0/5, Fa0/7, Fa0/8, Fa0/9
                                                Fa0/10, Gi0/1, Gi0/2
10   Student                          active    Fa0/6, Fa0/12, Fa0/13, Fa0/14
                                                Fa0/15, Fa0/16, Fa0/17, Fa0/18
                                                Fa0/19, Fa0/20, Fa0/22, Fa0/23
20   Faculty                          active    Fa0/11, Fa0/21
99   Management                       active
1002 fddi-default                     act/unsup
1003 token-ring-default               act/unsup
1004 fddinet-default                  act/unsup
1005 trnet-default                    act/unsup
S1(config)# no switchport access vlan
                ^
% Invalid input detected at '^' marker.

S1(config)#int fa0/24
S1(config-if)# no switchport access vlan
S1(config-if)#do show vlan brief

VLAN Name                             Status    Ports
---- -------------------------------- --------- -------------------------------
1    default                          active    Fa0/1, Fa0/2, Fa0/3, Fa0/4
                                                Fa0/5, Fa0/7, Fa0/8, Fa0/9
                                                Fa0/10, Fa0/24, Gi0/1, Gi0/2
10   Student                          active    Fa0/6, Fa0/12, Fa0/13, Fa0/14
                                                Fa0/15, Fa0/16, Fa0/17, Fa0/18
                                                Fa0/19, Fa0/20, Fa0/22, Fa0/23
20   Faculty                          active    Fa0/11, Fa0/21
99   Management                       active
1002 fddi-default                     act/unsup
1003 token-ring-default               act/unsup
1004 fddinet-default                  act/unsup
1005 trnet-default                    act/unsup
S1(config-if)#exit
S1(config)#interface f0/1
S1(config-if)#swtichport
S1(config-if)#swtichport mode dy
S1(config-if)#switchport mode dy
S1(config-if)#switchport mode dynamic des
S1(config-if)#switchport mode dynamic desirable
S1(config-if)#
*Mar  1 00:48:17.626: %LINEPROTO-5-UPDOWN: Line protocol on Interface Vlan1, changed state to down
*Mar  1 00:48:18.624: %LINEPROTO-5-UPDOWN: Line protocol on Interface FastEthernet0/1, changed state to down
*Mar  1 00:48:21.644: %LINEPROTO-5-UPDOWN: Line protocol on Interface FastEthernet0/1, changed state to up
*Mar  1 00:48:50.660: %LINEPROTO-5-UPDOWN: Line protocol on Interface Vlan1, changed state to up
*Mar  1 00:48:50.669: %LINEPROTO-5-UPDOWN: Line protocol on Interface Vlan99, changed state to up
S1(config-if)#exit
S1(config)#do show vlan brief

VLAN Name                             Status    Ports
---- -------------------------------- --------- -------------------------------
1    default                          active    Fa0/2, Fa0/3, Fa0/4, Fa0/5
                                                Fa0/7, Fa0/8, Fa0/9, Fa0/10
                                                Fa0/24, Gi0/1, Gi0/2
10   Student                          active    Fa0/6, Fa0/12, Fa0/13, Fa0/14
                                                Fa0/15, Fa0/16, Fa0/17, Fa0/18
                                                Fa0/19, Fa0/20, Fa0/22, Fa0/23
20   Faculty                          active    Fa0/11, Fa0/21
99   Management                       active
1002 fddi-default                     act/unsup
1003 token-ring-default               act/unsup
1004 fddinet-default                  act/unsup
1005 trnet-default                    act/unsup
S1(config)#do show int truck
show int truck
            ^
% Invalid input detected at '^' marker.

S1(config)#do show interface trunk

Port        Mode             Encapsulation  Status        Native vlan
Fa0/1       desirable        802.1q         trunking      1

Port        Vlans allowed on trunk
Fa0/1       1-4094

Port        Vlans allowed and active in management domain
Fa0/1       1,10,20,99

Port        Vlans in spanning tree forwarding state and not pruned
Fa0/1       1,10,20,99
S1(config)#do show running-config
Building configuration...

Current configuration : 2281 bytes
!
version 12.2
no service pad
service timestamps debug datetime msec
service timestamps log datetime msec
no service password-encryption
!
hostname S1
!
boot-start-marker
boot-end-marker
!
!
!
!
no aaa new-model
system mtu routing 1500
!
!
!
!
!
!
!
!
spanning-tree mode pvst
spanning-tree extend system-id
!
vlan internal allocation policy ascending
!
!
!
interface FastEthernet0/1
 switchport mode dynamic desirable
!
interface FastEthernet0/2
 shutdown
!
interface FastEthernet0/3
 shutdown
!
interface FastEthernet0/4
 shutdown
!
interface FastEthernet0/5
 shutdown
!
interface FastEthernet0/6
 switchport access vlan 10
 switchport mode access
!
interface FastEthernet0/7
 shutdown
!
interface FastEthernet0/8
 shutdown
!
interface FastEthernet0/9
 shutdown
!
interface FastEthernet0/10
 shutdown
!
interface FastEthernet0/11
 switchport access vlan 20
 switchport mode access
 shutdown
!
interface FastEthernet0/12
 switchport access vlan 10
 switchport mode access
 shutdown
!
interface FastEthernet0/13
 switchport access vlan 10
 switchport mode access
 shutdown
!
interface FastEthernet0/14
 switchport access vlan 10
 switchport mode access
 shutdown
!
interface FastEthernet0/15
 switchport access vlan 10
 switchport mode access
 shutdown
!
interface FastEthernet0/16
 switchport access vlan 10
 switchport mode access
 shutdown
!
interface FastEthernet0/17
 switchport access vlan 10
 switchport mode access
 shutdown
!
interface FastEthernet0/18
 switchport access vlan 10
 switchport mode access
 shutdown
!
interface FastEthernet0/19
 switchport access vlan 10
 switchport mode access
 shutdown
!
interface FastEthernet0/20
 switchport access vlan 10
 switchport mode access
 shutdown
!
interface FastEthernet0/21
 switchport access vlan 20
 switchport mode access
 shutdown
!
interface FastEthernet0/22
 switchport access vlan 10
 switchport mode access
 shutdown
!
interface FastEthernet0/23
 switchport access vlan 10
 switchport mode access
 shutdown
!
interface FastEthernet0/24
 switchport mode access
 shutdown
!
interface GigabitEthernet0/1
 shutdown
!
interface GigabitEthernet0/2
 shutdown
!
interface Vlan1
 no ip address
!
interface Vlan99
 ip address 192.168.1.11 255.255.255.0
!
ip http server
ip http secure-server
!
line con 0
line vty 5 15
!
end

S1(config)#interface f0/1
S1(config-if)#swit
S1(config-if)#switchport mode trunk
S1(config-if)#exit
S1(config)#do show interface trunk

Port        Mode             Encapsulation  Status        Native vlan
Fa0/1       on               802.1q         trunking      1

Port        Vlans allowed on trunk
Fa0/1       1-4094

Port        Vlans allowed and active in management domain
Fa0/1       1,10,20,99

Port        Vlans in spanning tree forwarding state and not pruned
Fa0/1       1,10,20,99
S1(config)#do show flash

Directory of flash:/

    2  -rwx         736   Mar 1 1993 00:43:49 +00:00  vlan.dat
    3  -rwx        1048   Mar 1 1993 00:00:59 +00:00  multiple-fs
    4  drwx          64   Mar 1 1993 00:03:26 +00:00  Preconf2
    6  drwx         192   Mar 1 1993 00:31:33 +00:00  c2960-lanbasek9-mz.122-55.SE7

32514048 bytes total (18997760 bytes free)
S1(config)#delete vlan.dat
             ^
% Invalid input detected at '^' marker.

S1(config)#do delete vlan.dat
Delete filename [vlan.dat]?
Delete flash:vlan.dat? [confirm]
S1(config)#era
S1(config)#er
S1(config)#show flash
             ^
% Invalid input detected at '^' marker.

S1(config)#do show flash

Directory of flash:/

    3  -rwx        1048   Mar 1 1993 00:00:59 +00:00  multiple-fs
    4  drwx          64   Mar 1 1993 00:03:26 +00:00  Preconf2
    6  drwx         192   Mar 1 1993 00:31:33 +00:00  c2960-lanbasek9-mz.122-55.SE7

32514048 bytes total (18999296 bytes free)
S1(config)#do erase startup-config
Erasing the nvram filesystem will remove all configuration files! Continue? [confirm]
[OK]
Erase of nvram: complete
S1(config)#
*Mar  1 00:55:53.975: %SYS-7-NV_BLOCK_INIT: Initialized the geometry of nvram
S1(config)#reload
             ^
% Invalid input detected at '^' marker.

S1(config)#do reload

System configuration has been modified. Save? [yes/no]: n
Proceed with reload? [confirm]

*Mar  1 00:56:07.346: %SYS-5-RELOAD: Reload requested by console. Reload reason: Reload command
Boot Sector Filesystem (bs) installed, fsid: 2
Base ethernet MAC Address: c4:14:3c:5a:82:00
Xmodem file system is available.
The password-recovery mechanism is enabled.
Initializing Flash...

S2>enable
S2#show flash

Directory of flash:/

    2  -rwx     9825024   Jan 1 1970 03:00:23 +00:00  c2960-lanbasek9-mz.122-55.SE10.bin
    3  -rwx        1048   Mar 1 1993 00:01:00 +00:00  multiple-fs
    4  drwx         192   Mar 1 1993 00:57:18 +00:00  c2960-lanbasek9-mz.122-55.SE10
    5  -rwx         616   Mar 1 1993 00:23:21 +00:00  vlan.dat
  562  -rwx         108   Mar 1 1993 01:00:13 +00:00  info

32514048 bytes total (9165312 bytes free)
S2#delete vlan.dat
Delete filename [vlan.dat]?
Delete flash:vlan.dat? [confirm]
S2#erase startup-config
Erasing the nvram filesystem will remove all configuration files! Continue? [confirm]
[OK]
Erase of nvram: complete
S2#
*Mar  1 00:48:12.903: %SYS-7-NV_BLOCK_INIT: Initialized the geometry of nvram
S2#reload

System configuration has been modified. Save? [yes/no]: n
Proceed with reload? [confirm]

*Mar  1 00:48:20.134: %SYS-5-RELOAD: Reload requested by console. Reload reason: Reload command


S1(config)#do show running-config
Building configuration...

Current configuration : 2281 bytes
!
version 12.2
no service pad
service timestamps debug datetime msec
service timestamps log datetime msec
no service password-encryption
!
hostname S1
!
boot-start-marker
boot-end-marker
!
!
!
!
no aaa new-model
system mtu routing 1500
!
!
!
!
!
!
!
!
spanning-tree mode pvst
spanning-tree extend system-id
!
vlan internal allocation policy ascending
!
!
!
interface FastEthernet0/1
 switchport mode dynamic desirable
!
interface FastEthernet0/2
 shutdown
!
interface FastEthernet0/3
 shutdown
!
interface FastEthernet0/4
 shutdown
!
interface FastEthernet0/5
 shutdown
!
interface FastEthernet0/6
 switchport access vlan 10
 switchport mode access
!
interface FastEthernet0/7
 shutdown
!
interface FastEthernet0/8
 shutdown
!
interface FastEthernet0/9
 shutdown
!
interface FastEthernet0/10
 shutdown
!
interface FastEthernet0/11
 switchport access vlan 20
 switchport mode access
 shutdown
!
interface FastEthernet0/12
 switchport access vlan 10
 switchport mode access
 shutdown
!
interface FastEthernet0/13
 switchport access vlan 10
 switchport mode access
 shutdown
!
interface FastEthernet0/14
 switchport access vlan 10
 switchport mode access
 shutdown
!
interface FastEthernet0/15
 switchport access vlan 10
 switchport mode access
 shutdown
!
interface FastEthernet0/16
 switchport access vlan 10
 switchport mode access
 shutdown
!
interface FastEthernet0/17
 switchport access vlan 10
 switchport mode access
 shutdown
!
interface FastEthernet0/18
 switchport access vlan 10
 switchport mode access
 shutdown
!
interface FastEthernet0/19
 switchport access vlan 10
 switchport mode access
 shutdown
!
interface FastEthernet0/20
 switchport access vlan 10
 switchport mode access
 shutdown
!
interface FastEthernet0/21
 switchport access vlan 20
 switchport mode access
 shutdown
!
interface FastEthernet0/22
 switchport access vlan 10
 switchport mode access
 shutdown
!
interface FastEthernet0/23
 switchport access vlan 10
 switchport mode access
 shutdown
!
interface FastEthernet0/24
 switchport mode access
 shutdown
!
interface GigabitEthernet0/1
 shutdown
!
interface GigabitEthernet0/2
 shutdown
!
interface Vlan1
 no ip address
!
interface Vlan99
 ip address 192.168.1.11 255.255.255.0
!
ip http server
ip http secure-server
!
line con 0
line vty 5 15
!
end

S1(config)#



